37.11.108.0 - - [17/Apr/2023:16:15:19 +0200] "POST /wp-admin/admin-ajax.php HTTP/1.1" 200 77 millionairesys.com "https://millionairesys.com/wp-admin/post.php?post=15&action=elementor" "Mozilla/5.0 (Windows NT 10.0; Win64; x64) AppleWebKit/537.36 (KHTML, like Gecko) Chrome/112.0.0.0 Safari/537.36" "-"
82.165.80.0 - - [17/Apr/2023:16:15:20 +0200] "POST /wp-cron.php?doing_wp_cron=1681740920.3539769649505615234375 HTTP/1.1" 200 - millionairesys.com "https://millionairesys.com/wp-cron.php?doing_wp_cron=1681740920.3539769649505615234375" "WordPress/6.0.1; https://millionairesys.com" "-"
37.11.108.0 - - [17/Apr/2023:16:17:19 +0200] "POST /wp-admin/admin-ajax.php HTTP/1.1" 200 77 millionairesys.com "https://millionairesys.com/wp-admin/post.php?post=15&action=elementor" "Mozilla/5.0 (Windows NT 10.0; Win64; x64) AppleWebKit/537.36 (KHTML, like Gecko) Chrome/112.0.0.0 Safari/537.36" "-"
82.165.80.0 - - [17/Apr/2023:16:17:20 +0200] "POST /wp-cron.php?doing_wp_cron=1681741040.2778179645538330078125 HTTP/1.1" 200 - millionairesys.com "https://millionairesys.com/wp-cron.php?doing_wp_cron=1681741040.2778179645538330078125" "WordPress/6.0.1; https://millionairesys.com" "-"
37.11.108.0 - - [17/Apr/2023:16:19:19 +0200] "POST /wp-admin/admin-ajax.php HTTP/1.1" 200 77 millionairesys.com "https://millionairesys.com/wp-admin/post.php?post=15&action=elementor" "Mozilla/5.0 (Windows NT 10.0; Win64; x64) AppleWebKit/537.36 (KHTML, like Gecko) Chrome/112.0.0.0 Safari/537.36" "-"
82.165.80.0 - - [17/Apr/2023:16:19:20 +0200] "POST /wp-cron.php?doing_wp_cron=1681741160.3244450092315673828125 HTTP/1.1" 200 - millionairesys.com "https://millionairesys.com/wp-cron.php?doing_wp_cron=1681741160.3244450092315673828125" "WordPress/6.0.1; https://millionairesys.com" "-"
82.165.80.0 - - [17/Apr/2023:16:20:28 +0200] "POST /wp-cron.php?doing_wp_cron=1681741228.6007010936737060546875 HTTP/1.1" 200 - millionairesys.com "http://millionairesys.com/wp-cron.php?doing_wp_cron=1681741228.6007010936737060546875" "WordPress/6.0.1; https://millionairesys.com" "-"
2404:8c80:: - - [17/Apr/2023:16:20:27 +0200] "GET /wp-includes/certificates/themes.php HTTP/1.1" 404 70866 millionairesys.com "http://simplesite.com" "Mozilla/5.0 (Windows; U; Windows NT 5.1; en-US) AppleWebKit/533.4 (KHTML, like Gecko) Chrome/5.0.375.99 Safari/533.4" "-"
37.11.108.0 - - [17/Apr/2023:16:21:19 +0200] "POST /wp-admin/admin-ajax.php HTTP/1.1" 200 77 millionairesys.com "https://millionairesys.com/wp-admin/post.php?post=15&action=elementor" "Mozilla/5.0 (Windows NT 10.0; Win64; x64) AppleWebKit/537.36 (KHTML, like Gecko) Chrome/112.0.0.0 Safari/537.36" "-"
82.165.80.0 - - [17/Apr/2023:16:21:20 +0200] "POST /wp-cron.php?doing_wp_cron=1681741280.5583560466766357421875 HTTP/1.1" 200 - millionairesys.com "https://millionairesys.com/wp-cron.php?doing_wp_cron=1681741280.5583560466766357421875" "WordPress/6.0.1; https://millionairesys.com" "-"
37.11.108.0 - - [17/Apr/2023:16:21:53 +0200] "POST /wp-admin/admin-ajax.php HTTP/1.1" 200 77 millionairesys.com "https://millionairesys.com/wp-admin/post.php?post=15&action=elementor" "Mozilla/5.0 (Windows NT 10.0; Win64; x64) AppleWebKit/537.36 (KHTML, like Gecko) Chrome/112.0.0.0 Safari/537.36" "-"
82.165.80.0 - - [17/Apr/2023:16:21:54 +0200] "POST /wp-cron.php?doing_wp_cron=1681741314.3376319408416748046875 HTTP/1.1" 200 - millionairesys.com "https://millionairesys.com/wp-cron.php?doing_wp_cron=1681741314.3376319408416748046875" "WordPress/6.0.1; https://millionairesys.com" "-"
37.11.108.0 - - [17/Apr/2023:16:23:53 +0200] "POST /wp-admin/admin-ajax.php HTTP/1.1" 200 77 millionairesys.com "https://millionairesys.com/wp-admin/post.php?post=15&action=elementor" "Mozilla/5.0 (Windows NT 10.0; Win64; x64) AppleWebKit/537.36 (KHTML, like Gecko) Chrome/112.0.0.0 Safari/537.36" "-"
82.165.80.0 - - [17/Apr/2023:16:23:54 +0200] "POST /wp-cron.php?doing_wp_cron=1681741434.7872939109802246093750 HTTP/1.1" 200 - millionairesys.com "https://millionairesys.com/wp-cron.php?doing_wp_cron=1681741434.7872939109802246093750" "WordPress/6.0.1; https://millionairesys.com" "-"
37.11.108.0 - - [17/Apr/2023:16:25:54 +0200] "POST /wp-admin/admin-ajax.php HTTP/1.1" 200 77 millionairesys.com "https://millionairesys.com/wp-admin/post.php?post=15&action=elementor" "Mozilla/5.0 (Windows NT 10.0; Win64; x64) AppleWebKit/537.36 (KHTML, like Gecko) Chrome/112.0.0.0 Safari/537.36" "-"
82.165.80.0 - - [17/Apr/2023:16:25:55 +0200] "POST /wp-cron.php?doing_wp_cron=1681741555.8203520774841308593750 HTTP/1.1" 200 - millionairesys.com "https://millionairesys.com/wp-cron.php?doing_wp_cron=1681741555.8203520774841308593750" "WordPress/6.0.1; https://millionairesys.com" "-"
37.11.108.0 - - [17/Apr/2023:16:27:55 +0200] "POST /wp-admin/admin-ajax.php HTTP/1.1" 200 77 millionairesys.com "https://millionairesys.com/wp-admin/post.php?post=15&action=elementor" "Mozilla/5.0 (Windows NT 10.0; Win64; x64) AppleWebKit/537.36 (KHTML, like Gecko) Chrome/112.0.0.0 Safari/537.36" "-"
82.165.80.0 - - [17/Apr/2023:16:27:56 +0200] "POST /wp-cron.php?doing_wp_cron=1681741676.7806611061096191406250 HTTP/1.1" 200 - millionairesys.com "https://millionairesys.com/wp-cron.php?doing_wp_cron=1681741676.7806611061096191406250" "WordPress/6.0.1; https://millionairesys.com" "-"
37.11.108.0 - - [17/Apr/2023:16:29:22 +0200] "POST /wp-admin/admin-ajax.php HTTP/1.1" 200 77 millionairesys.com "https://millionairesys.com/wp-admin/post.php?post=15&action=elementor" "Mozilla/5.0 (Windows NT 10.0; Win64; x64) AppleWebKit/537.36 (KHTML, like Gecko) Chrome/112.0.0.0 Safari/537.36" "-"
82.165.80.0 - - [17/Apr/2023:16:29:23 +0200] "POST /wp-cron.php?doing_wp_cron=1681741763.0586121082305908203125 HTTP/1.1" 200 - millionairesys.com "https://millionairesys.com/wp-cron.php?doing_wp_cron=1681741763.0586121082305908203125" "WordPress/6.0.1; https://millionairesys.com" "-"
37.11.108.0 - - [17/Apr/2023:16:29:37 +0200] "POST /wp-admin/admin-ajax.php HTTP/1.1" 200 77 millionairesys.com "https://millionairesys.com/wp-admin/post.php?post=15&action=elementor" "Mozilla/5.0 (Windows NT 10.0; Win64; x64) AppleWebKit/537.36 (KHTML, like Gecko) Chrome/112.0.0.0 Safari/537.36" "-"
82.165.80.0 - - [17/Apr/2023:16:29:38 +0200] "POST /wp-cron.php?doing_wp_cron=1681741778.0804350376129150390625 HTTP/1.1" 200 - millionairesys.com "https://millionairesys.com/wp-cron.php?doing_wp_cron=1681741778.0804350376129150390625" "WordPress/6.0.1; https://millionairesys.com" "-"
37.11.108.0 - - [17/Apr/2023:16:29:52 +0200] "POST /wp-admin/admin-ajax.php HTTP/1.1" 200 77 millionairesys.com "https://millionairesys.com/wp-admin/post.php?post=15&action=elementor" "Mozilla/5.0 (Windows NT 10.0; Win64; x64) AppleWebKit/537.36 (KHTML, like Gecko) Chrome/112.0.0.0 Safari/537.36" "-"
37.11.108.0 - - [17/Apr/2023:16:30:07 +0200] "POST /wp-admin/admin-ajax.php HTTP/1.1" 200 77 millionairesys.com "https://millionairesys.com/wp-admin/post.php?post=15&action=elementor" "Mozilla/5.0 (Windows NT 10.0; Win64; x64) AppleWebKit/537.36 (KHTML, like Gecko) Chrome/112.0.0.0 Safari/537.36" "-"
37.11.108.0 - - [17/Apr/2023:16:30:22 +0200] "POST /wp-admin/admin-ajax.php HTTP/1.1" 200 77 millionairesys.com "https://millionairesys.com/wp-admin/post.php?post=15&action=elementor" "Mozilla/5.0 (Windows NT 10.0; Win64; x64) AppleWebKit/537.36 (KHTML, like Gecko) Chrome/112.0.0.0 Safari/537.36" "-"
37.11.108.0 - - [17/Apr/2023:16:30:37 +0200] "POST /wp-admin/admin-ajax.php HTTP/1.1" 200 77 millionairesys.com "https://millionairesys.com/wp-admin/post.php?post=15&action=elementor" "Mozilla/5.0 (Windows NT 10.0; Win64; x64) AppleWebKit/537.36 (KHTML, like Gecko) Chrome/112.0.0.0 Safari/537.36" "-"
82.165.80.0 - - [17/Apr/2023:16:30:38 +0200] "POST /wp-cron.php?doing_wp_cron=1681741838.0400860309600830078125 HTTP/1.1" 200 - millionairesys.com "https://millionairesys.com/wp-cron.php?doing_wp_cron=1681741838.0400860309600830078125" "WordPress/6.0.1; https://millionairesys.com" "-"
37.11.108.0 - - [17/Apr/2023:16:30:52 +0200] "POST /wp-admin/admin-ajax.php HTTP/1.1" 200 77 millionairesys.com "https://millionairesys.com/wp-admin/post.php?post=15&action=elementor" "Mozilla/5.0 (Windows NT 10.0; Win64; x64) AppleWebKit/537.36 (KHTML, like Gecko) Chrome/112.0.0.0 Safari/537.36" "-"
37.11.108.0 - - [17/Apr/2023:16:31:07 +0200] "POST /wp-admin/admin-ajax.php HTTP/1.1" 200 77 millionairesys.com "https://millionairesys.com/wp-admin/post.php?post=15&action=elementor" "Mozilla/5.0 (Windows NT 10.0; Win64; x64) AppleWebKit/537.36 (KHTML, like Gecko) Chrome/112.0.0.0 Safari/537.36" "-"
37.11.108.0 - - [17/Apr/2023:16:31:22 +0200] "POST /wp-admin/admin-ajax.php HTTP/1.1" 200 77 millionairesys.com "https://millionairesys.com/wp-admin/post.php?post=15&action=elementor" "Mozilla/5.0 (Windows NT 10.0; Win64; x64) AppleWebKit/537.36 (KHTML, like Gecko) Chrome/112.0.0.0 Safari/537.36" "-"
37.11.108.0 - - [17/Apr/2023:16:32:02 +0200] "POST /wp-admin/admin-ajax.php HTTP/1.1" 200 77 millionairesys.com "https://millionairesys.com/wp-admin/post.php?post=15&action=elementor" "Mozilla/5.0 (Windows NT 10.0; Win64; x64) AppleWebKit/537.36 (KHTML, like Gecko) Chrome/112.0.0.0 Safari/537.36" "-"
82.165.80.0 - - [17/Apr/2023:16:32:03 +0200] "POST /wp-cron.php?doing_wp_cron=1681741923.6999568939208984375000 HTTP/1.1" 200 - millionairesys.com "https://millionairesys.com/wp-cron.php?doing_wp_cron=1681741923.6999568939208984375000" "WordPress/6.0.1; https://millionairesys.com" "-"
37.11.108.0 - - [17/Apr/2023:16:32:18 +0200] "POST /wp-admin/admin-ajax.php HTTP/1.1" 200 77 millionairesys.com "https://millionairesys.com/wp-admin/post.php?post=15&action=elementor" "Mozilla/5.0 (Windows NT 10.0; Win64; x64) AppleWebKit/537.36 (KHTML, like Gecko) Chrome/112.0.0.0 Safari/537.36" "-"
37.11.108.0 - - [17/Apr/2023:16:33:11 +0200] "POST /wp-admin/admin-ajax.php HTTP/1.1" 200 77 millionairesys.com "https://millionairesys.com/wp-admin/post.php?post=15&action=elementor" "Mozilla/5.0 (Windows NT 10.0; Win64; x64) AppleWebKit/537.36 (KHTML, like Gecko) Chrome/112.0.0.0 Safari/537.36" "-"
82.165.80.0 - - [17/Apr/2023:16:33:12 +0200] "POST /wp-cron.php?doing_wp_cron=1681741991.9959769248962402343750 HTTP/1.1" 200 - millionairesys.com "https://millionairesys.com/wp-cron.php?doing_wp_cron=1681741991.9959769248962402343750" "WordPress/6.0.1; https://millionairesys.com" "-"
37.11.108.0 - - [17/Apr/2023:16:33:26 +0200] "POST /wp-admin/admin-ajax.php HTTP/1.1" 200 77 millionairesys.com "https://millionairesys.com/wp-admin/post.php?post=15&action=elementor" "Mozilla/5.0 (Windows NT 10.0; Win64; x64) AppleWebKit/537.36 (KHTML, like Gecko) Chrome/112.0.0.0 Safari/537.36" "-"
37.11.108.0 - - [17/Apr/2023:16:35:27 +0200] "POST /wp-admin/admin-ajax.php HTTP/1.1" 200 77 millionairesys.com "https://millionairesys.com/wp-admin/post.php?post=15&action=elementor" "Mozilla/5.0 (Windows NT 10.0; Win64; x64) AppleWebKit/537.36 (KHTML, like Gecko) Chrome/112.0.0.0 Safari/537.36" "-"
82.165.80.0 - - [17/Apr/2023:16:35:28 +0200] "POST /wp-cron.php?doing_wp_cron=1681742128.8220400810241699218750 HTTP/1.1" 200 - millionairesys.com "https://millionairesys.com/wp-cron.php?doing_wp_cron=1681742128.8220400810241699218750" "WordPress/6.0.1; https://millionairesys.com" "-"
37.11.108.0 - - [17/Apr/2023:16:37:28 +0200] "POST /wp-admin/admin-ajax.php HTTP/1.1" 200 77 millionairesys.com "https://millionairesys.com/wp-admin/post.php?post=15&action=elementor" "Mozilla/5.0 (Windows NT 10.0; Win64; x64) AppleWebKit/537.36 (KHTML, like Gecko) Chrome/112.0.0.0 Safari/537.36" "-"
82.165.80.0 - - [17/Apr/2023:16:37:29 +0200] "POST /wp-cron.php?doing_wp_cron=1681742249.7629530429840087890625 HTTP/1.1" 200 - millionairesys.com "https://millionairesys.com/wp-cron.php?doing_wp_cron=1681742249.7629530429840087890625" "WordPress/6.0.1; https://millionairesys.com" "-"
37.11.108.0 - - [17/Apr/2023:16:39:29 +0200] "POST /wp-admin/admin-ajax.php HTTP/1.1" 200 77 millionairesys.com "https://millionairesys.com/wp-admin/post.php?post=15&action=elementor" "Mozilla/5.0 (Windows NT 10.0; Win64; x64) AppleWebKit/537.36 (KHTML, like Gecko) Chrome/112.0.0.0 Safari/537.36" "-"
82.165.80.0 - - [17/Apr/2023:16:39:30 +0200] "POST /wp-cron.php?doing_wp_cron=1681742370.7520389556884765625000 HTTP/1.1" 200 - millionairesys.com "https://millionairesys.com/wp-cron.php?doing_wp_cron=1681742370.7520389556884765625000" "WordPress/6.0.1; https://millionairesys.com" "-"
37.11.108.0 - - [17/Apr/2023:16:41:30 +0200] "POST /wp-admin/admin-ajax.php HTTP/1.1" 200 77 millionairesys.com "https://millionairesys.com/wp-admin/post.php?post=15&action=elementor" "Mozilla/5.0 (Windows NT 10.0; Win64; x64) AppleWebKit/537.36 (KHTML, like Gecko) Chrome/112.0.0.0 Safari/537.36" "-"
82.165.80.0 - - [17/Apr/2023:16:41:31 +0200] "POST /wp-cron.php?doing_wp_cron=1681742491.9037621021270751953125 HTTP/1.1" 200 - millionairesys.com "https://millionairesys.com/wp-cron.php?doing_wp_cron=1681742491.9037621021270751953125" "WordPress/6.0.1; https://millionairesys.com" "-"
95.128.74.0 - - [17/Apr/2023:16:42:33 +0200] "GET /wp-admin/shellv3.php HTTP/1.1" 404 70781 millionairesys.com "http://simplesite.com" "Mozilla/5.0 (Windows; U; Windows NT 5.1; en-US) AppleWebKit/533.4 (KHTML, like Gecko) Chrome/5.0.375.99 Safari/533.4" "-"
82.165.80.0 - - [17/Apr/2023:16:42:34 +0200] "POST /wp-cron.php?doing_wp_cron=1681742554.3483519554138183593750 HTTP/1.1" 200 - millionairesys.com "http://millionairesys.com/wp-cron.php?doing_wp_cron=1681742554.3483519554138183593750" "WordPress/6.0.1; https://millionairesys.com" "-"
37.11.108.0 - - [17/Apr/2023:16:43:31 +0200] "POST /wp-admin/admin-ajax.php HTTP/1.1" 200 77 millionairesys.com "https://millionairesys.com/wp-admin/post.php?post=15&action=elementor" "Mozilla/5.0 (Windows NT 10.0; Win64; x64) AppleWebKit/537.36 (KHTML, like Gecko) Chrome/112.0.0.0 Safari/537.36" "-"
82.165.80.0 - - [17/Apr/2023:16:43:32 +0200] "POST /wp-cron.php?doing_wp_cron=1681742612.7264070510864257812500 HTTP/1.1" 200 - millionairesys.com "https://millionairesys.com/wp-cron.php?doing_wp_cron=1681742612.7264070510864257812500" "WordPress/6.0.1; https://millionairesys.com" "-"
37.11.108.0 - - [17/Apr/2023:16:45:32 +0200] "POST /wp-admin/admin-ajax.php HTTP/1.1" 200 77 millionairesys.com "https://millionairesys.com/wp-admin/post.php?post=15&action=elementor" "Mozilla/5.0 (Windows NT 10.0; Win64; x64) AppleWebKit/537.36 (KHTML, like Gecko) Chrome/112.0.0.0 Safari/537.36" "-"
82.165.80.0 - - [17/Apr/2023:16:45:33 +0200] "POST /wp-cron.php?doing_wp_cron=1681742733.7828760147094726562500 HTTP/1.1" 200 - millionairesys.com "https://millionairesys.com/wp-cron.php?doing_wp_cron=1681742733.7828760147094726562500" "WordPress/6.0.1; https://millionairesys.com" "-"
82.165.80.0 - - [17/Apr/2023:16:47:34 +0200] "POST /wp-cron.php?doing_wp_cron=1681742854.8170909881591796875000 HTTP/1.1" 200 - millionairesys.com "https://millionairesys.com/wp-cron.php?doing_wp_cron=1681742854.8170909881591796875000" "WordPress/6.0.1; https://millionairesys.com" "-"
37.11.108.0 - - [17/Apr/2023:16:47:34 +0200] "POST /wp-admin/admin-ajax.php HTTP/1.1" 200 77 millionairesys.com "https://millionairesys.com/wp-admin/post.php?post=15&action=elementor" "Mozilla/5.0 (Windows NT 10.0; Win64; x64) AppleWebKit/537.36 (KHTML, like Gecko) Chrome/112.0.0.0 Safari/537.36" "-"
37.11.108.0 - - [17/Apr/2023:16:49:34 +0200] "POST /wp-admin/admin-ajax.php HTTP/1.1" 200 77 millionairesys.com "https://millionairesys.com/wp-admin/post.php?post=15&action=elementor" "Mozilla/5.0 (Windows NT 10.0; Win64; x64) AppleWebKit/537.36 (KHTML, like Gecko) Chrome/112.0.0.0 Safari/537.36" "-"
82.165.80.0 - - [17/Apr/2023:16:49:35 +0200] "POST /wp-cron.php?doing_wp_cron=1681742975.7938349246978759765625 HTTP/1.1" 200 - millionairesys.com "https://millionairesys.com/wp-cron.php?doing_wp_cron=1681742975.7938349246978759765625" "WordPress/6.0.1; https://millionairesys.com" "-"
37.11.108.0 - - [17/Apr/2023:16:51:35 +0200] "POST /wp-admin/admin-ajax.php HTTP/1.1" 200 77 millionairesys.com "https://millionairesys.com/wp-admin/post.php?post=15&action=elementor" "Mozilla/5.0 (Windows NT 10.0; Win64; x64) AppleWebKit/537.36 (KHTML, like Gecko) Chrome/112.0.0.0 Safari/537.36" "-"
82.165.80.0 - - [17/Apr/2023:16:51:36 +0200] "POST /wp-cron.php?doing_wp_cron=1681743096.7686929702758789062500 HTTP/1.1" 200 - millionairesys.com "https://millionairesys.com/wp-cron.php?doing_wp_cron=1681743096.7686929702758789062500" "WordPress/6.0.1; https://millionairesys.com" "-"
37.11.108.0 - - [17/Apr/2023:16:53:36 +0200] "POST /wp-admin/admin-ajax.php HTTP/1.1" 200 77 millionairesys.com "https://millionairesys.com/wp-admin/post.php?post=15&action=elementor" "Mozilla/5.0 (Windows NT 10.0; Win64; x64) AppleWebKit/537.36 (KHTML, like Gecko) Chrome/112.0.0.0 Safari/537.36" "-"
82.165.80.0 - - [17/Apr/2023:16:53:37 +0200] "POST /wp-cron.php?doing_wp_cron=1681743217.8137419223785400390625 HTTP/1.1" 200 - millionairesys.com "https://millionairesys.com/wp-cron.php?doing_wp_cron=1681743217.8137419223785400390625" "WordPress/6.0.1; https://millionairesys.com" "-"
192.185.81.0 - - [17/Apr/2023:16:54:44 +0200] "GET /wp-content/uploads/2021/themes.php HTTP/1.1" 404 70866 millionairesys.com "http://simplesite.com" "Mozilla/5.0 (Windows; U; Windows NT 5.1; en-US) AppleWebKit/533.4 (KHTML, like Gecko) Chrome/5.0.375.99 Safari/533.4" "-"
82.165.80.0 - - [17/Apr/2023:16:54:45 +0200] "POST /wp-cron.php?doing_wp_cron=1681743285.2658069133758544921875 HTTP/1.1" 200 - millionairesys.com "http://millionairesys.com/wp-cron.php?doing_wp_cron=1681743285.2658069133758544921875" "WordPress/6.0.1; https://millionairesys.com" "-"
37.11.108.0 - - [17/Apr/2023:16:55:37 +0200] "POST /wp-admin/admin-ajax.php HTTP/1.1" 200 77 millionairesys.com "https://millionairesys.com/wp-admin/post.php?post=15&action=elementor" "Mozilla/5.0 (Windows NT 10.0; Win64; x64) AppleWebKit/537.36 (KHTML, like Gecko) Chrome/112.0.0.0 Safari/537.36" "-"
82.165.80.0 - - [17/Apr/2023:16:55:38 +0200] "POST /wp-cron.php?doing_wp_cron=1681743338.7214660644531250000000 HTTP/1.1" 200 - millionairesys.com "https://millionairesys.com/wp-cron.php?doing_wp_cron=1681743338.7214660644531250000000" "WordPress/6.0.1; https://millionairesys.com" "-"
37.11.108.0 - - [17/Apr/2023:16:57:38 +0200] "POST /wp-admin/admin-ajax.php HTTP/1.1" 200 77 millionairesys.com "https://millionairesys.com/wp-admin/post.php?post=15&action=elementor" "Mozilla/5.0 (Windows NT 10.0; Win64; x64) AppleWebKit/537.36 (KHTML, like Gecko) Chrome/112.0.0.0 Safari/537.36" "-"
82.165.80.0 - - [17/Apr/2023:16:57:39 +0200] "POST /wp-cron.php?doing_wp_cron=1681743459.7796430587768554687500 HTTP/1.1" 200 - millionairesys.com "https://millionairesys.com/wp-cron.php?doing_wp_cron=1681743459.7796430587768554687500" "WordPress/6.0.1; https://millionairesys.com" "-"
188.212.240.0 - - [17/Apr/2023:16:58:02 +0200] "POST / HTTP/1.1" 200 123811 www.millionairesys.com "-" "Mozilla/5.0 (Linux; Android 9; Hema5O) AppleWebKit/537.36 (KHTML, like Gecko) Chrome/104.0.5131.156 Mobile Safari/537.36" "-"
37.11.108.0 - - [17/Apr/2023:16:59:39 +0200] "POST /wp-admin/admin-ajax.php HTTP/1.1" 200 77 millionairesys.com "https://millionairesys.com/wp-admin/post.php?post=15&action=elementor" "Mozilla/5.0 (Windows NT 10.0; Win64; x64) AppleWebKit/537.36 (KHTML, like Gecko) Chrome/112.0.0.0 Safari/537.36" "-"
82.165.80.0 - - [17/Apr/2023:16:59:40 +0200] "POST /wp-cron.php?doing_wp_cron=1681743580.7726020812988281250000 HTTP/1.1" 200 - millionairesys.com "https://millionairesys.com/wp-cron.php?doing_wp_cron=1681743580.7726020812988281250000" "WordPress/6.0.1; https://millionairesys.com" "-"
37.11.108.0 - - [17/Apr/2023:17:01:40 +0200] "POST /wp-admin/admin-ajax.php HTTP/1.1" 200 77 millionairesys.com "https://millionairesys.com/wp-admin/post.php?post=15&action=elementor" "Mozilla/5.0 (Windows NT 10.0; Win64; x64) AppleWebKit/537.36 (KHTML, like Gecko) Chrome/112.0.0.0 Safari/537.36" "-"
82.165.80.0 - - [17/Apr/2023:17:01:41 +0200] "POST /wp-cron.php?doing_wp_cron=1681743701.8847548961639404296875 HTTP/1.1" 200 - millionairesys.com "https://millionairesys.com/wp-cron.php?doing_wp_cron=1681743701.8847548961639404296875" "WordPress/6.0.1; https://millionairesys.com" "-"
37.11.108.0 - - [17/Apr/2023:17:03:41 +0200] "POST /wp-admin/admin-ajax.php HTTP/1.1" 200 77 millionairesys.com "https://millionairesys.com/wp-admin/post.php?post=15&action=elementor" "Mozilla/5.0 (Windows NT 10.0; Win64; x64) AppleWebKit/537.36 (KHTML, like Gecko) Chrome/112.0.0.0 Safari/537.36" "-"
219.94.129.0 - - [17/Apr/2023:17:03:41 +0200] "POST /xmlrpc.php HTTP/1.1" 200 416 millionairesys.com "-" "Mozilla/5.0 (Windows; U; Windows NT 5.1; en-US; rv:1.7.10) Gecko/20050716 Firefox/1.0.6" "-"
82.165.80.0 - - [17/Apr/2023:17:03:42 +0200] "POST /wp-cron.php?doing_wp_cron=1681743822.0090529918670654296875 HTTP/1.1" 200 - millionairesys.com "https://millionairesys.com/wp-cron.php?doing_wp_cron=1681743822.0090529918670654296875" "WordPress/6.0.1; https://millionairesys.com" "-"
2a01:238:200:: - - [17/Apr/2023:17:03:42 +0200] "POST /xmlrpc.php HTTP/1.1" 200 416 millionairesys.com "-" "Mozilla/5.0 (Windows NT 10.0; Win64; x64) AppleWebKit/537.36 (KHTML, like Gecko) Chrome/60.0.3112.113 Safari/537.36" "-"
167.86.123.0 - - [17/Apr/2023:17:03:47 +0200] "POST /xmlrpc.php HTTP/1.1" 200 416 millionairesys.com "-" "Mozilla/5.0 (Windows NT 6.1; WOW64; rv:52.0) Gecko/20100101 Firefox/52.0" "-"
104.207.254.0 - - [17/Apr/2023:17:03:51 +0200] "POST /xmlrpc.php HTTP/1.1" 200 416 millionairesys.com "-" "Mozilla/5.0 (Windows NT 6.1; WOW64; rv:50.0) Gecko/20100101 Firefox/50.0" "-"
5.135.143.0 - - [17/Apr/2023:17:03:56 +0200] "POST /xmlrpc.php HTTP/1.1" 200 416 millionairesys.com "-" "Mozilla/5.0 (X11; Linux x86_64) AppleWebKit/537.36 (KHTML, like Gecko) Chrome/91.0.4472.114 Safari/537.36" "-"
199.59.90.0 - - [17/Apr/2023:17:03:57 +0200] "POST /xmlrpc.php HTTP/1.1" 200 451 millionairesys.com "-" "Mozilla/5.0 (Windows NT 10.0; Win64; x64; rv:66.0) Gecko/20100101 Firefox/66.0" "-"
128.199.67.0 - - [17/Apr/2023:17:04:07 +0200] "POST /xmlrpc.php HTTP/1.1" 200 416 millionairesys.com "-" "Mozilla/5.0 (Windows NT 10.0; Win64; x64; rv:58.0) Gecko/20100101 Firefox/58.0" "-"
2604:a00:: - - [17/Apr/2023:17:04:11 +0200] "POST /xmlrpc.php HTTP/1.1" 200 416 millionairesys.com "-" "Mozilla/5.0 (Windows NT 10.0; Win64; x64) AppleWebKit/537.36 (KHTML, like Gecko) Chrome/67.0.3396.99 Safari/537.36" "-"
5.39.4.0 - - [17/Apr/2023:17:04:16 +0200] "POST /xmlrpc.php HTTP/1.1" 200 416 millionairesys.com "-" "Mozilla/5.0 (Windows NT 10.0; WOW64) AppleWebKit/537.36 (KHTML, like Gecko) Chrome/72.0.3626.121 Safari/537.36" "-"
2a01:4f8:200:: - - [17/Apr/2023:17:04:18 +0200] "POST /xmlrpc.php HTTP/1.1" 200 416 millionairesys.com "-" "Mozilla/5.0 (Windows NT 6.1; WOW64; rv:54.0) Gecko/20100101 Firefox/54.0" "-"
35.214.190.0 - - [17/Apr/2023:17:04:25 +0200] "POST /xmlrpc.php HTTP/1.1" 200 416 millionairesys.com "-" "Mozilla/5.0 (Windows NT 6.1; WOW64; rv:45.0) Gecko/20100101 Firefox/45.0" "-"
5.39.4.0 - - [17/Apr/2023:17:04:37 +0200] "POST /xmlrpc.php HTTP/1.1" 200 452 millionairesys.com "-" "Mozilla/5.0 (Windows; U; Windows NT 5.1; en-US; rv:1.7.12) Gecko/20050915 Firefox/1.0.7" "-"
82.165.80.0 - - [17/Apr/2023:17:04:38 +0200] "POST /wp-cron.php?doing_wp_cron=1681743878.1534678936004638671875 HTTP/1.1" 200 - millionairesys.com "https://millionairesys.com/wp-cron.php?doing_wp_cron=1681743878.1534678936004638671875" "WordPress/6.0.1; https://millionairesys.com" "-"
37.11.108.0 - - [17/Apr/2023:17:05:42 +0200] "POST /wp-admin/admin-ajax.php HTTP/1.1" 200 77 millionairesys.com "https://millionairesys.com/wp-admin/post.php?post=15&action=elementor" "Mozilla/5.0 (Windows NT 10.0; Win64; x64) AppleWebKit/537.36 (KHTML, like Gecko) Chrome/112.0.0.0 Safari/537.36" "-"
82.165.80.0 - - [17/Apr/2023:17:05:43 +0200] "POST /wp-cron.php?doing_wp_cron=1681743943.7700250148773193359375 HTTP/1.1" 200 - millionairesys.com "https://millionairesys.com/wp-cron.php?doing_wp_cron=1681743943.7700250148773193359375" "WordPress/6.0.1; https://millionairesys.com" "-"
37.11.108.0 - - [17/Apr/2023:17:07:43 +0200] "POST /wp-admin/admin-ajax.php HTTP/1.1" 200 77 millionairesys.com "https://millionairesys.com/wp-admin/post.php?post=15&action=elementor" "Mozilla/5.0 (Windows NT 10.0; Win64; x64) AppleWebKit/537.36 (KHTML, like Gecko) Chrome/112.0.0.0 Safari/537.36" "-"
82.165.80.0 - - [17/Apr/2023:17:07:44 +0200] "POST /wp-cron.php?doing_wp_cron=1681744064.7748041152954101562500 HTTP/1.1" 200 - millionairesys.com "https://millionairesys.com/wp-cron.php?doing_wp_cron=1681744064.7748041152954101562500" "WordPress/6.0.1; https://millionairesys.com" "-"
37.11.108.0 - - [17/Apr/2023:17:09:44 +0200] "POST /wp-admin/admin-ajax.php HTTP/1.1" 200 77 millionairesys.com "https://millionairesys.com/wp-admin/post.php?post=15&action=elementor" "Mozilla/5.0 (Windows NT 10.0; Win64; x64) AppleWebKit/537.36 (KHTML, like Gecko) Chrome/112.0.0.0 Safari/537.36" "-"
82.165.80.0 - - [17/Apr/2023:17:09:45 +0200] "POST /wp-cron.php?doing_wp_cron=1681744185.7451410293579101562500 HTTP/1.1" 200 - millionairesys.com "https://millionairesys.com/wp-cron.php?doing_wp_cron=1681744185.7451410293579101562500" "WordPress/6.0.1; https://millionairesys.com" "-"
37.11.108.0 - - [17/Apr/2023:17:11:45 +0200] "POST /wp-admin/admin-ajax.php HTTP/1.1" 200 77 millionairesys.com "https://millionairesys.com/wp-admin/post.php?post=15&action=elementor" "Mozilla/5.0 (Windows NT 10.0; Win64; x64) AppleWebKit/537.36 (KHTML, like Gecko) Chrome/112.0.0.0 Safari/537.36" "-"
82.165.80.0 - - [17/Apr/2023:17:11:46 +0200] "POST /wp-cron.php?doing_wp_cron=1681744306.7724189758300781250000 HTTP/1.1" 200 - millionairesys.com "https://millionairesys.com/wp-cron.php?doing_wp_cron=1681744306.7724189758300781250000" "WordPress/6.0.1; https://millionairesys.com" "-"
37.11.108.0 - - [17/Apr/2023:17:13:46 +0200] "POST /wp-admin/admin-ajax.php HTTP/1.1" 200 77 millionairesys.com "https://millionairesys.com/wp-admin/post.php?post=15&action=elementor" "Mozilla/5.0 (Windows NT 10.0; Win64; x64) AppleWebKit/537.36 (KHTML, like Gecko) Chrome/112.0.0.0 Safari/537.36" "-"
82.165.80.0 - - [17/Apr/2023:17:13:47 +0200] "POST /wp-cron.php?doing_wp_cron=1681744427.7864871025085449218750 HTTP/1.1" 200 - millionairesys.com "https://millionairesys.com/wp-cron.php?doing_wp_cron=1681744427.7864871025085449218750" "WordPress/6.0.1; https://millionairesys.com" "-"
82.165.80.0 - - [17/Apr/2023:17:15:29 +0200] "POST /wp-cron.php?doing_wp_cron=1681744529.7400779724121093750000 HTTP/1.1" 200 - millionairesys.com "http://millionairesys.com/wp-cron.php?doing_wp_cron=1681744529.7400779724121093750000" "WordPress/6.0.1; https://millionairesys.com" "-"
148.72.82.0 - - [17/Apr/2023:17:15:29 +0200] "GET /mar.php HTTP/1.1" 404 70781 millionairesys.com "http://simplesite.com" "Mozilla/5.0 (Windows; U; Windows NT 5.1; en-US) AppleWebKit/533.4 (KHTML, like Gecko) Chrome/5.0.375.99 Safari/533.4" "-"
37.11.108.0 - - [17/Apr/2023:17:15:47 +0200] "POST /wp-admin/admin-ajax.php HTTP/1.1" 200 77 millionairesys.com "https://millionairesys.com/wp-admin/post.php?post=15&action=elementor" "Mozilla/5.0 (Windows NT 10.0; Win64; x64) AppleWebKit/537.36 (KHTML, like Gecko) Chrome/112.0.0.0 Safari/537.36" "-"
82.165.80.0 - - [17/Apr/2023:17:15:48 +0200] "POST /wp-cron.php?doing_wp_cron=1681744548.7110641002655029296875 HTTP/1.1" 200 - millionairesys.com "https://millionairesys.com/wp-cron.php?doing_wp_cron=1681744548.7110641002655029296875" "WordPress/6.0.1; https://millionairesys.com" "-"
37.11.108.0 - - [17/Apr/2023:17:17:48 +0200] "POST /wp-admin/admin-ajax.php HTTP/1.1" 200 77 millionairesys.com "https://millionairesys.com/wp-admin/post.php?post=15&action=elementor" "Mozilla/5.0 (Windows NT 10.0; Win64; x64) AppleWebKit/537.36 (KHTML, like Gecko) Chrome/112.0.0.0 Safari/537.36" "-"
82.165.80.0 - - [17/Apr/2023:17:17:49 +0200] "POST /wp-cron.php?doing_wp_cron=1681744669.6934249401092529296875 HTTP/1.1" 200 - millionairesys.com "https://millionairesys.com/wp-cron.php?doing_wp_cron=1681744669.6934249401092529296875" "WordPress/6.0.1; https://millionairesys.com" "-"
37.11.108.0 - - [17/Apr/2023:17:19:49 +0200] "POST /wp-admin/admin-ajax.php HTTP/1.1" 200 77 millionairesys.com "https://millionairesys.com/wp-admin/post.php?post=15&action=elementor" "Mozilla/5.0 (Windows NT 10.0; Win64; x64) AppleWebKit/537.36 (KHTML, like Gecko) Chrome/112.0.0.0 Safari/537.36" "-"
82.165.80.0 - - [17/Apr/2023:17:19:50 +0200] "POST /wp-cron.php?doing_wp_cron=1681744790.7603349685668945312500 HTTP/1.1" 200 - millionairesys.com "https://millionairesys.com/wp-cron.php?doing_wp_cron=1681744790.7603349685668945312500" "WordPress/6.0.1; https://millionairesys.com" "-"
37.11.108.0 - - [17/Apr/2023:17:21:50 +0200] "POST /wp-admin/admin-ajax.php HTTP/1.1" 200 77 millionairesys.com "https://millionairesys.com/wp-admin/post.php?post=15&action=elementor" "Mozilla/5.0 (Windows NT 10.0; Win64; x64) AppleWebKit/537.36 (KHTML, like Gecko) Chrome/112.0.0.0 Safari/537.36" "-"
82.165.80.0 - - [17/Apr/2023:17:21:51 +0200] "POST /wp-cron.php?doing_wp_cron=1681744911.9145240783691406250000 HTTP/1.1" 200 - millionairesys.com "https://millionairesys.com/wp-cron.php?doing_wp_cron=1681744911.9145240783691406250000" "WordPress/6.0.1; https://millionairesys.com" "-"
37.11.108.0 - - [17/Apr/2023:17:23:51 +0200] "POST /wp-admin/admin-ajax.php HTTP/1.1" 200 77 millionairesys.com "https://millionairesys.com/wp-admin/post.php?post=15&action=elementor" "Mozilla/5.0 (Windows NT 10.0; Win64; x64) AppleWebKit/537.36 (KHTML, like Gecko) Chrome/112.0.0.0 Safari/537.36" "-"
82.165.80.0 - - [17/Apr/2023:17:23:53 +0200] "POST /wp-cron.php?doing_wp_cron=1681745033.4395070075988769531250 HTTP/1.1" 200 - millionairesys.com "https://millionairesys.com/wp-cron.php?doing_wp_cron=1681745033.4395070075988769531250" "WordPress/6.0.1; https://millionairesys.com" "-"
37.11.108.0 - - [17/Apr/2023:17:25:52 +0200] "POST /wp-admin/admin-ajax.php HTTP/1.1" 200 77 millionairesys.com "https://millionairesys.com/wp-admin/post.php?post=15&action=elementor" "Mozilla/5.0 (Windows NT 10.0; Win64; x64) AppleWebKit/537.36 (KHTML, like Gecko) Chrome/112.0.0.0 Safari/537.36" "-"
82.165.80.0 - - [17/Apr/2023:17:25:53 +0200] "POST /wp-cron.php?doing_wp_cron=1681745153.7005450725555419921875 HTTP/1.1" 200 - millionairesys.com "https://millionairesys.com/wp-cron.php?doing_wp_cron=1681745153.7005450725555419921875" "WordPress/6.0.1; https://millionairesys.com" "-"
37.11.108.0 - - [17/Apr/2023:17:27:53 +0200] "POST /wp-admin/admin-ajax.php HTTP/1.1" 200 77 millionairesys.com "https://millionairesys.com/wp-admin/post.php?post=15&action=elementor" "Mozilla/5.0 (Windows NT 10.0; Win64; x64) AppleWebKit/537.36 (KHTML, like Gecko) Chrome/112.0.0.0 Safari/537.36" "-"
82.165.80.0 - - [17/Apr/2023:17:27:54 +0200] "POST /wp-cron.php?doing_wp_cron=1681745274.7478799819946289062500 HTTP/1.1" 200 - millionairesys.com "https://millionairesys.com/wp-cron.php?doing_wp_cron=1681745274.7478799819946289062500" "WordPress/6.0.1; https://millionairesys.com" "-"
37.11.108.0 - - [17/Apr/2023:17:29:54 +0200] "POST /wp-admin/admin-ajax.php HTTP/1.1" 200 77 millionairesys.com "https://millionairesys.com/wp-admin/post.php?post=15&action=elementor" "Mozilla/5.0 (Windows NT 10.0; Win64; x64) AppleWebKit/537.36 (KHTML, like Gecko) Chrome/112.0.0.0 Safari/537.36" "-"
82.165.80.0 - - [17/Apr/2023:17:29:55 +0200] "POST /wp-cron.php?doing_wp_cron=1681745395.8036439418792724609375 HTTP/1.1" 200 - millionairesys.com "https://millionairesys.com/wp-cron.php?doing_wp_cron=1681745395.8036439418792724609375" "WordPress/6.0.1; https://millionairesys.com" "-"
37.11.108.0 - - [17/Apr/2023:17:31:55 +0200] "POST /wp-admin/admin-ajax.php HTTP/1.1" 200 77 millionairesys.com "https://millionairesys.com/wp-admin/post.php?post=15&action=elementor" "Mozilla/5.0 (Windows NT 10.0; Win64; x64) AppleWebKit/537.36 (KHTML, like Gecko) Chrome/112.0.0.0 Safari/537.36" "-"
82.165.80.0 - - [17/Apr/2023:17:31:56 +0200] "POST /wp-cron.php?doing_wp_cron=1681745516.7798008918762207031250 HTTP/1.1" 200 - millionairesys.com "https://millionairesys.com/wp-cron.php?doing_wp_cron=1681745516.7798008918762207031250" "WordPress/6.0.1; https://millionairesys.com" "-"
45.64.130.0 - - [17/Apr/2023:17:42:45 +0200] "GET /wp-login.php HTTP/1.1" 404 59911 millionairesys.com "-" "Mozilla/5.0 (Windows NT 10.0; Win64; x64; rv:96.0) Gecko/20100101 Firefox/96" "-"
37.11.108.0 - - [17/Apr/2023:17:45:51 +0200] "GET /wp-admin/edit.php?post_type=landing HTTP/1.1" 200 258763 millionairesys.com "https://millionairesys.com/wp-admin/plugins.php" "Mozilla/5.0 (Windows NT 10.0; Win64; x64) AppleWebKit/537.36 (KHTML, like Gecko) Chrome/112.0.0.0 Safari/537.36" "-"
82.165.80.0 - - [17/Apr/2023:17:45:52 +0200] "POST /wp-cron.php?doing_wp_cron=1681746351.9749109745025634765625 HTTP/1.1" 200 - millionairesys.com "https://millionairesys.com/wp-cron.php?doing_wp_cron=1681746351.9749109745025634765625" "WordPress/6.0.1; https://millionairesys.com" "-"
82.165.80.0 - - [17/Apr/2023:17:45:53 +0200] "POST /wp-cron.php?doing_wp_cron=1681746353.7822670936584472656250 HTTP/1.1" 200 - millionairesys.com "https://millionairesys.com/wp-cron.php?doing_wp_cron=1681746353.7822670936584472656250" "WordPress/6.0.1; https://millionairesys.com" "-"
82.165.80.0 - - [17/Apr/2023:17:45:53 +0200] "GET / HTTP/1.1" 200 123884 millionairesys.com "https://millionairesys.com/" "WordPress/6.0.1; https://millionairesys.com" "-"
82.165.80.0 - - [17/Apr/2023:17:57:26 +0200] "POST /wp-cron.php?doing_wp_cron=1681747046.7587409019470214843750 HTTP/1.1" 200 - millionairesys.com "https://millionairesys.com/wp-cron.php?doing_wp_cron=1681747046.7587409019470214843750" "WordPress/6.0.1; https://millionairesys.com" "-"
142.11.214.0 - - [17/Apr/2023:17:57:26 +0200] "GET //wp-content/plugins/w0rdpr3ssnew/about.php HTTP/1.1" 301 - millionairesys.com "-" "Mozilla/5.0 (Windows NT 10.0; Win64; x64) AppleWebKit/537.36 (KHTML, like Gecko) Chrome/92.0.4515.107 Safari/537.36" "-"
185.233.185.0 - - [17/Apr/2023:18:06:09 +0200] "GET /wp-login.php HTTP/1.1" 503 299 millionairesys.com "-" "Mozilla/5.0 (X11; Ubuntu; Linux x86_64; rv:62.0) Gecko/20100101 Firefox/62.0" "-"
2001:1640:: - - [17/Apr/2023:18:31:27 +0200] "POST /xmlrpc.php HTTP/1.1" 503 299 millionairesys.com "-" "Mozilla/5.0 (Windows NT 6.1; WOW64; rv:18.0) Gecko/20100101 Firefox/18.0" "-"
2001:19f0:4400:: - - [17/Apr/2023:18:31:36 +0200] "POST /xmlrpc.php HTTP/1.1" 200 416 millionairesys.com "-" "Mozilla/5.0 (Windows NT 10.0; Win64; x64) AppleWebKit/537.36 (KHTML, like Gecko) Chrome/70.0.3538.102 Safari/537.36" "-"
82.165.80.0 - - [17/Apr/2023:18:31:37 +0200] "GET / HTTP/1.1" 200 123884 millionairesys.com "https://millionairesys.com/" "WordPress/6.0.1; https://millionairesys.com" "-"
82.165.80.0 - - [17/Apr/2023:18:31:37 +0200] "POST /wp-cron.php?doing_wp_cron=1681749097.0984420776367187500000 HTTP/1.1" 200 - millionairesys.com "https://millionairesys.com/wp-cron.php?doing_wp_cron=1681749097.0984420776367187500000" "WordPress/6.0.1; https://millionairesys.com" "-"
2400:8901:: - - [17/Apr/2023:18:31:38 +0200] "POST /xmlrpc.php HTTP/1.1" 200 452 millionairesys.com "-" "Mozilla/5.0 (Windows NT 10.0; Win64; x64; rv:79.0) Gecko/20100101 Firefox/79.0" "-"
91.225.138.0 - - [17/Apr/2023:18:31:40 +0200] "POST /xmlrpc.php HTTP/1.1" 200 416 millionairesys.com "-" "Mozilla/5.0 (Windows NT 5.1; rv:52.0) Gecko/20100101 Firefox/52.0" "-"
198.54.126.0 - - [17/Apr/2023:18:31:45 +0200] "POST /xmlrpc.php HTTP/1.1" 200 416 millionairesys.com "-" "Mozilla/5.0 (Windows NT 10.0; Win64; x64) AppleWebKit/537.36 (KHTML, like Gecko) Chrome/88.0.4324.104 Safari/537.36" "-"
160.153.155.0 - - [17/Apr/2023:18:31:49 +0200] "POST /xmlrpc.php HTTP/1.1" 200 416 millionairesys.com "-" "Mozilla/5.0 (Windows NT 6.1; WOW64; rv:45.0) Gecko/20100101 Firefox/45.0" "-"
95.167.178.0 - - [17/Apr/2023:18:31:53 +0200] "POST /xmlrpc.php HTTP/1.1" 200 452 millionairesys.com "-" "Mozilla/5.0 (Linux; Android 10) AppleWebKit/537.36 (KHTML, like Gecko) Chrome/91.0.4472.114 Mobile Safari/537.36" "-"
39.105.120.0 - - [17/Apr/2023:18:38:55 +0200] "GET /wp-login.php HTTP/1.1" 404 59911 millionairesys.com "" "Mozilla/5.0 (Windows NT 6.3; Win64; x64; rv:109.0) Gecko/20100101 Firefox/111.0" "-"
143.198.82.0 - - [17/Apr/2023:18:47:53 +0200] "GET /wp-includes/wlwmanifest.xml HTTP/1.1" 200 1045 millionairesys.com "-" "python-requests/2.27.1" "-"
143.198.82.0 - - [17/Apr/2023:18:47:53 +0200] "GET /administrator/index.php HTTP/1.1" 301 - millionairesys.com "-" "python-requests/2.27.1" "-"
82.165.80.0 - - [17/Apr/2023:18:47:54 +0200] "POST /wp-cron.php?doing_wp_cron=1681750074.5643670558929443359375 HTTP/1.1" 200 - millionairesys.com "http://millionairesys.com/wp-cron.php?doing_wp_cron=1681750074.5643670558929443359375" "WordPress/6.0.1; https://millionairesys.com" "-"
143.198.82.0 - - [17/Apr/2023:18:47:55 +0200] "GET /administrator/ HTTP/1.1" 404 70781 millionairesys.com "-" "python-requests/2.27.1" "-"
143.198.82.0 - - [17/Apr/2023:18:47:58 +0200] "GET /view-source: HTTP/1.1" 404 70781 millionairesys.com "-" "python-requests/2.27.1" "-"
143.198.82.0 - - [17/Apr/2023:18:48:00 +0200] "GET /misc/ajax.js HTTP/1.1" 404 70781 millionairesys.com "-" "python-requests/2.27.1" "-"
37.11.108.0 - - [17/Apr/2023:19:11:44 +0200] "GET /wp-admin/ HTTP/1.1" 302 - millionairesys.com "-" "Mozilla/5.0 (Windows NT 10.0; Win64; x64) AppleWebKit/537.36 (KHTML, like Gecko) Chrome/112.0.0.0 Safari/537.36" "-"
37.11.108.0 - - [17/Apr/2023:19:11:45 +0200] "GET /404/ HTTP/1.1" 404 70852 millionairesys.com "-" "Mozilla/5.0 (Windows NT 10.0; Win64; x64) AppleWebKit/537.36 (KHTML, like Gecko) Chrome/112.0.0.0 Safari/537.36" "-"
82.165.80.0 - - [17/Apr/2023:19:11:46 +0200] "POST /wp-cron.php?doing_wp_cron=1681751506.2519168853759765625000 HTTP/1.1" 200 - millionairesys.com "https://millionairesys.com/wp-cron.php?doing_wp_cron=1681751506.2519168853759765625000" "WordPress/6.0.1; https://millionairesys.com" "-"
37.11.108.0 - - [17/Apr/2023:19:11:47 +0200] "POST /?wc-ajax=get_refreshed_fragments&elementor_page_id=0 HTTP/1.1" 200 435 millionairesys.com "https://millionairesys.com/404/" "Mozilla/5.0 (Windows NT 10.0; Win64; x64) AppleWebKit/537.36 (KHTML, like Gecko) Chrome/112.0.0.0 Safari/537.36" "-"
37.11.108.0 - - [17/Apr/2023:19:11:48 +0200] "GET /wp-content/uploads/2022/07/cropped-SISTEMA-32x32.png HTTP/1.1" 200 2557 millionairesys.com "https://millionairesys.com/404/" "Mozilla/5.0 (Windows NT 10.0; Win64; x64) AppleWebKit/537.36 (KHTML, like Gecko) Chrome/112.0.0.0 Safari/537.36" "-"
37.11.108.0 - - [17/Apr/2023:19:11:54 +0200] "GET /millonariomanager HTTP/1.1" 302 - millionairesys.com "-" "Mozilla/5.0 (Windows NT 10.0; Win64; x64) AppleWebKit/537.36 (KHTML, like Gecko) Chrome/112.0.0.0 Safari/537.36" "-"
37.11.108.0 - - [17/Apr/2023:19:11:54 +0200] "GET /millonariomanager/ HTTP/1.1" 200 8749 millionairesys.com "-" "Mozilla/5.0 (Windows NT 10.0; Win64; x64) AppleWebKit/537.36 (KHTML, like Gecko) Chrome/112.0.0.0 Safari/537.36" "-"
37.11.108.0 - - [17/Apr/2023:19:11:56 +0200] "GET /wp-content/plugins/limit-login-attempts-reloaded/assets/css/login-page-styles.css?ver=2.25.3 HTTP/1.1" 200 293 millionairesys.com "https://millionairesys.com/millonariomanager/" "Mozilla/5.0 (Windows NT 10.0; Win64; x64) AppleWebKit/537.36 (KHTML, like Gecko) Chrome/112.0.0.0 Safari/537.36" "-"
37.11.108.0 - - [17/Apr/2023:19:11:56 +0200] "GET /wp-admin/css/forms.min.css?ver=6.0.1 HTTP/1.1" 200 25438 millionairesys.com "https://millionairesys.com/millonariomanager/" "Mozilla/5.0 (Windows NT 10.0; Win64; x64) AppleWebKit/537.36 (KHTML, like Gecko) Chrome/112.0.0.0 Safari/537.36" "-"
37.11.108.0 - - [17/Apr/2023:19:11:56 +0200] "GET /wp-admin/css/login.min.css?ver=6.0.1 HTTP/1.1" 200 6315 millionairesys.com "https://millionairesys.com/millonariomanager/" "Mozilla/5.0 (Windows NT 10.0; Win64; x64) AppleWebKit/537.36 (KHTML, like Gecko) Chrome/112.0.0.0 Safari/537.36" "-"
37.11.108.0 - - [17/Apr/2023:19:11:56 +0200] "GET /wp-admin/js/user-profile.min.js?ver=6.0.1 HTTP/1.1" 200 6187 millionairesys.com "https://millionairesys.com/millonariomanager/" "Mozilla/5.0 (Windows NT 10.0; Win64; x64) AppleWebKit/537.36 (KHTML, like Gecko) Chrome/112.0.0.0 Safari/537.36" "-"
37.11.108.0 - - [17/Apr/2023:19:11:56 +0200] "GET /wp-admin/css/l10n.min.css?ver=6.0.1 HTTP/1.1" 200 2477 millionairesys.com "https://millionairesys.com/millonariomanager/" "Mozilla/5.0 (Windows NT 10.0; Win64; x64) AppleWebKit/537.36 (KHTML, like Gecko) Chrome/112.0.0.0 Safari/537.36" "-"
37.11.108.0 - - [17/Apr/2023:19:11:56 +0200] "GET /wp-admin/images/wordpress-logo.svg?ver=20131107 HTTP/1.1" 200 1521 millionairesys.com "https://millionairesys.com/wp-admin/css/login.min.css?ver=6.0.1" "Mozilla/5.0 (Windows NT 10.0; Win64; x64) AppleWebKit/537.36 (KHTML, like Gecko) Chrome/112.0.0.0 Safari/537.36" "-"
37.11.108.0 - - [17/Apr/2023:19:11:57 +0200] "POST /millonariomanager/ HTTP/1.1" 302 - millionairesys.com "https://millionairesys.com/millonariomanager/" "Mozilla/5.0 (Windows NT 10.0; Win64; x64) AppleWebKit/537.36 (KHTML, like Gecko) Chrome/112.0.0.0 Safari/537.36" "-"
37.11.108.0 - - [17/Apr/2023:19:11:58 +0200] "GET /pagina-de-bienvenida HTTP/1.1" 301 - millionairesys.com "https://millionairesys.com/millonariomanager/" "Mozilla/5.0 (Windows NT 10.0; Win64; x64) AppleWebKit/537.36 (KHTML, like Gecko) Chrome/112.0.0.0 Safari/537.36" "-"
37.11.108.0 - - [17/Apr/2023:19:11:59 +0200] "GET /pagina-de-bienvenida/ HTTP/1.1" 200 109545 millionairesys.com "https://millionairesys.com/millonariomanager/" "Mozilla/5.0 (Windows NT 10.0; Win64; x64) AppleWebKit/537.36 (KHTML, like Gecko) Chrome/112.0.0.0 Safari/537.36" "-"
37.11.108.0 - - [17/Apr/2023:19:12:00 +0200] "GET /wp-content/uploads/elementor/css/post-205.css?ver=1660652077 HTTP/1.1" 200 2148 millionairesys.com "https://millionairesys.com/pagina-de-bienvenida/" "Mozilla/5.0 (Windows NT 10.0; Win64; x64) AppleWebKit/537.36 (KHTML, like Gecko) Chrome/112.0.0.0 Safari/537.36" "-"
37.11.108.0 - - [17/Apr/2023:19:12:04 +0200] "GET /wp-admin/ HTTP/1.1" 200 266528 millionairesys.com "https://millionairesys.com/pagina-de-bienvenida/" "Mozilla/5.0 (Windows NT 10.0; Win64; x64) AppleWebKit/537.36 (KHTML, like Gecko) Chrome/112.0.0.0 Safari/537.36" "-"
82.165.80.0 - - [17/Apr/2023:19:12:05 +0200] "GET / HTTP/1.1" 200 123884 millionairesys.com "https://millionairesys.com/" "WordPress/6.0.1; https://millionairesys.com" "-"
82.165.80.0 - - [17/Apr/2023:19:12:06 +0200] "POST /wp-cron.php?doing_wp_cron=1681751526.6115560531616210937500 HTTP/1.1" 200 - millionairesys.com "https://millionairesys.com/wp-cron.php?doing_wp_cron=1681751526.6115560531616210937500" "WordPress/6.0.1; https://millionairesys.com" "-"
37.11.108.0 - - [17/Apr/2023:19:12:08 +0200] "POST /wp-admin/admin-ajax.php HTTP/1.1" 200 59 millionairesys.com "https://millionairesys.com/wp-admin/" "Mozilla/5.0 (Windows NT 10.0; Win64; x64) AppleWebKit/537.36 (KHTML, like Gecko) Chrome/112.0.0.0 Safari/537.36" "-"
37.11.108.0 - - [17/Apr/2023:19:12:09 +0200] "POST /wp-admin/admin-ajax.php HTTP/1.1" 200 102 millionairesys.com "https://millionairesys.com/wp-admin/" "Mozilla/5.0 (Windows NT 10.0; Win64; x64) AppleWebKit/537.36 (KHTML, like Gecko) Chrome/112.0.0.0 Safari/537.36" "-"
37.11.108.0 - - [17/Apr/2023:19:12:09 +0200] "GET /wp-admin/edit.php?post_type=page HTTP/1.1" 200 294945 millionairesys.com "https://millionairesys.com/wp-admin/" "Mozilla/5.0 (Windows NT 10.0; Win64; x64) AppleWebKit/537.36 (KHTML, like Gecko) Chrome/112.0.0.0 Safari/537.36" "-"
37.11.108.0 - - [17/Apr/2023:19:12:10 +0200] "GET /wp-admin/load-scripts.php?c=1&load%5Bchunk_0%5D=jquery-core,jquery-migrate,regenerator-runtime,wp-polyfill,wp-hooks,utils,heartbeat,moxiejs,plupload&ver=6.0.1 HTTP/1.1" 200 242211 millionairesys.com "https://millionairesys.com/wp-admin/edit.php?post_type=page" "Mozilla/5.0 (Windows NT 10.0; Win64; x64) AppleWebKit/537.36 (KHTML, like Gecko) Chrome/112.0.0.0 Safari/537.36" "-"
37.11.108.0 - - [17/Apr/2023:19:12:11 +0200] "GET /wp-includes/js/media-grid.min.js?ver=6.0.1 HTTP/1.1" 200 13356 millionairesys.com "https://millionairesys.com/wp-admin/edit.php?post_type=page" "Mozilla/5.0 (Windows NT 10.0; Win64; x64) AppleWebKit/537.36 (KHTML, like Gecko) Chrome/112.0.0.0 Safari/537.36" "-"
37.11.108.0 - - [17/Apr/2023:19:12:11 +0200] "GET /wp-includes/js/wp-api.min.js?ver=6.0.1 HTTP/1.1" 200 14683 millionairesys.com "https://millionairesys.com/wp-admin/edit.php?post_type=page" "Mozilla/5.0 (Windows NT 10.0; Win64; x64) AppleWebKit/537.36 (KHTML, like Gecko) Chrome/112.0.0.0 Safari/537.36" "-"
37.11.108.0 - - [17/Apr/2023:19:12:11 +0200] "GET /wp-content/plugins/wp-smushit/app/assets/js/smush-media.min.js?ver=3.10.3 HTTP/1.1" 200 1901 millionairesys.com "https://millionairesys.com/wp-admin/edit.php?post_type=page" "Mozilla/5.0 (Windows NT 10.0; Win64; x64) AppleWebKit/537.36 (KHTML, like Gecko) Chrome/112.0.0.0 Safari/537.36" "-"
37.11.108.0 - - [17/Apr/2023:19:12:11 +0200] "GET /wp-json/wp/v2/ HTTP/1.1" 200 230094 millionairesys.com "https://millionairesys.com/wp-admin/edit.php?post_type=page" "Mozilla/5.0 (Windows NT 10.0; Win64; x64) AppleWebKit/537.36 (KHTML, like Gecko) Chrome/112.0.0.0 Safari/537.36" "-"
82.165.80.0 - - [17/Apr/2023:19:12:12 +0200] "POST /wp-cron.php?doing_wp_cron=1681751531.9856290817260742187500 HTTP/1.1" 200 - millionairesys.com "https://millionairesys.com/wp-cron.php?doing_wp_cron=1681751531.9856290817260742187500" "WordPress/6.0.1; https://millionairesys.com" "-"
37.11.108.0 - - [17/Apr/2023:19:12:13 +0200] "GET /wp-content/plugins/wp-smushit/app/assets/js/smush-media.min.js?ver=3.10.3 HTTP/1.1" 200 1901 millionairesys.com "-" "Mozilla/5.0 (Windows NT 10.0; Win64; x64) AppleWebKit/537.36 (KHTML, like Gecko) Chrome/112.0.0.0 Safari/537.36" "-"
37.11.108.0 - - [17/Apr/2023:19:12:13 +0200] "GET /wp-includes/js/wp-api.min.js?ver=6.0.1 HTTP/1.1" 200 14683 millionairesys.com "-" "Mozilla/5.0 (Windows NT 10.0; Win64; x64) AppleWebKit/537.36 (KHTML, like Gecko) Chrome/112.0.0.0 Safari/537.36" "-"
37.11.108.0 - - [17/Apr/2023:19:12:13 +0200] "GET /wp-includes/js/media-grid.min.js?ver=6.0.1 HTTP/1.1" 200 13356 millionairesys.com "-" "Mozilla/5.0 (Windows NT 10.0; Win64; x64) AppleWebKit/537.36 (KHTML, like Gecko) Chrome/112.0.0.0 Safari/537.36" "-"
37.11.108.0 - - [17/Apr/2023:19:12:25 +0200] "GET /wp-admin/edit.php?post_type=page&paged=2 HTTP/1.1" 200 292940 millionairesys.com "https://millionairesys.com/wp-admin/edit.php?post_type=page" "Mozilla/5.0 (Windows NT 10.0; Win64; x64) AppleWebKit/537.36 (KHTML, like Gecko) Chrome/112.0.0.0 Safari/537.36" "-"
37.11.108.0 - - [17/Apr/2023:19:12:26 +0200] "POST /wp-admin/admin-ajax.php HTTP/1.1" 200 152 millionairesys.com "https://millionairesys.com/wp-admin/edit.php?post_type=page" "Mozilla/5.0 (Windows NT 10.0; Win64; x64) AppleWebKit/537.36 (KHTML, like Gecko) Chrome/112.0.0.0 Safari/537.36" "-"
37.11.108.0 - - [17/Apr/2023:19:12:38 +0200] "GET /pagina-registro/ HTTP/1.1" 200 111769 millionairesys.com "https://millionairesys.com/wp-admin/edit.php?post_type=page&paged=2" "Mozilla/5.0 (Windows NT 10.0; Win64; x64) AppleWebKit/537.36 (KHTML, like Gecko) Chrome/112.0.0.0 Safari/537.36" "-"
82.165.80.0 - - [17/Apr/2023:19:12:39 +0200] "POST /wp-cron.php?doing_wp_cron=1681751559.0548679828643798828125 HTTP/1.1" 200 - millionairesys.com "https://millionairesys.com/wp-cron.php?doing_wp_cron=1681751559.0548679828643798828125" "WordPress/6.0.1; https://millionairesys.com" "-"
37.11.108.0 - - [17/Apr/2023:19:12:40 +0200] "GET /wp-content/plugins/user-registration/assets/js/frontend/user-registration.min.js?ver=2.2.1 HTTP/1.1" 200 16938 millionairesys.com "https://millionairesys.com/pagina-registro/" "Mozilla/5.0 (Windows NT 10.0; Win64; x64) AppleWebKit/537.36 (KHTML, like Gecko) Chrome/112.0.0.0 Safari/537.36" "-"
37.11.108.0 - - [17/Apr/2023:19:12:40 +0200] "GET /wp-content/plugins/user-registration/assets/js/inputmask/jquery.inputmask.bundle.min.js?ver=4.0.0-beta.58 HTTP/1.1" 200 72855 millionairesys.com "https://millionairesys.com/pagina-registro/" "Mozilla/5.0 (Windows NT 10.0; Win64; x64) AppleWebKit/537.36 (KHTML, like Gecko) Chrome/112.0.0.0 Safari/537.36" "-"
37.11.108.0 - - [17/Apr/2023:19:12:40 +0200] "GET /wp-content/uploads/elementor/css/post-12.css?ver=1659891082 HTTP/1.1" 200 18214 millionairesys.com "https://millionairesys.com/pagina-registro/" "Mozilla/5.0 (Windows NT 10.0; Win64; x64) AppleWebKit/537.36 (KHTML, like Gecko) Chrome/112.0.0.0 Safari/537.36" "-"
37.11.108.0 - - [17/Apr/2023:19:12:40 +0200] "GET /wp-content/plugins/user-registration/assets/js/frontend/user-registration-form-validator.min.js?ver=2.2.1 HTTP/1.1" 200 8807 millionairesys.com "https://millionairesys.com/pagina-registro/" "Mozilla/5.0 (Windows NT 10.0; Win64; x64) AppleWebKit/537.36 (KHTML, like Gecko) Chrome/112.0.0.0 Safari/537.36" "-"
37.11.108.0 - - [17/Apr/2023:19:12:40 +0200] "GET /wp-content/plugins/user-registration/assets/js/frontend/jquery.validate.min.js?ver=1.15.1 HTTP/1.1" 200 24431 millionairesys.com "https://millionairesys.com/pagina-registro/" "Mozilla/5.0 (Windows NT 10.0; Win64; x64) AppleWebKit/537.36 (KHTML, like Gecko) Chrome/112.0.0.0 Safari/537.36" "-"
37.11.108.0 - - [17/Apr/2023:19:12:40 +0200] "GET /wp-content/uploads/2022/06/sistema-fondo.jpg HTTP/1.1" 200 103447 millionairesys.com "https://millionairesys.com/wp-content/uploads/elementor/css/post-12.css?ver=1659891082" "Mozilla/5.0 (Windows NT 10.0; Win64; x64) AppleWebKit/537.36 (KHTML, like Gecko) Chrome/112.0.0.0 Safari/537.36" "-"
37.11.108.0 - - [17/Apr/2023:19:12:45 +0200] "GET /wp-content/plugins/user-registration/assets/js/frontend/user-registration.min.js?ver=2.2.1 HTTP/1.1" 200 16938 millionairesys.com "-" "Mozilla/5.0 (Windows NT 10.0; Win64; x64) AppleWebKit/537.36 (KHTML, like Gecko) Chrome/112.0.0.0 Safari/537.36" "-"
