37.11.108.0 - - [17/Apr/2023:19:12:45 +0200] "GET /wp-content/plugins/user-registration/assets/js/frontend/user-registration-form-validator.min.js?ver=2.2.1 HTTP/1.1" 200 8807 millionairesys.com "-" "Mozilla/5.0 (Windows NT 10.0; Win64; x64) AppleWebKit/537.36 (KHTML, like Gecko) Chrome/112.0.0.0 Safari/537.36" "-"
37.11.108.0 - - [17/Apr/2023:19:12:45 +0200] "GET /wp-admin/post.php?post=12&action=elementor HTTP/1.1" 200 1453470 millionairesys.com "https://millionairesys.com/pagina-registro/" "Mozilla/5.0 (Windows NT 10.0; Win64; x64) AppleWebKit/537.36 (KHTML, like Gecko) Chrome/112.0.0.0 Safari/537.36" "-"
37.11.108.0 - - [17/Apr/2023:19:12:46 +0200] "GET /wp-includes/images/spinner.gif HTTP/1.1" 200 3656 millionairesys.com "https://millionairesys.com/wp-includes/css/media-views.min.css?ver=6.0.1" "Mozilla/5.0 (Windows NT 10.0; Win64; x64) AppleWebKit/537.36 (KHTML, like Gecko) Chrome/112.0.0.0 Safari/537.36" "-"
37.11.108.0 - - [17/Apr/2023:19:12:47 +0200] "GET /wp-json/elementor/v1/global-widget/templates HTTP/1.1" 200 2 millionairesys.com "https://millionairesys.com/wp-admin/post.php?post=12&action=elementor" "Mozilla/5.0 (Windows NT 10.0; Win64; x64) AppleWebKit/537.36 (KHTML, like Gecko) Chrome/112.0.0.0 Safari/537.36" "-"
37.11.108.0 - - [17/Apr/2023:19:12:47 +0200] "POST /wp-admin/admin-ajax.php HTTP/1.1" 200 77 millionairesys.com "https://millionairesys.com/wp-admin/post.php?post=12&action=elementor" "Mozilla/5.0 (Windows NT 10.0; Win64; x64) AppleWebKit/537.36 (KHTML, like Gecko) Chrome/112.0.0.0 Safari/537.36" "-"
37.11.108.0 - - [17/Apr/2023:19:12:47 +0200] "GET /pagina-registro/?elementor-preview=12&ver=1681751566 HTTP/1.1" 200 138051 millionairesys.com "https://millionairesys.com/wp-admin/post.php?post=12&action=elementor" "Mozilla/5.0 (Windows NT 10.0; Win64; x64) AppleWebKit/537.36 (KHTML, like Gecko) Chrome/112.0.0.0 Safari/537.36" "-"
37.11.108.0 - - [17/Apr/2023:19:12:47 +0200] "POST /wp-admin/admin-ajax.php HTTP/1.1" 200 425292 millionairesys.com "https://millionairesys.com/wp-admin/post.php?post=12&action=elementor" "Mozilla/5.0 (Windows NT 10.0; Win64; x64) AppleWebKit/537.36 (KHTML, like Gecko) Chrome/112.0.0.0 Safari/537.36" "-"
37.11.108.0 - - [17/Apr/2023:19:12:48 +0200] "GET /wp-json/elementor/v1/globals HTTP/1.1" 200 1149 millionairesys.com "https://millionairesys.com/wp-admin/post.php?post=12&action=elementor" "Mozilla/5.0 (Windows NT 10.0; Win64; x64) AppleWebKit/537.36 (KHTML, like Gecko) Chrome/112.0.0.0 Safari/537.36" "-"
37.11.108.0 - - [17/Apr/2023:19:12:49 +0200] "GET /wp-content/plugins/elementor/assets/lib/font-awesome/css/regular.min.css HTTP/1.1" 200 677 millionairesys.com "https://millionairesys.com/pagina-registro/?elementor-preview=12&ver=1681751566" "Mozilla/5.0 (Windows NT 10.0; Win64; x64) AppleWebKit/537.36 (KHTML, like Gecko) Chrome/112.0.0.0 Safari/537.36" "-"
37.11.108.0 - - [17/Apr/2023:19:12:49 +0200] "GET /wp-content/plugins/elementor/assets/lib/font-awesome/css/fontawesome.min.css HTTP/1.1" 200 57912 millionairesys.com "https://millionairesys.com/pagina-registro/?elementor-preview=12&ver=1681751566" "Mozilla/5.0 (Windows NT 10.0; Win64; x64) AppleWebKit/537.36 (KHTML, like Gecko) Chrome/112.0.0.0 Safari/537.36" "-"
37.11.108.0 - - [17/Apr/2023:19:12:51 +0200] "GET /wp-includes/js/utils.min.js?ver=6.0.1 HTTP/1.1" 200 1866 millionairesys.com "-" "Mozilla/5.0 (Windows NT 10.0; Win64; x64) AppleWebKit/537.36 (KHTML, like Gecko) Chrome/112.0.0.0 Safari/537.36" "-"
37.11.108.0 - - [17/Apr/2023:19:12:51 +0200] "GET /wp-includes/js/plupload/moxie.min.js?ver=1.3.5 HTTP/1.1" 200 87518 millionairesys.com "-" "Mozilla/5.0 (Windows NT 10.0; Win64; x64) AppleWebKit/537.36 (KHTML, like Gecko) Chrome/112.0.0.0 Safari/537.36" "-"
37.11.108.0 - - [17/Apr/2023:19:12:51 +0200] "GET /wp-includes/js/plupload/plupload.min.js?ver=2.1.9 HTTP/1.1" 200 15612 millionairesys.com "-" "Mozilla/5.0 (Windows NT 10.0; Win64; x64) AppleWebKit/537.36 (KHTML, like Gecko) Chrome/112.0.0.0 Safari/537.36" "-"
37.11.108.0 - - [17/Apr/2023:19:12:51 +0200] "GET /wp-includes/js/tinymce/wp-tinymce.js?ver=49110-20201110 HTTP/1.1" 200 671342 millionairesys.com "-" "Mozilla/5.0 (Windows NT 10.0; Win64; x64) AppleWebKit/537.36 (KHTML, like Gecko) Chrome/112.0.0.0 Safari/537.36" "-"
37.11.108.0 - - [17/Apr/2023:19:12:51 +0200] "GET /wp-admin/js/widgets/media-audio-widget.min.js?ver=6.0.1 HTTP/1.1" 200 1447 millionairesys.com "-" "Mozilla/5.0 (Windows NT 10.0; Win64; x64) AppleWebKit/537.36 (KHTML, like Gecko) Chrome/112.0.0.0 Safari/537.36" "-"
37.11.108.0 - - [17/Apr/2023:19:12:51 +0200] "GET /wp-includes/js/media-audiovideo.min.js?ver=6.0.1 HTTP/1.1" 200 12092 millionairesys.com "-" "Mozilla/5.0 (Windows NT 10.0; Win64; x64) AppleWebKit/537.36 (KHTML, like Gecko) Chrome/112.0.0.0 Safari/537.36" "-"
37.11.108.0 - - [17/Apr/2023:19:12:51 +0200] "GET /wp-admin/js/widgets/media-image-widget.min.js?ver=6.0.1 HTTP/1.1" 200 2024 millionairesys.com "-" "Mozilla/5.0 (Windows NT 10.0; Win64; x64) AppleWebKit/537.36 (KHTML, like Gecko) Chrome/112.0.0.0 Safari/537.36" "-"
37.11.108.0 - - [17/Apr/2023:19:12:51 +0200] "GET /wp-admin/js/widgets/media-widgets.min.js?ver=6.0.1 HTTP/1.1" 200 14252 millionairesys.com "-" "Mozilla/5.0 (Windows NT 10.0; Win64; x64) AppleWebKit/537.36 (KHTML, like Gecko) Chrome/112.0.0.0 Safari/537.36" "-"
37.11.108.0 - - [17/Apr/2023:19:12:51 +0200] "GET /wp-admin/js/widgets/media-gallery-widget.min.js?ver=6.0.1 HTTP/1.1" 200 3766 millionairesys.com "-" "Mozilla/5.0 (Windows NT 10.0; Win64; x64) AppleWebKit/537.36 (KHTML, like Gecko) Chrome/112.0.0.0 Safari/537.36" "-"
37.11.108.0 - - [17/Apr/2023:19:12:51 +0200] "GET /wp-admin/js/widgets/media-video-widget.min.js?ver=6.0.1 HTTP/1.1" 200 2702 millionairesys.com "-" "Mozilla/5.0 (Windows NT 10.0; Win64; x64) AppleWebKit/537.36 (KHTML, like Gecko) Chrome/112.0.0.0 Safari/537.36" "-"
37.11.108.0 - - [17/Apr/2023:19:12:51 +0200] "GET /wp-admin/js/editor.min.js?ver=6.0.1 HTTP/1.1" 200 13206 millionairesys.com "-" "Mozilla/5.0 (Windows NT 10.0; Win64; x64) AppleWebKit/537.36 (KHTML, like Gecko) Chrome/112.0.0.0 Safari/537.36" "-"
37.11.108.0 - - [17/Apr/2023:19:12:52 +0200] "GET /wp-admin/js/widgets/text-widgets.min.js?ver=6.0.1 HTTP/1.1" 200 5853 millionairesys.com "-" "Mozilla/5.0 (Windows NT 10.0; Win64; x64) AppleWebKit/537.36 (KHTML, like Gecko) Chrome/112.0.0.0 Safari/537.36" "-"
37.11.108.0 - - [17/Apr/2023:19:12:52 +0200] "GET /wp-includes/js/heartbeat.min.js?ver=6.0.1 HTTP/1.1" 200 5934 millionairesys.com "-" "Mozilla/5.0 (Windows NT 10.0; Win64; x64) AppleWebKit/537.36 (KHTML, like Gecko) Chrome/112.0.0.0 Safari/537.36" "-"
37.11.108.0 - - [17/Apr/2023:19:12:52 +0200] "GET /wp-admin/js/widgets/custom-html-widgets.min.js?ver=6.0.1 HTTP/1.1" 200 5571 millionairesys.com "-" "Mozilla/5.0 (Windows NT 10.0; Win64; x64) AppleWebKit/537.36 (KHTML, like Gecko) Chrome/112.0.0.0 Safari/537.36" "-"
37.11.108.0 - - [17/Apr/2023:19:12:52 +0200] "GET /wp-admin/js/image-edit.min.js?ver=6.0.1 HTTP/1.1" 200 11255 millionairesys.com "-" "Mozilla/5.0 (Windows NT 10.0; Win64; x64) AppleWebKit/537.36 (KHTML, like Gecko) Chrome/112.0.0.0 Safari/537.36" "-"
37.11.108.0 - - [17/Apr/2023:19:12:52 +0200] "GET /wp-content/plugins/elementor/assets/js/editor-modules.min.js?ver=3.6.8 HTTP/1.1" 200 41341 millionairesys.com "-" "Mozilla/5.0 (Windows NT 10.0; Win64; x64) AppleWebKit/537.36 (KHTML, like Gecko) Chrome/112.0.0.0 Safari/537.36" "-"
37.11.108.0 - - [17/Apr/2023:19:12:52 +0200] "GET /wp-content/plugins/elementor/assets/lib/perfect-scrollbar/js/perfect-scrollbar.min.js?ver=1.4.0 HTTP/1.1" 200 18291 millionairesys.com "-" "Mozilla/5.0 (Windows NT 10.0; Win64; x64) AppleWebKit/537.36 (KHTML, like Gecko) Chrome/112.0.0.0 Safari/537.36" "-"
37.11.108.0 - - [17/Apr/2023:19:12:52 +0200] "GET /wp-content/plugins/elementor/assets/lib/nprogress/nprogress.min.js?ver=0.2.0 HTTP/1.1" 200 5999 millionairesys.com "-" "Mozilla/5.0 (Windows NT 10.0; Win64; x64) AppleWebKit/537.36 (KHTML, like Gecko) Chrome/112.0.0.0 Safari/537.36" "-"
37.11.108.0 - - [17/Apr/2023:19:12:52 +0200] "GET /wp-includes/js/imagesloaded.min.js?ver=4.1.4 HTTP/1.1" 200 5629 millionairesys.com "-" "Mozilla/5.0 (Windows NT 10.0; Win64; x64) AppleWebKit/537.36 (KHTML, like Gecko) Chrome/112.0.0.0 Safari/537.36" "-"
37.11.108.0 - - [17/Apr/2023:19:12:52 +0200] "GET /wp-content/plugins/elementor/assets/lib/pickr/pickr.min.js?ver=1.5.0 HTTP/1.1" 200 24276 millionairesys.com "-" "Mozilla/5.0 (Windows NT 10.0; Win64; x64) AppleWebKit/537.36 (KHTML, like Gecko) Chrome/112.0.0.0 Safari/537.36" "-"
37.11.108.0 - - [17/Apr/2023:19:12:52 +0200] "GET /wp-content/plugins/elementor/assets/lib/nouislider/nouislider.min.js?ver=13.0.0 HTTP/1.1" 200 23000 millionairesys.com "-" "Mozilla/5.0 (Windows NT 10.0; Win64; x64) AppleWebKit/537.36 (KHTML, like Gecko) Chrome/112.0.0.0 Safari/537.36" "-"
37.11.108.0 - - [17/Apr/2023:19:12:52 +0200] "GET /wp-content/plugins/elementor/assets/lib/flatpickr/flatpickr.min.js?ver=1.12.0 HTTP/1.1" 200 43584 millionairesys.com "-" "Mozilla/5.0 (Windows NT 10.0; Win64; x64) AppleWebKit/537.36 (KHTML, like Gecko) Chrome/112.0.0.0 Safari/537.36" "-"
37.11.108.0 - - [17/Apr/2023:19:12:52 +0200] "GET /wp-content/plugins/elementor/assets/lib/e-select2/js/e-select2.full.min.js?ver=4.0.6-rc.1 HTTP/1.1" 200 75816 millionairesys.com "-" "Mozilla/5.0 (Windows NT 10.0; Win64; x64) AppleWebKit/537.36 (KHTML, like Gecko) Chrome/112.0.0.0 Safari/537.36" "-"
37.11.108.0 - - [17/Apr/2023:19:12:52 +0200] "GET /wp-content/plugins/elementor/assets/lib/color-thief/color-thief.min.js?ver=3.6.8 HTTP/1.1" 200 6666 millionairesys.com "-" "Mozilla/5.0 (Windows NT 10.0; Win64; x64) AppleWebKit/537.36 (KHTML, like Gecko) Chrome/112.0.0.0 Safari/537.36" "-"
37.11.108.0 - - [17/Apr/2023:19:12:52 +0200] "GET /wp-content/plugins/elementor/assets/js/editor.min.js?ver=3.6.8 HTTP/1.1" 200 904627 millionairesys.com "-" "Mozilla/5.0 (Windows NT 10.0; Win64; x64) AppleWebKit/537.36 (KHTML, like Gecko) Chrome/112.0.0.0 Safari/537.36" "-"
37.11.108.0 - - [17/Apr/2023:19:12:52 +0200] "GET /wp-content/plugins/elementor/assets/js/editor-document.min.js?ver=3.6.8 HTTP/1.1" 200 384160 millionairesys.com "-" "Mozilla/5.0 (Windows NT 10.0; Win64; x64) AppleWebKit/537.36 (KHTML, like Gecko) Chrome/112.0.0.0 Safari/537.36" "-"
37.11.108.0 - - [17/Apr/2023:19:12:52 +0200] "GET /wp-content/plugins/elementor-pro/assets/js/editor.min.js?ver=3.7.3 HTTP/1.1" 200 282683 millionairesys.com "-" "Mozilla/5.0 (Windows NT 10.0; Win64; x64) AppleWebKit/537.36 (KHTML, like Gecko) Chrome/112.0.0.0 Safari/537.36" "-"
37.11.108.0 - - [17/Apr/2023:19:12:52 +0200] "GET /wp-admin/load-scripts.php?c=1&load%5Bchunk_0%5D=wp-embed&ver=6.0.1 HTTP/1.1" 200 1527 millionairesys.com "-" "Mozilla/5.0 (Windows NT 10.0; Win64; x64) AppleWebKit/537.36 (KHTML, like Gecko) Chrome/112.0.0.0 Safari/537.36" "-"
37.11.108.0 - - [17/Apr/2023:19:13:02 +0200] "POST /wp-admin/admin-ajax.php HTTP/1.1" 200 77 millionairesys.com "https://millionairesys.com/wp-admin/post.php?post=12&action=elementor" "Mozilla/5.0 (Windows NT 10.0; Win64; x64) AppleWebKit/537.36 (KHTML, like Gecko) Chrome/112.0.0.0 Safari/537.36" "-"
37.11.108.0 - - [17/Apr/2023:19:13:13 +0200] "POST /wp-admin/admin-ajax.php HTTP/1.1" 200 360 millionairesys.com "https://millionairesys.com/wp-admin/post.php?post=12&action=elementor" "Mozilla/5.0 (Windows NT 10.0; Win64; x64) AppleWebKit/537.36 (KHTML, like Gecko) Chrome/112.0.0.0 Safari/537.36" "-"
37.11.108.0 - - [17/Apr/2023:19:13:15 +0200] "GET /wp-json/elementor/v1/template-library/templates?source=local HTTP/1.1" 200 24859 millionairesys.com "https://millionairesys.com/wp-admin/post.php?post=12&action=elementor" "Mozilla/5.0 (Windows NT 10.0; Win64; x64) AppleWebKit/537.36 (KHTML, like Gecko) Chrome/112.0.0.0 Safari/537.36" "-"
37.11.108.0 - - [17/Apr/2023:19:13:17 +0200] "POST /wp-admin/admin-ajax.php HTTP/1.1" 200 77 millionairesys.com "https://millionairesys.com/wp-admin/post.php?post=12&action=elementor" "Mozilla/5.0 (Windows NT 10.0; Win64; x64) AppleWebKit/537.36 (KHTML, like Gecko) Chrome/112.0.0.0 Safari/537.36" "-"
37.11.108.0 - - [17/Apr/2023:19:13:26 +0200] "GET /wp-admin/admin-ajax.php?action=elementor_library_direct_actions&library_action=export_template&source=local&_nonce=0cc7bf2afc&template_id=3512 HTTP/1.1" 200 17031 millionairesys.com "https://millionairesys.com/wp-admin/post.php?post=12&action=elementor" "Mozilla/5.0 (Windows NT 10.0; Win64; x64) AppleWebKit/537.36 (KHTML, like Gecko) Chrome/112.0.0.0 Safari/537.36" "-"
37.11.108.0 - - [17/Apr/2023:19:13:32 +0200] "POST /wp-admin/admin-ajax.php HTTP/1.1" 200 77 millionairesys.com "https://millionairesys.com/wp-admin/post.php?post=12&action=elementor" "Mozilla/5.0 (Windows NT 10.0; Win64; x64) AppleWebKit/537.36 (KHTML, like Gecko) Chrome/112.0.0.0 Safari/537.36" "-"
82.165.80.0 - - [17/Apr/2023:19:13:33 +0200] "POST /wp-cron.php?doing_wp_cron=1681751613.1026198863983154296875 HTTP/1.1" 200 - millionairesys.com "https://millionairesys.com/wp-cron.php?doing_wp_cron=1681751613.1026198863983154296875" "WordPress/6.0.1; https://millionairesys.com" "-"
82.165.89.0 - - [17/Apr/2023:19:14:03 +0200] "GET /wp-content/uploads/2022/06/sistema-fondo.jpg HTTP/1.1" 200 103447 millionairesys.com "-" "WordPress/6.2; https://sistemaurbis.com" "-"
37.11.108.0 - - [17/Apr/2023:19:15:33 +0200] "POST /wp-admin/admin-ajax.php HTTP/1.1" 200 77 millionairesys.com "https://millionairesys.com/wp-admin/post.php?post=12&action=elementor" "Mozilla/5.0 (Windows NT 10.0; Win64; x64) AppleWebKit/537.36 (KHTML, like Gecko) Chrome/112.0.0.0 Safari/537.36" "-"
82.165.80.0 - - [17/Apr/2023:19:15:34 +0200] "POST /wp-cron.php?doing_wp_cron=1681751734.0242600440979003906250 HTTP/1.1" 200 - millionairesys.com "https://millionairesys.com/wp-cron.php?doing_wp_cron=1681751734.0242600440979003906250" "WordPress/6.0.1; https://millionairesys.com" "-"
37.11.108.0 - - [17/Apr/2023:19:17:34 +0200] "POST /wp-admin/admin-ajax.php HTTP/1.1" 200 77 millionairesys.com "https://millionairesys.com/wp-admin/post.php?post=12&action=elementor" "Mozilla/5.0 (Windows NT 10.0; Win64; x64) AppleWebKit/537.36 (KHTML, like Gecko) Chrome/112.0.0.0 Safari/537.36" "-"
82.165.80.0 - - [17/Apr/2023:19:17:35 +0200] "POST /wp-cron.php?doing_wp_cron=1681751855.0050420761108398437500 HTTP/1.1" 200 - millionairesys.com "https://millionairesys.com/wp-cron.php?doing_wp_cron=1681751855.0050420761108398437500" "WordPress/6.0.1; https://millionairesys.com" "-"
37.11.108.0 - - [17/Apr/2023:19:19:35 +0200] "POST /wp-admin/admin-ajax.php HTTP/1.1" 200 77 millionairesys.com "https://millionairesys.com/wp-admin/post.php?post=12&action=elementor" "Mozilla/5.0 (Windows NT 10.0; Win64; x64) AppleWebKit/537.36 (KHTML, like Gecko) Chrome/112.0.0.0 Safari/537.36" "-"
82.165.80.0 - - [17/Apr/2023:19:19:36 +0200] "POST /wp-cron.php?doing_wp_cron=1681751976.0378010272979736328125 HTTP/1.1" 200 - millionairesys.com "https://millionairesys.com/wp-cron.php?doing_wp_cron=1681751976.0378010272979736328125" "WordPress/6.0.1; https://millionairesys.com" "-"
37.11.108.0 - - [17/Apr/2023:19:21:36 +0200] "POST /wp-admin/admin-ajax.php HTTP/1.1" 200 77 millionairesys.com "https://millionairesys.com/wp-admin/post.php?post=12&action=elementor" "Mozilla/5.0 (Windows NT 10.0; Win64; x64) AppleWebKit/537.36 (KHTML, like Gecko) Chrome/112.0.0.0 Safari/537.36" "-"
82.165.80.0 - - [17/Apr/2023:19:21:37 +0200] "POST /wp-cron.php?doing_wp_cron=1681752097.0209579467773437500000 HTTP/1.1" 200 - millionairesys.com "https://millionairesys.com/wp-cron.php?doing_wp_cron=1681752097.0209579467773437500000" "WordPress/6.0.1; https://millionairesys.com" "-"
37.11.108.0 - - [17/Apr/2023:19:23:37 +0200] "POST /wp-admin/admin-ajax.php HTTP/1.1" 200 77 millionairesys.com "https://millionairesys.com/wp-admin/post.php?post=12&action=elementor" "Mozilla/5.0 (Windows NT 10.0; Win64; x64) AppleWebKit/537.36 (KHTML, like Gecko) Chrome/112.0.0.0 Safari/537.36" "-"
82.165.80.0 - - [17/Apr/2023:19:23:38 +0200] "POST /wp-cron.php?doing_wp_cron=1681752218.0456619262695312500000 HTTP/1.1" 200 - millionairesys.com "https://millionairesys.com/wp-cron.php?doing_wp_cron=1681752218.0456619262695312500000" "WordPress/6.0.1; https://millionairesys.com" "-"
37.11.108.0 - - [17/Apr/2023:19:25:38 +0200] "POST /wp-admin/admin-ajax.php HTTP/1.1" 200 77 millionairesys.com "https://millionairesys.com/wp-admin/post.php?post=12&action=elementor" "Mozilla/5.0 (Windows NT 10.0; Win64; x64) AppleWebKit/537.36 (KHTML, like Gecko) Chrome/112.0.0.0 Safari/537.36" "-"
82.165.80.0 - - [17/Apr/2023:19:25:39 +0200] "POST /wp-cron.php?doing_wp_cron=1681752339.9185729026794433593750 HTTP/1.1" 200 - millionairesys.com "https://millionairesys.com/wp-cron.php?doing_wp_cron=1681752339.9185729026794433593750" "WordPress/6.0.1; https://millionairesys.com" "-"
37.11.108.0 - - [17/Apr/2023:19:27:39 +0200] "POST /wp-admin/admin-ajax.php HTTP/1.1" 200 77 millionairesys.com "https://millionairesys.com/wp-admin/post.php?post=12&action=elementor" "Mozilla/5.0 (Windows NT 10.0; Win64; x64) AppleWebKit/537.36 (KHTML, like Gecko) Chrome/112.0.0.0 Safari/537.36" "-"
82.165.80.0 - - [17/Apr/2023:19:27:40 +0200] "POST /wp-cron.php?doing_wp_cron=1681752460.0195379257202148437500 HTTP/1.1" 200 - millionairesys.com "https://millionairesys.com/wp-cron.php?doing_wp_cron=1681752460.0195379257202148437500" "WordPress/6.0.1; https://millionairesys.com" "-"
37.11.108.0 - - [17/Apr/2023:19:29:40 +0200] "POST /wp-admin/admin-ajax.php HTTP/1.1" 200 77 millionairesys.com "https://millionairesys.com/wp-admin/post.php?post=12&action=elementor" "Mozilla/5.0 (Windows NT 10.0; Win64; x64) AppleWebKit/537.36 (KHTML, like Gecko) Chrome/112.0.0.0 Safari/537.36" "-"
82.165.80.0 - - [17/Apr/2023:19:29:41 +0200] "POST /wp-cron.php?doing_wp_cron=1681752581.0149219036102294921875 HTTP/1.1" 200 - millionairesys.com "https://millionairesys.com/wp-cron.php?doing_wp_cron=1681752581.0149219036102294921875" "WordPress/6.0.1; https://millionairesys.com" "-"
37.11.108.0 - - [17/Apr/2023:19:31:41 +0200] "POST /wp-admin/admin-ajax.php HTTP/1.1" 200 77 millionairesys.com "https://millionairesys.com/wp-admin/post.php?post=12&action=elementor" "Mozilla/5.0 (Windows NT 10.0; Win64; x64) AppleWebKit/537.36 (KHTML, like Gecko) Chrome/112.0.0.0 Safari/537.36" "-"
82.165.80.0 - - [17/Apr/2023:19:31:42 +0200] "POST /wp-cron.php?doing_wp_cron=1681752702.0617070198059082031250 HTTP/1.1" 200 - millionairesys.com "https://millionairesys.com/wp-cron.php?doing_wp_cron=1681752702.0617070198059082031250" "WordPress/6.0.1; https://millionairesys.com" "-"
37.11.108.0 - - [17/Apr/2023:19:33:42 +0200] "POST /wp-admin/admin-ajax.php HTTP/1.1" 200 77 millionairesys.com "https://millionairesys.com/wp-admin/post.php?post=12&action=elementor" "Mozilla/5.0 (Windows NT 10.0; Win64; x64) AppleWebKit/537.36 (KHTML, like Gecko) Chrome/112.0.0.0 Safari/537.36" "-"
82.165.80.0 - - [17/Apr/2023:19:33:43 +0200] "POST /wp-cron.php?doing_wp_cron=1681752823.2489969730377197265625 HTTP/1.1" 200 - millionairesys.com "https://millionairesys.com/wp-cron.php?doing_wp_cron=1681752823.2489969730377197265625" "WordPress/6.0.1; https://millionairesys.com" "-"
37.11.108.0 - - [17/Apr/2023:19:35:43 +0200] "POST /wp-admin/admin-ajax.php HTTP/1.1" 200 77 millionairesys.com "https://millionairesys.com/wp-admin/post.php?post=12&action=elementor" "Mozilla/5.0 (Windows NT 10.0; Win64; x64) AppleWebKit/537.36 (KHTML, like Gecko) Chrome/112.0.0.0 Safari/537.36" "-"
82.165.80.0 - - [17/Apr/2023:19:35:44 +0200] "POST /wp-cron.php?doing_wp_cron=1681752944.0480830669403076171875 HTTP/1.1" 200 - millionairesys.com "https://millionairesys.com/wp-cron.php?doing_wp_cron=1681752944.0480830669403076171875" "WordPress/6.0.1; https://millionairesys.com" "-"
37.11.108.0 - - [17/Apr/2023:19:37:44 +0200] "POST /wp-admin/admin-ajax.php HTTP/1.1" 200 77 millionairesys.com "https://millionairesys.com/wp-admin/post.php?post=12&action=elementor" "Mozilla/5.0 (Windows NT 10.0; Win64; x64) AppleWebKit/537.36 (KHTML, like Gecko) Chrome/112.0.0.0 Safari/537.36" "-"
82.165.80.0 - - [17/Apr/2023:19:37:45 +0200] "POST /wp-cron.php?doing_wp_cron=1681753065.0619249343872070312500 HTTP/1.1" 200 - millionairesys.com "https://millionairesys.com/wp-cron.php?doing_wp_cron=1681753065.0619249343872070312500" "WordPress/6.0.1; https://millionairesys.com" "-"
37.11.108.0 - - [17/Apr/2023:19:39:45 +0200] "POST /wp-admin/admin-ajax.php HTTP/1.1" 200 77 millionairesys.com "https://millionairesys.com/wp-admin/post.php?post=12&action=elementor" "Mozilla/5.0 (Windows NT 10.0; Win64; x64) AppleWebKit/537.36 (KHTML, like Gecko) Chrome/112.0.0.0 Safari/537.36" "-"
82.165.80.0 - - [17/Apr/2023:19:39:46 +0200] "POST /wp-cron.php?doing_wp_cron=1681753186.0532519817352294921875 HTTP/1.1" 200 - millionairesys.com "https://millionairesys.com/wp-cron.php?doing_wp_cron=1681753186.0532519817352294921875" "WordPress/6.0.1; https://millionairesys.com" "-"
37.11.108.0 - - [17/Apr/2023:19:41:46 +0200] "POST /wp-admin/admin-ajax.php HTTP/1.1" 200 77 millionairesys.com "https://millionairesys.com/wp-admin/post.php?post=12&action=elementor" "Mozilla/5.0 (Windows NT 10.0; Win64; x64) AppleWebKit/537.36 (KHTML, like Gecko) Chrome/112.0.0.0 Safari/537.36" "-"
82.165.80.0 - - [17/Apr/2023:19:41:47 +0200] "POST /wp-cron.php?doing_wp_cron=1681753307.0867440700531005859375 HTTP/1.1" 200 - millionairesys.com "https://millionairesys.com/wp-cron.php?doing_wp_cron=1681753307.0867440700531005859375" "WordPress/6.0.1; https://millionairesys.com" "-"
37.11.108.0 - - [17/Apr/2023:19:43:47 +0200] "POST /wp-admin/admin-ajax.php HTTP/1.1" 200 77 millionairesys.com "https://millionairesys.com/wp-admin/post.php?post=12&action=elementor" "Mozilla/5.0 (Windows NT 10.0; Win64; x64) AppleWebKit/537.36 (KHTML, like Gecko) Chrome/112.0.0.0 Safari/537.36" "-"
82.165.80.0 - - [17/Apr/2023:19:43:48 +0200] "POST /wp-cron.php?doing_wp_cron=1681753428.0054728984832763671875 HTTP/1.1" 200 - millionairesys.com "https://millionairesys.com/wp-cron.php?doing_wp_cron=1681753428.0054728984832763671875" "WordPress/6.0.1; https://millionairesys.com" "-"
37.11.108.0 - - [17/Apr/2023:19:45:48 +0200] "POST /wp-admin/admin-ajax.php HTTP/1.1" 200 77 millionairesys.com "https://millionairesys.com/wp-admin/post.php?post=12&action=elementor" "Mozilla/5.0 (Windows NT 10.0; Win64; x64) AppleWebKit/537.36 (KHTML, like Gecko) Chrome/112.0.0.0 Safari/537.36" "-"
82.165.80.0 - - [17/Apr/2023:19:45:49 +0200] "POST /wp-cron.php?doing_wp_cron=1681753549.0611810684204101562500 HTTP/1.1" 200 - millionairesys.com "https://millionairesys.com/wp-cron.php?doing_wp_cron=1681753549.0611810684204101562500" "WordPress/6.0.1; https://millionairesys.com" "-"
37.11.108.0 - - [17/Apr/2023:19:47:49 +0200] "POST /wp-admin/admin-ajax.php HTTP/1.1" 200 77 millionairesys.com "https://millionairesys.com/wp-admin/post.php?post=12&action=elementor" "Mozilla/5.0 (Windows NT 10.0; Win64; x64) AppleWebKit/537.36 (KHTML, like Gecko) Chrome/112.0.0.0 Safari/537.36" "-"
82.165.80.0 - - [17/Apr/2023:19:47:50 +0200] "POST /wp-cron.php?doing_wp_cron=1681753670.0159339904785156250000 HTTP/1.1" 200 - millionairesys.com "https://millionairesys.com/wp-cron.php?doing_wp_cron=1681753670.0159339904785156250000" "WordPress/6.0.1; https://millionairesys.com" "-"
37.11.108.0 - - [17/Apr/2023:19:49:50 +0200] "POST /wp-admin/admin-ajax.php HTTP/1.1" 200 77 millionairesys.com "https://millionairesys.com/wp-admin/post.php?post=12&action=elementor" "Mozilla/5.0 (Windows NT 10.0; Win64; x64) AppleWebKit/537.36 (KHTML, like Gecko) Chrome/112.0.0.0 Safari/537.36" "-"
82.165.80.0 - - [17/Apr/2023:19:49:51 +0200] "POST /wp-cron.php?doing_wp_cron=1681753791.0852520465850830078125 HTTP/1.1" 200 - millionairesys.com "https://millionairesys.com/wp-cron.php?doing_wp_cron=1681753791.0852520465850830078125" "WordPress/6.0.1; https://millionairesys.com" "-"
37.11.108.0 - - [17/Apr/2023:19:51:26 +0200] "POST /wp-admin/admin-ajax.php HTTP/1.1" 200 77 millionairesys.com "https://millionairesys.com/wp-admin/post.php?post=12&action=elementor" "Mozilla/5.0 (Windows NT 10.0; Win64; x64) AppleWebKit/537.36 (KHTML, like Gecko) Chrome/112.0.0.0 Safari/537.36" "-"
82.165.80.0 - - [17/Apr/2023:19:51:27 +0200] "POST /wp-cron.php?doing_wp_cron=1681753887.7216019630432128906250 HTTP/1.1" 200 - millionairesys.com "https://millionairesys.com/wp-cron.php?doing_wp_cron=1681753887.7216019630432128906250" "WordPress/6.0.1; https://millionairesys.com" "-"
82.165.80.0 - - [17/Apr/2023:19:51:42 +0200] "POST /wp-cron.php?doing_wp_cron=1681753902.7334420680999755859375 HTTP/1.1" 200 - millionairesys.com "https://millionairesys.com/wp-cron.php?doing_wp_cron=1681753902.7334420680999755859375" "WordPress/6.0.1; https://millionairesys.com" "-"
37.11.108.0 - - [17/Apr/2023:19:51:42 +0200] "POST /wp-admin/admin-ajax.php HTTP/1.1" 200 77 millionairesys.com "https://millionairesys.com/wp-admin/post.php?post=12&action=elementor" "Mozilla/5.0 (Windows NT 10.0; Win64; x64) AppleWebKit/537.36 (KHTML, like Gecko) Chrome/112.0.0.0 Safari/537.36" "-"
37.11.108.0 - - [17/Apr/2023:19:51:42 +0200] "GET /wp-admin/ HTTP/1.1" 200 266464 millionairesys.com "-" "Mozilla/5.0 (Windows NT 10.0; Win64; x64) AppleWebKit/537.36 (KHTML, like Gecko) Chrome/112.0.0.0 Safari/537.36" "-"
82.165.80.0 - - [17/Apr/2023:19:51:43 +0200] "GET / HTTP/1.1" 200 123884 millionairesys.com "https://millionairesys.com/" "WordPress/6.0.1; https://millionairesys.com" "-"
82.165.80.0 - - [17/Apr/2023:19:51:44 +0200] "POST /wp-cron.php?doing_wp_cron=1681753904.5320260524749755859375 HTTP/1.1" 200 - millionairesys.com "https://millionairesys.com/wp-cron.php?doing_wp_cron=1681753904.5320260524749755859375" "WordPress/6.0.1; https://millionairesys.com" "-"
37.11.108.0 - - [17/Apr/2023:19:51:46 +0200] "POST /wp-admin/admin-ajax.php HTTP/1.1" 200 59 millionairesys.com "https://millionairesys.com/wp-admin/" "Mozilla/5.0 (Windows NT 10.0; Win64; x64) AppleWebKit/537.36 (KHTML, like Gecko) Chrome/112.0.0.0 Safari/537.36" "-"
37.11.108.0 - - [17/Apr/2023:19:51:47 +0200] "POST /wp-admin/admin-ajax.php HTTP/1.1" 200 102 millionairesys.com "https://millionairesys.com/wp-admin/" "Mozilla/5.0 (Windows NT 10.0; Win64; x64) AppleWebKit/537.36 (KHTML, like Gecko) Chrome/112.0.0.0 Safari/537.36" "-"
37.11.108.0 - - [17/Apr/2023:19:51:48 +0200] "GET /wp-admin/edit.php?post_type=page HTTP/1.1" 200 294945 millionairesys.com "https://millionairesys.com/wp-admin/" "Mozilla/5.0 (Windows NT 10.0; Win64; x64) AppleWebKit/537.36 (KHTML, like Gecko) Chrome/112.0.0.0 Safari/537.36" "-"
37.11.108.0 - - [17/Apr/2023:19:51:49 +0200] "GET /wp-includes/js/media-grid.min.js?ver=6.0.1 HTTP/1.1" 200 13356 millionairesys.com "https://millionairesys.com/wp-admin/edit.php?post_type=page" "Mozilla/5.0 (Windows NT 10.0; Win64; x64) AppleWebKit/537.36 (KHTML, like Gecko) Chrome/112.0.0.0 Safari/537.36" "-"
37.11.108.0 - - [17/Apr/2023:19:51:49 +0200] "GET /wp-admin/load-scripts.php?c=1&load%5Bchunk_0%5D=jquery-core,jquery-migrate,regenerator-runtime,wp-polyfill,wp-hooks,utils,heartbeat,moxiejs,plupload&ver=6.0.1 HTTP/1.1" 200 242211 millionairesys.com "https://millionairesys.com/wp-admin/edit.php?post_type=page" "Mozilla/5.0 (Windows NT 10.0; Win64; x64) AppleWebKit/537.36 (KHTML, like Gecko) Chrome/112.0.0.0 Safari/537.36" "-"
37.11.108.0 - - [17/Apr/2023:19:51:50 +0200] "GET /wp-includes/js/wp-api.min.js?ver=6.0.1 HTTP/1.1" 200 14683 millionairesys.com "https://millionairesys.com/wp-admin/edit.php?post_type=page" "Mozilla/5.0 (Windows NT 10.0; Win64; x64) AppleWebKit/537.36 (KHTML, like Gecko) Chrome/112.0.0.0 Safari/537.36" "-"
37.11.108.0 - - [17/Apr/2023:19:51:50 +0200] "GET /wp-content/plugins/wp-smushit/app/assets/js/smush-media.min.js?ver=3.10.3 HTTP/1.1" 200 1901 millionairesys.com "https://millionairesys.com/wp-admin/edit.php?post_type=page" "Mozilla/5.0 (Windows NT 10.0; Win64; x64) AppleWebKit/537.36 (KHTML, like Gecko) Chrome/112.0.0.0 Safari/537.36" "-"
37.11.108.0 - - [17/Apr/2023:19:51:53 +0200] "GET /anuncios-ads/ HTTP/1.1" 200 145322 millionairesys.com "https://millionairesys.com/wp-admin/edit.php?post_type=page" "Mozilla/5.0 (Windows NT 10.0; Win64; x64) AppleWebKit/537.36 (KHTML, like Gecko) Chrome/112.0.0.0 Safari/537.36" "-"
82.165.80.0 - - [17/Apr/2023:19:51:54 +0200] "POST /wp-cron.php?doing_wp_cron=1681753914.4730300903320312500000 HTTP/1.1" 200 - millionairesys.com "https://millionairesys.com/wp-cron.php?doing_wp_cron=1681753914.4730300903320312500000" "WordPress/6.0.1; https://millionairesys.com" "-"
37.11.108.0 - - [17/Apr/2023:19:51:55 +0200] "GET /wp-content/uploads/elementor/css/post-2773.css?ver=1668707973 HTTP/1.1" 200 11359 millionairesys.com "https://millionairesys.com/anuncios-ads/" "Mozilla/5.0 (Windows NT 10.0; Win64; x64) AppleWebKit/537.36 (KHTML, like Gecko) Chrome/112.0.0.0 Safari/537.36" "-"
37.11.108.0 - - [17/Apr/2023:19:51:56 +0200] "GET /wp-content/uploads/2022/10/anuncios-3-1024x1024.jpg HTTP/1.1" 200 117545 millionairesys.com "https://millionairesys.com/anuncios-ads/" "Mozilla/5.0 (Windows NT 10.0; Win64; x64) AppleWebKit/537.36 (KHTML, like Gecko) Chrome/112.0.0.0 Safari/537.36" "-"
37.11.108.0 - - [17/Apr/2023:19:51:56 +0200] "GET /wp-content/uploads/2022/08/1-NFT-1024x1024.jpg HTTP/1.1" 200 162620 millionairesys.com "https://millionairesys.com/anuncios-ads/" "Mozilla/5.0 (Windows NT 10.0; Win64; x64) AppleWebKit/537.36 (KHTML, like Gecko) Chrome/112.0.0.0 Safari/537.36" "-"
37.11.108.0 - - [17/Apr/2023:19:51:56 +0200] "GET /wp-content/plugins/elementor/assets/js/toggle.8a7e00b5533a9ef1cfb5.bundle.min.js HTTP/1.1" 200 3778 millionairesys.com "https://millionairesys.com/anuncios-ads/" "Mozilla/5.0 (Windows NT 10.0; Win64; x64) AppleWebKit/537.36 (KHTML, like Gecko) Chrome/112.0.0.0 Safari/537.36" "-"
37.11.108.0 - - [17/Apr/2023:19:51:56 +0200] "GET /wp-content/uploads/2022/10/video-juegos-1024x1024.jpg HTTP/1.1" 200 98531 millionairesys.com "https://millionairesys.com/anuncios-ads/" "Mozilla/5.0 (Windows NT 10.0; Win64; x64) AppleWebKit/537.36 (KHTML, like Gecko) Chrome/112.0.0.0 Safari/537.36" "-"
37.11.108.0 - - [17/Apr/2023:19:51:56 +0200] "GET /wp-content/uploads/2022/08/2-anuncio-1024x1024.jpg HTTP/1.1" 200 109126 millionairesys.com "https://millionairesys.com/anuncios-ads/" "Mozilla/5.0 (Windows NT 10.0; Win64; x64) AppleWebKit/537.36 (KHTML, like Gecko) Chrome/112.0.0.0 Safari/537.36" "-"
37.11.108.0 - - [17/Apr/2023:19:51:59 +0200] "GET /wp-content/uploads/2022/10/anuncios-1024x1024.jpg HTTP/1.1" 200 79713 millionairesys.com "https://millionairesys.com/anuncios-ads/" "Mozilla/5.0 (Windows NT 10.0; Win64; x64) AppleWebKit/537.36 (KHTML, like Gecko) Chrome/112.0.0.0 Safari/537.36" "-"
37.11.108.0 - - [17/Apr/2023:19:52:03 +0200] "GET /wp-content/uploads/2022/11/1-1024x1024.jpg HTTP/1.1" 200 88648 millionairesys.com "https://millionairesys.com/anuncios-ads/" "Mozilla/5.0 (Windows NT 10.0; Win64; x64) AppleWebKit/537.36 (KHTML, like Gecko) Chrome/112.0.0.0 Safari/537.36" "-"
37.11.108.0 - - [17/Apr/2023:19:52:03 +0200] "GET /wp-content/uploads/2022/11/2-576x1024.jpg HTTP/1.1" 200 61333 millionairesys.com "https://millionairesys.com/anuncios-ads/" "Mozilla/5.0 (Windows NT 10.0; Win64; x64) AppleWebKit/537.36 (KHTML, like Gecko) Chrome/112.0.0.0 Safari/537.36" "-"
37.11.108.0 - - [17/Apr/2023:19:52:04 +0200] "GET /wp-content/uploads/2022/11/3-1024x1024.jpg HTTP/1.1" 200 80356 millionairesys.com "https://millionairesys.com/anuncios-ads/" "Mozilla/5.0 (Windows NT 10.0; Win64; x64) AppleWebKit/537.36 (KHTML, like Gecko) Chrome/112.0.0.0 Safari/537.36" "-"
37.11.108.0 - - [17/Apr/2023:19:52:07 +0200] "GET /la-oportunidad-inicio-rapido/ HTTP/1.1" 200 126507 millionairesys.com "https://millionairesys.com/anuncios-ads/" "Mozilla/5.0 (Windows NT 10.0; Win64; x64) AppleWebKit/537.36 (KHTML, like Gecko) Chrome/112.0.0.0 Safari/537.36" "-"
37.11.108.0 - - [17/Apr/2023:19:52:08 +0200] "GET /wp-content/uploads/elementor/css/post-394.css?ver=1659889835 HTTP/1.1" 200 11657 millionairesys.com "https://millionairesys.com/la-oportunidad-inicio-rapido/" "Mozilla/5.0 (Windows NT 10.0; Win64; x64) AppleWebKit/537.36 (KHTML, like Gecko) Chrome/112.0.0.0 Safari/537.36" "-"
37.11.108.0 - - [17/Apr/2023:19:52:15 +0200] "GET /wp-admin/post.php?post=394&action=elementor HTTP/1.1" 200 1401761 millionairesys.com "https://millionairesys.com/la-oportunidad-inicio-rapido/" "Mozilla/5.0 (Windows NT 10.0; Win64; x64) AppleWebKit/537.36 (KHTML, like Gecko) Chrome/112.0.0.0 Safari/537.36" "-"
37.11.108.0 - - [17/Apr/2023:19:52:16 +0200] "GET /wp-admin/admin.php?page=elementor-app&ver=3.6.8 HTTP/1.1" 200 2416 millionairesys.com "https://millionairesys.com/la-oportunidad-inicio-rapido/" "Mozilla/5.0 (Windows NT 10.0; Win64; x64) AppleWebKit/537.36 (KHTML, like Gecko) Chrome/112.0.0.0 Safari/537.36" "-"
37.11.108.0 - - [17/Apr/2023:19:52:17 +0200] "GET /wp-includes/images/spinner.gif HTTP/1.1" 200 3656 millionairesys.com "https://millionairesys.com/wp-includes/css/media-views.min.css?ver=6.0.1" "Mozilla/5.0 (Windows NT 10.0; Win64; x64) AppleWebKit/537.36 (KHTML, like Gecko) Chrome/112.0.0.0 Safari/537.36" "-"
37.11.108.0 - - [17/Apr/2023:19:52:17 +0200] "GET /wp-json/elementor/v1/global-widget/templates HTTP/1.1" 200 2 millionairesys.com "https://millionairesys.com/wp-admin/post.php?post=394&action=elementor" "Mozilla/5.0 (Windows NT 10.0; Win64; x64) AppleWebKit/537.36 (KHTML, like Gecko) Chrome/112.0.0.0 Safari/537.36" "-"
37.11.108.0 - - [17/Apr/2023:19:52:17 +0200] "POST /wp-admin/admin-ajax.php HTTP/1.1" 200 77 millionairesys.com "https://millionairesys.com/wp-admin/post.php?post=394&action=elementor" "Mozilla/5.0 (Windows NT 10.0; Win64; x64) AppleWebKit/537.36 (KHTML, like Gecko) Chrome/112.0.0.0 Safari/537.36" "-"
37.11.108.0 - - [17/Apr/2023:19:52:17 +0200] "GET /la-oportunidad-inicio-rapido/?elementor-preview=394&ver=1681753936 HTTP/1.1" 200 144706 millionairesys.com "https://millionairesys.com/wp-admin/post.php?post=394&action=elementor" "Mozilla/5.0 (Windows NT 10.0; Win64; x64) AppleWebKit/537.36 (KHTML, like Gecko) Chrome/112.0.0.0 Safari/537.36" "-"
37.11.108.0 - - [17/Apr/2023:19:52:17 +0200] "POST /wp-admin/admin-ajax.php HTTP/1.1" 200 425292 millionairesys.com "https://millionairesys.com/wp-admin/post.php?post=394&action=elementor" "Mozilla/5.0 (Windows NT 10.0; Win64; x64) AppleWebKit/537.36 (KHTML, like Gecko) Chrome/112.0.0.0 Safari/537.36" "-"
37.11.108.0 - - [17/Apr/2023:19:52:18 +0200] "GET /wp-json/elementor/v1/globals HTTP/1.1" 200 1149 millionairesys.com "https://millionairesys.com/wp-admin/post.php?post=394&action=elementor" "Mozilla/5.0 (Windows NT 10.0; Win64; x64) AppleWebKit/537.36 (KHTML, like Gecko) Chrome/112.0.0.0 Safari/537.36" "-"
37.11.108.0 - - [17/Apr/2023:19:52:20 +0200] "GET /wp-content/plugins/elementor/assets/lib/font-awesome/css/solid.min.css HTTP/1.1" 200 669 millionairesys.com "https://millionairesys.com/la-oportunidad-inicio-rapido/?elementor-preview=394&ver=1681753936" "Mozilla/5.0 (Windows NT 10.0; Win64; x64) AppleWebKit/537.36 (KHTML, like Gecko) Chrome/112.0.0.0 Safari/537.36" "-"
37.11.108.0 - - [17/Apr/2023:19:52:20 +0200] "GET /wp-content/plugins/elementor/assets/lib/font-awesome/css/fontawesome.min.css HTTP/1.1" 200 57912 millionairesys.com "https://millionairesys.com/la-oportunidad-inicio-rapido/?elementor-preview=394&ver=1681753936" "Mozilla/5.0 (Windows NT 10.0; Win64; x64) AppleWebKit/537.36 (KHTML, like Gecko) Chrome/112.0.0.0 Safari/537.36" "-"
37.11.108.0 - - [17/Apr/2023:19:52:22 +0200] "GET /wp-includes/js/tinymce/wp-tinymce.js?ver=49110-20201110 HTTP/1.1" 200 671342 millionairesys.com "-" "Mozilla/5.0 (Windows NT 10.0; Win64; x64) AppleWebKit/537.36 (KHTML, like Gecko) Chrome/112.0.0.0 Safari/537.36" "-"
37.11.108.0 - - [17/Apr/2023:19:52:22 +0200] "GET /wp-includes/js/utils.min.js?ver=6.0.1 HTTP/1.1" 200 1866 millionairesys.com "-" "Mozilla/5.0 (Windows NT 10.0; Win64; x64) AppleWebKit/537.36 (KHTML, like Gecko) Chrome/112.0.0.0 Safari/537.36" "-"
37.11.108.0 - - [17/Apr/2023:19:52:22 +0200] "GET /wp-includes/js/plupload/moxie.min.js?ver=1.3.5 HTTP/1.1" 200 87518 millionairesys.com "-" "Mozilla/5.0 (Windows NT 10.0; Win64; x64) AppleWebKit/537.36 (KHTML, like Gecko) Chrome/112.0.0.0 Safari/537.36" "-"
37.11.108.0 - - [17/Apr/2023:19:52:22 +0200] "GET /wp-admin/js/widgets/media-audio-widget.min.js?ver=6.0.1 HTTP/1.1" 200 1447 millionairesys.com "-" "Mozilla/5.0 (Windows NT 10.0; Win64; x64) AppleWebKit/537.36 (KHTML, like Gecko) Chrome/112.0.0.0 Safari/537.36" "-"
37.11.108.0 - - [17/Apr/2023:19:52:22 +0200] "GET /wp-includes/js/plupload/plupload.min.js?ver=2.1.9 HTTP/1.1" 200 15612 millionairesys.com "-" "Mozilla/5.0 (Windows NT 10.0; Win64; x64) AppleWebKit/537.36 (KHTML, like Gecko) Chrome/112.0.0.0 Safari/537.36" "-"
37.11.108.0 - - [17/Apr/2023:19:52:22 +0200] "GET /wp-includes/js/media-audiovideo.min.js?ver=6.0.1 HTTP/1.1" 200 12092 millionairesys.com "-" "Mozilla/5.0 (Windows NT 10.0; Win64; x64) AppleWebKit/537.36 (KHTML, like Gecko) Chrome/112.0.0.0 Safari/537.36" "-"
37.11.108.0 - - [17/Apr/2023:19:52:22 +0200] "GET /wp-admin/js/widgets/media-image-widget.min.js?ver=6.0.1 HTTP/1.1" 200 2024 millionairesys.com "-" "Mozilla/5.0 (Windows NT 10.0; Win64; x64) AppleWebKit/537.36 (KHTML, like Gecko) Chrome/112.0.0.0 Safari/537.36" "-"
37.11.108.0 - - [17/Apr/2023:19:52:22 +0200] "GET /wp-admin/js/widgets/media-widgets.min.js?ver=6.0.1 HTTP/1.1" 200 14252 millionairesys.com "-" "Mozilla/5.0 (Windows NT 10.0; Win64; x64) AppleWebKit/537.36 (KHTML, like Gecko) Chrome/112.0.0.0 Safari/537.36" "-"
37.11.108.0 - - [17/Apr/2023:19:52:22 +0200] "GET /wp-admin/js/widgets/media-video-widget.min.js?ver=6.0.1 HTTP/1.1" 200 2702 millionairesys.com "-" "Mozilla/5.0 (Windows NT 10.0; Win64; x64) AppleWebKit/537.36 (KHTML, like Gecko) Chrome/112.0.0.0 Safari/537.36" "-"
37.11.108.0 - - [17/Apr/2023:19:52:22 +0200] "GET /wp-admin/js/widgets/media-gallery-widget.min.js?ver=6.0.1 HTTP/1.1" 200 3766 millionairesys.com "-" "Mozilla/5.0 (Windows NT 10.0; Win64; x64) AppleWebKit/537.36 (KHTML, like Gecko) Chrome/112.0.0.0 Safari/537.36" "-"
37.11.108.0 - - [17/Apr/2023:19:52:22 +0200] "GET /wp-admin/js/editor.min.js?ver=6.0.1 HTTP/1.1" 200 13206 millionairesys.com "-" "Mozilla/5.0 (Windows NT 10.0; Win64; x64) AppleWebKit/537.36 (KHTML, like Gecko) Chrome/112.0.0.0 Safari/537.36" "-"
37.11.108.0 - - [17/Apr/2023:19:52:22 +0200] "GET /wp-admin/js/image-edit.min.js?ver=6.0.1 HTTP/1.1" 200 11255 millionairesys.com "-" "Mozilla/5.0 (Windows NT 10.0; Win64; x64) AppleWebKit/537.36 (KHTML, like Gecko) Chrome/112.0.0.0 Safari/537.36" "-"
37.11.108.0 - - [17/Apr/2023:19:52:22 +0200] "GET /wp-admin/js/widgets/text-widgets.min.js?ver=6.0.1 HTTP/1.1" 200 5853 millionairesys.com "-" "Mozilla/5.0 (Windows NT 10.0; Win64; x64) AppleWebKit/537.36 (KHTML, like Gecko) Chrome/112.0.0.0 Safari/537.36" "-"
37.11.108.0 - - [17/Apr/2023:19:52:22 +0200] "GET /wp-content/plugins/elementor/assets/js/editor-modules.min.js?ver=3.6.8 HTTP/1.1" 200 41341 millionairesys.com "-" "Mozilla/5.0 (Windows NT 10.0; Win64; x64) AppleWebKit/537.36 (KHTML, like Gecko) Chrome/112.0.0.0 Safari/537.36" "-"
37.11.108.0 - - [17/Apr/2023:19:52:22 +0200] "GET /wp-content/plugins/elementor-pro/assets/js/editor.min.js?ver=3.7.3 HTTP/1.1" 200 282683 millionairesys.com "-" "Mozilla/5.0 (Windows NT 10.0; Win64; x64) AppleWebKit/537.36 (KHTML, like Gecko) Chrome/112.0.0.0 Safari/537.36" "-"
37.11.108.0 - - [17/Apr/2023:19:52:22 +0200] "GET /wp-content/plugins/elementor/assets/js/editor-document.min.js?ver=3.6.8 HTTP/1.1" 200 384160 millionairesys.com "-" "Mozilla/5.0 (Windows NT 10.0; Win64; x64) AppleWebKit/537.36 (KHTML, like Gecko) Chrome/112.0.0.0 Safari/537.36" "-"
37.11.108.0 - - [17/Apr/2023:19:52:22 +0200] "GET /wp-content/plugins/elementor/assets/lib/perfect-scrollbar/js/perfect-scrollbar.min.js?ver=1.4.0 HTTP/1.1" 200 18291 millionairesys.com "-" "Mozilla/5.0 (Windows NT 10.0; Win64; x64) AppleWebKit/537.36 (KHTML, like Gecko) Chrome/112.0.0.0 Safari/537.36" "-"
37.11.108.0 - - [17/Apr/2023:19:52:22 +0200] "GET /wp-includes/js/heartbeat.min.js?ver=6.0.1 HTTP/1.1" 200 5934 millionairesys.com "-" "Mozilla/5.0 (Windows NT 10.0; Win64; x64) AppleWebKit/537.36 (KHTML, like Gecko) Chrome/112.0.0.0 Safari/537.36" "-"
37.11.108.0 - - [17/Apr/2023:19:52:22 +0200] "GET /wp-content/plugins/elementor/assets/lib/nprogress/nprogress.min.js?ver=0.2.0 HTTP/1.1" 200 5999 millionairesys.com "-" "Mozilla/5.0 (Windows NT 10.0; Win64; x64) AppleWebKit/537.36 (KHTML, like Gecko) Chrome/112.0.0.0 Safari/537.36" "-"
37.11.108.0 - - [17/Apr/2023:19:52:22 +0200] "GET /wp-includes/js/imagesloaded.min.js?ver=4.1.4 HTTP/1.1" 200 5629 millionairesys.com "-" "Mozilla/5.0 (Windows NT 10.0; Win64; x64) AppleWebKit/537.36 (KHTML, like Gecko) Chrome/112.0.0.0 Safari/537.36" "-"
37.11.108.0 - - [17/Apr/2023:19:52:22 +0200] "GET /wp-content/plugins/elementor/assets/lib/e-select2/js/e-select2.full.min.js?ver=4.0.6-rc.1 HTTP/1.1" 200 75816 millionairesys.com "-" "Mozilla/5.0 (Windows NT 10.0; Win64; x64) AppleWebKit/537.36 (KHTML, like Gecko) Chrome/112.0.0.0 Safari/537.36" "-"
37.11.108.0 - - [17/Apr/2023:19:52:22 +0200] "GET /wp-content/plugins/elementor/assets/lib/nouislider/nouislider.min.js?ver=13.0.0 HTTP/1.1" 200 23000 millionairesys.com "-" "Mozilla/5.0 (Windows NT 10.0; Win64; x64) AppleWebKit/537.36 (KHTML, like Gecko) Chrome/112.0.0.0 Safari/537.36" "-"
37.11.108.0 - - [17/Apr/2023:19:52:22 +0200] "GET /wp-content/plugins/elementor/assets/lib/pickr/pickr.min.js?ver=1.5.0 HTTP/1.1" 200 24276 millionairesys.com "-" "Mozilla/5.0 (Windows NT 10.0; Win64; x64) AppleWebKit/537.36 (KHTML, like Gecko) Chrome/112.0.0.0 Safari/537.36" "-"
37.11.108.0 - - [17/Apr/2023:19:52:22 +0200] "GET /wp-content/plugins/elementor/assets/js/editor.min.js?ver=3.6.8 HTTP/1.1" 200 904627 millionairesys.com "-" "Mozilla/5.0 (Windows NT 10.0; Win64; x64) AppleWebKit/537.36 (KHTML, like Gecko) Chrome/112.0.0.0 Safari/537.36" "-"
37.11.108.0 - - [17/Apr/2023:19:52:22 +0200] "GET /wp-content/plugins/elementor/assets/lib/color-thief/color-thief.min.js?ver=3.6.8 HTTP/1.1" 200 6666 millionairesys.com "-" "Mozilla/5.0 (Windows NT 10.0; Win64; x64) AppleWebKit/537.36 (KHTML, like Gecko) Chrome/112.0.0.0 Safari/537.36" "-"
37.11.108.0 - - [17/Apr/2023:19:52:22 +0200] "GET /wp-admin/js/widgets/custom-html-widgets.min.js?ver=6.0.1 HTTP/1.1" 200 5571 millionairesys.com "-" "Mozilla/5.0 (Windows NT 10.0; Win64; x64) AppleWebKit/537.36 (KHTML, like Gecko) Chrome/112.0.0.0 Safari/537.36" "-"
37.11.108.0 - - [17/Apr/2023:19:52:22 +0200] "GET /wp-content/plugins/elementor/assets/lib/flatpickr/flatpickr.min.js?ver=1.12.0 HTTP/1.1" 200 43584 millionairesys.com "-" "Mozilla/5.0 (Windows NT 10.0; Win64; x64) AppleWebKit/537.36 (KHTML, like Gecko) Chrome/112.0.0.0 Safari/537.36" "-"
37.11.108.0 - - [17/Apr/2023:19:52:22 +0200] "GET /wp-admin/load-scripts.php?c=1&load%5Bchunk_0%5D=wp-embed&ver=6.0.1 HTTP/1.1" 200 1527 millionairesys.com "-" "Mozilla/5.0 (Windows NT 10.0; Win64; x64) AppleWebKit/537.36 (KHTML, like Gecko) Chrome/112.0.0.0 Safari/537.36" "-"
37.11.108.0 - - [17/Apr/2023:19:52:23 +0200] "GET /cursos-de-marketing/ HTTP/1.1" 200 124758 millionairesys.com "https://millionairesys.com/la-oportunidad-inicio-rapido/?elementor-preview=394&ver=1681753936" "Mozilla/5.0 (Windows NT 10.0; Win64; x64) AppleWebKit/537.36 (KHTML, like Gecko) Chrome/112.0.0.0 Safari/537.36" "-"
82.165.80.0 - - [17/Apr/2023:19:52:32 +0200] "POST /wp-cron.php?doing_wp_cron=1681753952.9736940860748291015625 HTTP/1.1" 200 - millionairesys.com "https://millionairesys.com/wp-cron.php?doing_wp_cron=1681753952.9736940860748291015625" "WordPress/6.0.1; https://millionairesys.com" "-"
37.11.108.0 - - [17/Apr/2023:19:52:32 +0200] "POST /wp-admin/admin-ajax.php HTTP/1.1" 200 77 millionairesys.com "https://millionairesys.com/wp-admin/post.php?post=394&action=elementor" "Mozilla/5.0 (Windows NT 10.0; Win64; x64) AppleWebKit/537.36 (KHTML, like Gecko) Chrome/112.0.0.0 Safari/537.36" "-"
37.11.108.0 - - [17/Apr/2023:19:52:47 +0200] "POST /wp-admin/admin-ajax.php HTTP/1.1" 200 77 millionairesys.com "https://millionairesys.com/wp-admin/post.php?post=394&action=elementor" "Mozilla/5.0 (Windows NT 10.0; Win64; x64) AppleWebKit/537.36 (KHTML, like Gecko) Chrome/112.0.0.0 Safari/537.36" "-"
37.11.108.0 - - [17/Apr/2023:19:53:01 +0200] "POST /wp-admin/admin-ajax.php HTTP/1.1" 200 359 millionairesys.com "https://millionairesys.com/wp-admin/post.php?post=394&action=elementor" "Mozilla/5.0 (Windows NT 10.0; Win64; x64) AppleWebKit/537.36 (KHTML, like Gecko) Chrome/112.0.0.0 Safari/537.36" "-"
37.11.108.0 - - [17/Apr/2023:19:53:02 +0200] "POST /wp-admin/admin-ajax.php HTTP/1.1" 200 77 millionairesys.com "https://millionairesys.com/wp-admin/post.php?post=394&action=elementor" "Mozilla/5.0 (Windows NT 10.0; Win64; x64) AppleWebKit/537.36 (KHTML, like Gecko) Chrome/112.0.0.0 Safari/537.36" "-"
37.11.108.0 - - [17/Apr/2023:19:53:02 +0200] "GET /wp-json/elementor/v1/template-library/templates?source=local HTTP/1.1" 200 25365 millionairesys.com "https://millionairesys.com/wp-admin/post.php?post=394&action=elementor" "Mozilla/5.0 (Windows NT 10.0; Win64; x64) AppleWebKit/537.36 (KHTML, like Gecko) Chrome/112.0.0.0 Safari/537.36" "-"
37.11.108.0 - - [17/Apr/2023:19:53:13 +0200] "GET /wp-admin/admin-ajax.php?action=elementor_library_direct_actions&library_action=export_template&source=local&_nonce=0cc7bf2afc&template_id=3515 HTTP/1.1" 200 9444 millionairesys.com "https://millionairesys.com/wp-admin/post.php?post=394&action=elementor" "Mozilla/5.0 (Windows NT 10.0; Win64; x64) AppleWebKit/537.36 (KHTML, like Gecko) Chrome/112.0.0.0 Safari/537.36" "-"
37.11.108.0 - - [17/Apr/2023:19:53:17 +0200] "POST /wp-admin/admin-ajax.php HTTP/1.1" 200 77 millionairesys.com "https://millionairesys.com/wp-admin/post.php?post=394&action=elementor" "Mozilla/5.0 (Windows NT 10.0; Win64; x64) AppleWebKit/537.36 (KHTML, like Gecko) Chrome/112.0.0.0 Safari/537.36" "-"
37.11.108.0 - - [17/Apr/2023:19:53:32 +0200] "POST /wp-admin/admin-ajax.php HTTP/1.1" 200 77 millionairesys.com "https://millionairesys.com/wp-admin/post.php?post=394&action=elementor" "Mozilla/5.0 (Windows NT 10.0; Win64; x64) AppleWebKit/537.36 (KHTML, like Gecko) Chrome/112.0.0.0 Safari/537.36" "-"
82.165.80.0 - - [17/Apr/2023:19:53:33 +0200] "POST /wp-cron.php?doing_wp_cron=1681754013.0344469547271728515625 HTTP/1.1" 200 - millionairesys.com "https://millionairesys.com/wp-cron.php?doing_wp_cron=1681754013.0344469547271728515625" "WordPress/6.0.1; https://millionairesys.com" "-"
47.75.44.0 - - [17/Apr/2023:19:55:05 +0200] "GET /wp-content/plugins/ubh/up.php HTTP/1.1" 404 70866 millionairesys.com "http://simplesite.com" "Mozilla/5.0 (Windows; U; Windows NT 5.1; en-US) AppleWebKit/533.4 (KHTML, like Gecko) Chrome/5.0.375.99 Safari/533.4" "-"
82.165.80.0 - - [17/Apr/2023:19:55:06 +0200] "POST /wp-cron.php?doing_wp_cron=1681754106.3101029396057128906250 HTTP/1.1" 200 - millionairesys.com "http://millionairesys.com/wp-cron.php?doing_wp_cron=1681754106.3101029396057128906250" "WordPress/6.0.1; https://millionairesys.com" "-"
47.75.44.0 - - [17/Apr/2023:19:55:08 +0200] "GET /wp-content/plugins/ubh/up.php HTTP/1.1" 404 70866 millionairesys.com "http://simplesite.com" "Mozilla/5.0 (Windows; U; Windows NT 5.1; en-US) AppleWebKit/533.4 (KHTML, like Gecko) Chrome/5.0.375.99 Safari/533.4" "-"
47.75.44.0 - - [17/Apr/2023:19:55:14 +0200] "GET /wp-content/plugins/ubh/up.php HTTP/1.1" 404 70866 millionairesys.com "http://simplesite.com" "Mozilla/5.0 (Windows; U; Windows NT 5.1; en-US) AppleWebKit/533.4 (KHTML, like Gecko) Chrome/5.0.375.99 Safari/533.4" "-"
37.11.108.0 - - [17/Apr/2023:19:55:33 +0200] "POST /wp-admin/admin-ajax.php HTTP/1.1" 200 77 millionairesys.com "https://millionairesys.com/wp-admin/post.php?post=394&action=elementor" "Mozilla/5.0 (Windows NT 10.0; Win64; x64) AppleWebKit/537.36 (KHTML, like Gecko) Chrome/112.0.0.0 Safari/537.36" "-"
82.165.80.0 - - [17/Apr/2023:19:55:34 +0200] "POST /wp-cron.php?doing_wp_cron=1681754134.0044550895690917968750 HTTP/1.1" 200 - millionairesys.com "https://millionairesys.com/wp-cron.php?doing_wp_cron=1681754134.0044550895690917968750" "WordPress/6.0.1; https://millionairesys.com" "-"
37.11.108.0 - - [17/Apr/2023:19:57:34 +0200] "POST /wp-admin/admin-ajax.php HTTP/1.1" 200 77 millionairesys.com "https://millionairesys.com/wp-admin/post.php?post=394&action=elementor" "Mozilla/5.0 (Windows NT 10.0; Win64; x64) AppleWebKit/537.36 (KHTML, like Gecko) Chrome/112.0.0.0 Safari/537.36" "-"
82.165.80.0 - - [17/Apr/2023:19:57:35 +0200] "POST /wp-cron.php?doing_wp_cron=1681754255.0295848846435546875000 HTTP/1.1" 200 - millionairesys.com "https://millionairesys.com/wp-cron.php?doing_wp_cron=1681754255.0295848846435546875000" "WordPress/6.0.1; https://millionairesys.com" "-"
82.165.80.0 - - [17/Apr/2023:19:57:36 +0200] "POST /wp-admin/admin-ajax.php?action=wp_1_wc_privacy_cleanup&nonce=1caba07a81 HTTP/1.1" 200 - millionairesys.com "https://millionairesys.com/wp-admin/admin-ajax.php?action=wp_1_wc_privacy_cleanup&nonce=1caba07a81" "WordPress/6.0.1; https://millionairesys.com" "-"
37.11.108.0 - - [17/Apr/2023:19:59:35 +0200] "POST /wp-admin/admin-ajax.php HTTP/1.1" 200 77 millionairesys.com "https://millionairesys.com/wp-admin/post.php?post=394&action=elementor" "Mozilla/5.0 (Windows NT 10.0; Win64; x64) AppleWebKit/537.36 (KHTML, like Gecko) Chrome/112.0.0.0 Safari/537.36" "-"
82.165.80.0 - - [17/Apr/2023:19:59:36 +0200] "POST /wp-cron.php?doing_wp_cron=1681754376.0926170349121093750000 HTTP/1.1" 200 - millionairesys.com "https://millionairesys.com/wp-cron.php?doing_wp_cron=1681754376.0926170349121093750000" "WordPress/6.0.1; https://millionairesys.com" "-"
212.224.88.0 - - [17/Apr/2023:20:01:05 +0200] "GET /wp-login.php HTTP/1.1" 404 59911 millionairesys.com "" "Mozilla/5.0 (Windows NT 6.3; Win64; x64; rv:109.0) Gecko/20100101 Firefox/111.0" "-"
