82.165.80.0 - - [17/Apr/2023:21:30:29 +0200] "POST /wp-cron.php?doing_wp_cron=1681759829.7857160568237304687500 HTTP/1.1" 200 - millionairesys.com "https://millionairesys.com/wp-cron.php?doing_wp_cron=1681759829.7857160568237304687500" "WordPress/6.0.1; https://millionairesys.com" "-"
37.11.108.0 - - [17/Apr/2023:21:30:29 +0200] "GET /biblioteca-libros/ HTTP/1.1" 200 139721 millionairesys.com "https://millionairesys.com/wp-admin/edit.php?post_type=page" "Mozilla/5.0 (Windows NT 10.0; Win64; x64) AppleWebKit/537.36 (KHTML, like Gecko) Chrome/112.0.0.0 Safari/537.36" "-"
37.11.108.0 - - [17/Apr/2023:21:30:38 +0200] "GET /wp-admin/ HTTP/1.1" 200 266522 millionairesys.com "https://millionairesys.com/biblioteca-libros/" "Mozilla/5.0 (Windows NT 10.0; Win64; x64) AppleWebKit/537.36 (KHTML, like Gecko) Chrome/112.0.0.0 Safari/537.36" "-"
82.165.80.0 - - [17/Apr/2023:21:30:39 +0200] "POST /wp-cron.php?doing_wp_cron=1681759839.5535159111022949218750 HTTP/1.1" 200 - millionairesys.com "https://millionairesys.com/wp-cron.php?doing_wp_cron=1681759839.5535159111022949218750" "WordPress/6.0.1; https://millionairesys.com" "-"
37.11.108.0 - - [17/Apr/2023:21:30:41 +0200] "POST /wp-admin/admin-ajax.php HTTP/1.1" 200 59 millionairesys.com "https://millionairesys.com/wp-admin/" "Mozilla/5.0 (Windows NT 10.0; Win64; x64) AppleWebKit/537.36 (KHTML, like Gecko) Chrome/112.0.0.0 Safari/537.36" "-"
82.165.80.0 - - [17/Apr/2023:21:30:41 +0200] "POST /wp-cron.php?doing_wp_cron=1681759841.9086470603942871093750 HTTP/1.1" 200 - millionairesys.com "https://millionairesys.com/wp-cron.php?doing_wp_cron=1681759841.9086470603942871093750" "WordPress/6.0.1; https://millionairesys.com" "-"
37.11.108.0 - - [17/Apr/2023:21:30:42 +0200] "POST /wp-admin/admin-ajax.php HTTP/1.1" 200 102 millionairesys.com "https://millionairesys.com/wp-admin/" "Mozilla/5.0 (Windows NT 10.0; Win64; x64) AppleWebKit/537.36 (KHTML, like Gecko) Chrome/112.0.0.0 Safari/537.36" "-"
37.11.108.0 - - [17/Apr/2023:21:30:42 +0200] "GET /wp-admin/users.php HTTP/1.1" 200 259010 millionairesys.com "https://millionairesys.com/wp-admin/" "Mozilla/5.0 (Windows NT 10.0; Win64; x64) AppleWebKit/537.36 (KHTML, like Gecko) Chrome/112.0.0.0 Safari/537.36" "-"
37.11.108.0 - - [17/Apr/2023:21:30:49 +0200] "POST /wp-admin/admin-ajax.php HTTP/1.1" 200 152 millionairesys.com "https://millionairesys.com/wp-admin/users.php" "Mozilla/5.0 (Windows NT 10.0; Win64; x64) AppleWebKit/537.36 (KHTML, like Gecko) Chrome/112.0.0.0 Safari/537.36" "-"
82.165.80.0 - - [17/Apr/2023:21:30:50 +0200] "POST /wp-cron.php?doing_wp_cron=1681759850.1709311008453369140625 HTTP/1.1" 200 - millionairesys.com "https://millionairesys.com/wp-cron.php?doing_wp_cron=1681759850.1709311008453369140625" "WordPress/6.0.1; https://millionairesys.com" "-"
83.36.233.0 - - [17/Apr/2023:21:30:54 +0200] "GET /wp-admin HTTP/1.1" 301 244 millionairesys.com "-" "WhatsApp/2.23.7.78 A" "-"
83.36.233.0 - - [17/Apr/2023:21:30:54 +0200] "GET /wp-admin/ HTTP/1.1" 302 - millionairesys.com "-" "WhatsApp/2.23.7.78 A" "-"
190.97.234.0 - - [17/Apr/2023:21:30:55 +0200] "GET /wp-admin HTTP/1.1" 301 244 millionairesys.com "-" "Mozilla/5.0 (X11; Linux x86_64) AppleWebKit/537.36 (KHTML, like Gecko) Chrome/110.0.0.0 Safari/537.36" "-"
190.97.234.0 - - [17/Apr/2023:21:30:55 +0200] "GET /wp-admin/ HTTP/1.1" 302 - millionairesys.com "-" "Mozilla/5.0 (X11; Linux x86_64) AppleWebKit/537.36 (KHTML, like Gecko) Chrome/110.0.0.0 Safari/537.36" "-"
190.97.234.0 - - [17/Apr/2023:21:30:55 +0200] "GET /robots.txt HTTP/1.1" 200 67 millionairesys.com "-" "Mozilla/5.0 (X11; Linux x86_64) AppleWebKit/537.36 (KHTML, like Gecko) Chrome/110.0.0.0 Safari/537.36" "-"
83.36.233.0 - - [17/Apr/2023:21:30:56 +0200] "GET /404/ HTTP/1.1" 404 70852 millionairesys.com "-" "WhatsApp/2.23.7.78 A" "-"
190.97.234.0 - - [17/Apr/2023:21:30:56 +0200] "GET /404/ HTTP/1.1" 404 70852 millionairesys.com "-" "Mozilla/5.0 (X11; Linux x86_64) AppleWebKit/537.36 (KHTML, like Gecko) Chrome/110.0.0.0 Safari/537.36" "-"
190.97.234.0 - - [17/Apr/2023:21:30:57 +0200] "GET /wp-content/plugins/formidable/css/formidableforms.css?ver=871603 HTTP/1.1" 200 120652 millionairesys.com "https://millionairesys.com/404/" "Mozilla/5.0 (X11; Linux x86_64) AppleWebKit/537.36 (KHTML, like Gecko) Chrome/110.0.0.0 Safari/537.36" "-"
190.97.234.0 - - [17/Apr/2023:21:30:58 +0200] "GET /wp-content/plugins/user-registration/assets/css/user-registration.css?ver=2.2.1 HTTP/1.1" 200 49622 millionairesys.com "https://millionairesys.com/404/" "Mozilla/5.0 (X11; Linux x86_64) AppleWebKit/537.36 (KHTML, like Gecko) Chrome/110.0.0.0 Safari/537.36" "-"
190.97.234.0 - - [17/Apr/2023:21:30:58 +0200] "GET /wp-includes/css/dashicons.min.css?ver=6.0.1 HTTP/1.1" 200 59016 millionairesys.com "https://millionairesys.com/404/" "Mozilla/5.0 (X11; Linux x86_64) AppleWebKit/537.36 (KHTML, like Gecko) Chrome/110.0.0.0 Safari/537.36" "-"
190.97.234.0 - - [17/Apr/2023:21:30:58 +0200] "GET /wp-content/plugins/user-registration/assets/css/my-account-layout.css?ver=2.2.1 HTTP/1.1" 200 6162 millionairesys.com "https://millionairesys.com/404/" "Mozilla/5.0 (X11; Linux x86_64) AppleWebKit/537.36 (KHTML, like Gecko) Chrome/110.0.0.0 Safari/537.36" "-"
190.97.234.0 - - [17/Apr/2023:21:30:58 +0200] "GET /wp-content/plugins/user-registration/assets/css/sweetalert2/sweetalert2.min.css?ver=10.16.7 HTTP/1.1" 200 24459 millionairesys.com "https://millionairesys.com/404/" "Mozilla/5.0 (X11; Linux x86_64) AppleWebKit/537.36 (KHTML, like Gecko) Chrome/110.0.0.0 Safari/537.36" "-"
190.97.234.0 - - [17/Apr/2023:21:30:58 +0200] "GET /wp-content/plugins/woocommerce/packages/woocommerce-blocks/build/wc-blocks-vendors-style.css?ver=7.8.3 HTTP/1.1" 200 4933 millionairesys.com "https://millionairesys.com/404/" "Mozilla/5.0 (X11; Linux x86_64) AppleWebKit/537.36 (KHTML, like Gecko) Chrome/110.0.0.0 Safari/537.36" "-"
190.97.234.0 - - [17/Apr/2023:21:30:58 +0200] "GET /wp-includes/css/dist/block-library/style.min.css?ver=6.0.1 HTTP/1.1" 200 88932 millionairesys.com "https://millionairesys.com/404/" "Mozilla/5.0 (X11; Linux x86_64) AppleWebKit/537.36 (KHTML, like Gecko) Chrome/110.0.0.0 Safari/537.36" "-"
190.97.234.0 - - [17/Apr/2023:21:30:58 +0200] "GET /wp-content/plugins/woocommerce/packages/woocommerce-blocks/build/wc-blocks-style.css?ver=7.8.3 HTTP/1.1" 200 209885 millionairesys.com "https://millionairesys.com/404/" "Mozilla/5.0 (X11; Linux x86_64) AppleWebKit/537.36 (KHTML, like Gecko) Chrome/110.0.0.0 Safari/537.36" "-"
190.97.234.0 - - [17/Apr/2023:21:30:58 +0200] "GET /wp-content/plugins/frontend-reset-password/assets/css/password-lost.css?ver=6.0.1 HTTP/1.1" 200 867 millionairesys.com "https://millionairesys.com/404/" "Mozilla/5.0 (X11; Linux x86_64) AppleWebKit/537.36 (KHTML, like Gecko) Chrome/110.0.0.0 Safari/537.36" "-"
190.97.234.0 - - [17/Apr/2023:21:30:58 +0200] "GET /wp-content/plugins/woocommerce/assets/css/woocommerce-layout.css?ver=6.7.0 HTTP/1.1" 200 17809 millionairesys.com "https://millionairesys.com/404/" "Mozilla/5.0 (X11; Linux x86_64) AppleWebKit/537.36 (KHTML, like Gecko) Chrome/110.0.0.0 Safari/537.36" "-"
190.97.234.0 - - [17/Apr/2023:21:30:59 +0200] "GET /wp-content/plugins/woocommerce/assets/css/woocommerce.css?ver=6.7.0 HTTP/1.1" 200 62755 millionairesys.com "https://millionairesys.com/404/" "Mozilla/5.0 (X11; Linux x86_64) AppleWebKit/537.36 (KHTML, like Gecko) Chrome/110.0.0.0 Safari/537.36" "-"
190.97.234.0 - - [17/Apr/2023:21:30:59 +0200] "GET /wp-content/themes/generatepress/assets/css/main.min.css?ver=3.1.3 HTTP/1.1" 200 19510 millionairesys.com "https://millionairesys.com/404/" "Mozilla/5.0 (X11; Linux x86_64) AppleWebKit/537.36 (KHTML, like Gecko) Chrome/110.0.0.0 Safari/537.36" "-"
190.97.234.0 - - [17/Apr/2023:21:30:59 +0200] "GET /wp-content/plugins/elementor/assets/lib/eicons/css/elementor-icons.min.css?ver=5.15.0 HTTP/1.1" 200 19128 millionairesys.com "https://millionairesys.com/404/" "Mozilla/5.0 (X11; Linux x86_64) AppleWebKit/537.36 (KHTML, like Gecko) Chrome/110.0.0.0 Safari/537.36" "-"
190.97.234.0 - - [17/Apr/2023:21:30:59 +0200] "GET /wp-content/plugins/elementor/assets/css/frontend-lite.min.css?ver=3.6.8 HTTP/1.1" 200 107993 millionairesys.com "https://millionairesys.com/404/" "Mozilla/5.0 (X11; Linux x86_64) AppleWebKit/537.36 (KHTML, like Gecko) Chrome/110.0.0.0 Safari/537.36" "-"
190.97.234.0 - - [17/Apr/2023:21:30:59 +0200] "GET /wp-content/uploads/elementor/css/post-7.css?ver=1659888261 HTTP/1.1" 200 1310 millionairesys.com "https://millionairesys.com/404/" "Mozilla/5.0 (X11; Linux x86_64) AppleWebKit/537.36 (KHTML, like Gecko) Chrome/110.0.0.0 Safari/537.36" "-"
190.97.234.0 - - [17/Apr/2023:21:31:00 +0200] "GET /wp-content/uploads/elementor/css/post-212.css?ver=1659888262 HTTP/1.1" 200 2799 millionairesys.com "https://millionairesys.com/404/" "Mozilla/5.0 (X11; Linux x86_64) AppleWebKit/537.36 (KHTML, like Gecko) Chrome/110.0.0.0 Safari/537.36" "-"
190.97.234.0 - - [17/Apr/2023:21:31:00 +0200] "GET /wp-content/plugins/elementor/assets/lib/font-awesome/css/solid.min.css?ver=5.15.3 HTTP/1.1" 200 669 millionairesys.com "https://millionairesys.com/404/" "Mozilla/5.0 (X11; Linux x86_64) AppleWebKit/537.36 (KHTML, like Gecko) Chrome/110.0.0.0 Safari/537.36" "-"
190.97.234.0 - - [17/Apr/2023:21:31:00 +0200] "GET /wp-content/plugins/elementor-pro/assets/css/widget-nav-menu.min.css HTTP/1.1" 200 29401 millionairesys.com "https://millionairesys.com/404/" "Mozilla/5.0 (X11; Linux x86_64) AppleWebKit/537.36 (KHTML, like Gecko) Chrome/110.0.0.0 Safari/537.36" "-"
190.97.234.0 - - [17/Apr/2023:21:31:00 +0200] "GET /wp-includes/js/jquery/jquery.min.js?ver=3.6.0 HTTP/1.1" 200 89521 millionairesys.com "https://millionairesys.com/404/" "Mozilla/5.0 (X11; Linux x86_64) AppleWebKit/537.36 (KHTML, like Gecko) Chrome/110.0.0.0 Safari/537.36" "-"
190.97.234.0 - - [17/Apr/2023:21:31:00 +0200] "GET /wp-content/plugins/elementor/assets/lib/font-awesome/css/fontawesome.min.css?ver=5.15.3 HTTP/1.1" 200 57912 millionairesys.com "https://millionairesys.com/404/" "Mozilla/5.0 (X11; Linux x86_64) AppleWebKit/537.36 (KHTML, like Gecko) Chrome/110.0.0.0 Safari/537.36" "-"
190.97.234.0 - - [17/Apr/2023:21:31:00 +0200] "GET /wp-content/uploads/elementor/css/post-296.css?ver=1659888262 HTTP/1.1" 200 974 millionairesys.com "https://millionairesys.com/404/" "Mozilla/5.0 (X11; Linux x86_64) AppleWebKit/537.36 (KHTML, like Gecko) Chrome/110.0.0.0 Safari/537.36" "-"
190.97.234.0 - - [17/Apr/2023:21:31:00 +0200] "GET /wp-content/uploads/elementor/css/global.css?ver=1659888262 HTTP/1.1" 200 58459 millionairesys.com "https://millionairesys.com/404/" "Mozilla/5.0 (X11; Linux x86_64) AppleWebKit/537.36 (KHTML, like Gecko) Chrome/110.0.0.0 Safari/537.36" "-"
190.97.234.0 - - [17/Apr/2023:21:31:00 +0200] "GET /wp-content/plugins/elementor-pro/assets/css/frontend-lite.min.css?ver=3.7.3 HTTP/1.1" 200 11530 millionairesys.com "https://millionairesys.com/404/" "Mozilla/5.0 (X11; Linux x86_64) AppleWebKit/537.36 (KHTML, like Gecko) Chrome/110.0.0.0 Safari/537.36" "-"
190.97.234.0 - - [17/Apr/2023:21:31:00 +0200] "GET /wp-content/plugins/woocommerce/assets/js/js-cookie/js.cookie.min.js?ver=2.1.4-wc.6.7.0 HTTP/1.1" 200 1834 millionairesys.com "https://millionairesys.com/404/" "Mozilla/5.0 (X11; Linux x86_64) AppleWebKit/537.36 (KHTML, like Gecko) Chrome/110.0.0.0 Safari/537.36" "-"
190.97.234.0 - - [17/Apr/2023:21:31:00 +0200] "GET /wp-content/plugins/pixelyoursite/dist/scripts/jquery.bind-first-0.2.3.min.js?ver=6.0.1 HTTP/1.1" 200 1317 millionairesys.com "https://millionairesys.com/404/" "Mozilla/5.0 (X11; Linux x86_64) AppleWebKit/537.36 (KHTML, like Gecko) Chrome/110.0.0.0 Safari/537.36" "-"
190.97.234.0 - - [17/Apr/2023:21:31:00 +0200] "GET /wp-content/plugins/pixelyoursite/dist/scripts/public.js?ver=9.2.2 HTTP/1.1" 200 96823 millionairesys.com "https://millionairesys.com/404/" "Mozilla/5.0 (X11; Linux x86_64) AppleWebKit/537.36 (KHTML, like Gecko) Chrome/110.0.0.0 Safari/537.36" "-"
190.97.234.0 - - [17/Apr/2023:21:31:00 +0200] "GET /wp-content/plugins/restrict-content/core/includes/gateways/stripe/js/stripe.min.js?ver=3.5.20 HTTP/1.1" 200 3124 millionairesys.com "https://millionairesys.com/404/" "Mozilla/5.0 (X11; Linux x86_64) AppleWebKit/537.36 (KHTML, like Gecko) Chrome/110.0.0.0 Safari/537.36" "-"
190.97.234.0 - - [17/Apr/2023:21:31:00 +0200] "GET /wp-content/plugins/restrict-content/core/includes/gateways/stripe/js/register.min.js?ver=3.5.20 HTTP/1.1" 200 4872 millionairesys.com "https://millionairesys.com/404/" "Mozilla/5.0 (X11; Linux x86_64) AppleWebKit/537.36 (KHTML, like Gecko) Chrome/110.0.0.0 Safari/537.36" "-"
190.97.234.0 - - [17/Apr/2023:21:31:00 +0200] "GET /wp-content/plugins/frontend-reset-password/assets/js/password-lost.js?ver=1.0.0 HTTP/1.1" 200 902 millionairesys.com "https://millionairesys.com/404/" "Mozilla/5.0 (X11; Linux x86_64) AppleWebKit/537.36 (KHTML, like Gecko) Chrome/110.0.0.0 Safari/537.36" "-"
190.97.234.0 - - [17/Apr/2023:21:31:00 +0200] "GET /wp-content/plugins/restrict-content/core/includes/js/jquery.blockUI.js?ver=3.5.20 HTTP/1.1" 200 19972 millionairesys.com "https://millionairesys.com/404/" "Mozilla/5.0 (X11; Linux x86_64) AppleWebKit/537.36 (KHTML, like Gecko) Chrome/110.0.0.0 Safari/537.36" "-"
190.97.234.0 - - [17/Apr/2023:21:31:00 +0200] "GET /wp-content/plugins/woocommerce/assets/js/frontend/woocommerce.min.js?ver=6.7.0 HTTP/1.1" 200 2139 millionairesys.com "https://millionairesys.com/404/" "Mozilla/5.0 (X11; Linux x86_64) AppleWebKit/537.36 (KHTML, like Gecko) Chrome/110.0.0.0 Safari/537.36" "-"
190.97.234.0 - - [17/Apr/2023:21:31:00 +0200] "GET /wp-content/plugins/woocommerce/assets/js/frontend/cart-fragments.min.js?ver=6.7.0 HTTP/1.1" 200 2938 millionairesys.com "https://millionairesys.com/404/" "Mozilla/5.0 (X11; Linux x86_64) AppleWebKit/537.36 (KHTML, like Gecko) Chrome/110.0.0.0 Safari/537.36" "-"
190.97.234.0 - - [17/Apr/2023:21:31:00 +0200] "GET /wp-content/themes/generatepress/assets/js/menu.min.js?ver=3.1.3 HTTP/1.1" 200 6940 millionairesys.com "https://millionairesys.com/404/" "Mozilla/5.0 (X11; Linux x86_64) AppleWebKit/537.36 (KHTML, like Gecko) Chrome/110.0.0.0 Safari/537.36" "-"
190.97.234.0 - - [17/Apr/2023:21:31:00 +0200] "GET /wp-includes/js/jquery/jquery.min.js?ver=3.6.0 HTTP/1.1" 200 89521 millionairesys.com "-" "Mozilla/5.0 (X11; Linux x86_64) AppleWebKit/537.36 (KHTML, like Gecko) Chrome/110.0.0.0 Safari/537.36" "-"
190.97.234.0 - - [17/Apr/2023:21:31:00 +0200] "GET /wp-content/plugins/pixelyoursite/dist/scripts/jquery.bind-first-0.2.3.min.js?ver=6.0.1 HTTP/1.1" 200 1317 millionairesys.com "-" "Mozilla/5.0 (X11; Linux x86_64) AppleWebKit/537.36 (KHTML, like Gecko) Chrome/110.0.0.0 Safari/537.36" "-"
190.97.234.0 - - [17/Apr/2023:21:31:00 +0200] "GET /wp-content/plugins/woocommerce/assets/js/js-cookie/js.cookie.min.js?ver=2.1.4-wc.6.7.0 HTTP/1.1" 200 1834 millionairesys.com "-" "Mozilla/5.0 (X11; Linux x86_64) AppleWebKit/537.36 (KHTML, like Gecko) Chrome/110.0.0.0 Safari/537.36" "-"
190.97.234.0 - - [17/Apr/2023:21:31:00 +0200] "GET /wp-content/plugins/elementor-pro/assets/lib/smartmenus/jquery.smartmenus.min.js?ver=1.0.1 HTTP/1.1" 200 25202 millionairesys.com "https://millionairesys.com/404/" "Mozilla/5.0 (X11; Linux x86_64) AppleWebKit/537.36 (KHTML, like Gecko) Chrome/110.0.0.0 Safari/537.36" "-"
190.97.234.0 - - [17/Apr/2023:21:31:00 +0200] "GET /wp-content/plugins/elementor/assets/js/webpack.runtime.min.js?ver=3.6.8 HTTP/1.1" 200 4957 millionairesys.com "https://millionairesys.com/404/" "Mozilla/5.0 (X11; Linux x86_64) AppleWebKit/537.36 (KHTML, like Gecko) Chrome/110.0.0.0 Safari/537.36" "-"
190.97.234.0 - - [17/Apr/2023:21:31:00 +0200] "GET /wp-content/plugins/elementor-pro/assets/js/webpack-pro.runtime.min.js?ver=3.7.3 HTTP/1.1" 200 5184 millionairesys.com "https://millionairesys.com/404/" "Mozilla/5.0 (X11; Linux x86_64) AppleWebKit/537.36 (KHTML, like Gecko) Chrome/110.0.0.0 Safari/537.36" "-"
190.97.234.0 - - [17/Apr/2023:21:31:00 +0200] "GET /wp-content/plugins/elementor/assets/js/frontend-modules.min.js?ver=3.6.8 HTTP/1.1" 200 32609 millionairesys.com "https://millionairesys.com/404/" "Mozilla/5.0 (X11; Linux x86_64) AppleWebKit/537.36 (KHTML, like Gecko) Chrome/110.0.0.0 Safari/537.36" "-"
190.97.234.0 - - [17/Apr/2023:21:31:00 +0200] "GET /wp-includes/js/dist/hooks.min.js?ver=c6d64f2cb8f5c6bb49caca37f8828ce3 HTTP/1.1" 200 4910 millionairesys.com "https://millionairesys.com/404/" "Mozilla/5.0 (X11; Linux x86_64) AppleWebKit/537.36 (KHTML, like Gecko) Chrome/110.0.0.0 Safari/537.36" "-"
190.97.234.0 - - [17/Apr/2023:21:31:00 +0200] "GET /wp-includes/js/dist/vendor/wp-polyfill.min.js?ver=3.15.0 HTTP/1.1" 200 19142 millionairesys.com "https://millionairesys.com/404/" "Mozilla/5.0 (X11; Linux x86_64) AppleWebKit/537.36 (KHTML, like Gecko) Chrome/110.0.0.0 Safari/537.36" "-"
190.97.234.0 - - [17/Apr/2023:21:31:00 +0200] "GET /wp-content/plugins/elementor-pro/assets/js/frontend.min.js?ver=3.7.3 HTTP/1.1" 200 21417 millionairesys.com "https://millionairesys.com/404/" "Mozilla/5.0 (X11; Linux x86_64) AppleWebKit/537.36 (KHTML, like Gecko) Chrome/110.0.0.0 Safari/537.36" "-"
190.97.234.0 - - [17/Apr/2023:21:31:00 +0200] "GET /wp-content/plugins/pixelyoursite/dist/scripts/public.js?ver=9.2.2 HTTP/1.1" 200 96823 millionairesys.com "-" "Mozilla/5.0 (X11; Linux x86_64) AppleWebKit/537.36 (KHTML, like Gecko) Chrome/110.0.0.0 Safari/537.36" "-"
190.97.234.0 - - [17/Apr/2023:21:31:00 +0200] "GET /wp-content/plugins/elementor/assets/lib/waypoints/waypoints.min.js?ver=4.0.2 HTTP/1.1" 200 12198 millionairesys.com "https://millionairesys.com/404/" "Mozilla/5.0 (X11; Linux x86_64) AppleWebKit/537.36 (KHTML, like Gecko) Chrome/110.0.0.0 Safari/537.36" "-"
190.97.234.0 - - [17/Apr/2023:21:31:00 +0200] "GET /wp-content/plugins/restrict-content/core/includes/gateways/stripe/js/stripe.min.js?ver=3.5.20 HTTP/1.1" 200 3124 millionairesys.com "-" "Mozilla/5.0 (X11; Linux x86_64) AppleWebKit/537.36 (KHTML, like Gecko) Chrome/110.0.0.0 Safari/537.36" "-"
190.97.234.0 - - [17/Apr/2023:21:31:00 +0200] "GET /wp-content/plugins/restrict-content/core/includes/gateways/stripe/js/register.min.js?ver=3.5.20 HTTP/1.1" 200 4872 millionairesys.com "-" "Mozilla/5.0 (X11; Linux x86_64) AppleWebKit/537.36 (KHTML, like Gecko) Chrome/110.0.0.0 Safari/537.36" "-"
190.97.234.0 - - [17/Apr/2023:21:31:00 +0200] "GET /wp-content/plugins/frontend-reset-password/assets/js/password-lost.js?ver=1.0.0 HTTP/1.1" 200 902 millionairesys.com "-" "Mozilla/5.0 (X11; Linux x86_64) AppleWebKit/537.36 (KHTML, like Gecko) Chrome/110.0.0.0 Safari/537.36" "-"
190.97.234.0 - - [17/Apr/2023:21:31:00 +0200] "GET /wp-content/plugins/elementor/assets/js/frontend.min.js?ver=3.6.8 HTTP/1.1" 200 40477 millionairesys.com "https://millionairesys.com/404/" "Mozilla/5.0 (X11; Linux x86_64) AppleWebKit/537.36 (KHTML, like Gecko) Chrome/110.0.0.0 Safari/537.36" "-"
190.97.234.0 - - [17/Apr/2023:21:31:00 +0200] "GET /wp-includes/js/jquery/jquery-migrate.min.js?ver=3.3.2 HTTP/1.1" 200 11224 millionairesys.com "https://millionairesys.com/404/" "Mozilla/5.0 (X11; Linux x86_64) AppleWebKit/537.36 (KHTML, like Gecko) Chrome/110.0.0.0 Safari/537.36" "-"
190.97.234.0 - - [17/Apr/2023:21:31:00 +0200] "GET /wp-includes/js/jquery/ui/core.min.js?ver=1.13.1 HTTP/1.1" 200 20715 millionairesys.com "https://millionairesys.com/404/" "Mozilla/5.0 (X11; Linux x86_64) AppleWebKit/537.36 (KHTML, like Gecko) Chrome/110.0.0.0 Safari/537.36" "-"
190.97.234.0 - - [17/Apr/2023:21:31:00 +0200] "GET /wp-content/plugins/woocommerce/assets/js/frontend/add-to-cart.min.js?ver=6.7.0 HTTP/1.1" 200 3037 millionairesys.com "https://millionairesys.com/404/" "Mozilla/5.0 (X11; Linux x86_64) AppleWebKit/537.36 (KHTML, like Gecko) Chrome/110.0.0.0 Safari/537.36" "-"
190.97.234.0 - - [17/Apr/2023:21:31:00 +0200] "GET /wp-includes/js/dist/vendor/regenerator-runtime.min.js?ver=0.13.9 HTTP/1.1" 200 6475 millionairesys.com "https://millionairesys.com/404/" "Mozilla/5.0 (X11; Linux x86_64) AppleWebKit/537.36 (KHTML, like Gecko) Chrome/110.0.0.0 Safari/537.36" "-"
190.97.234.0 - - [17/Apr/2023:21:31:00 +0200] "GET /wp-content/plugins/elementor-pro/assets/js/elements-handlers.min.js?ver=3.7.3 HTTP/1.1" 200 24382 millionairesys.com "https://millionairesys.com/404/" "Mozilla/5.0 (X11; Linux x86_64) AppleWebKit/537.36 (KHTML, like Gecko) Chrome/110.0.0.0 Safari/537.36" "-"
190.97.234.0 - - [17/Apr/2023:21:31:00 +0200] "GET /wp-includes/js/dist/i18n.min.js?ver=ebee46757c6a411e38fd079a7ac71d94 HTTP/1.1" 200 10222 millionairesys.com "https://millionairesys.com/404/" "Mozilla/5.0 (X11; Linux x86_64) AppleWebKit/537.36 (KHTML, like Gecko) Chrome/110.0.0.0 Safari/537.36" "-"
190.97.234.0 - - [17/Apr/2023:21:31:01 +0200] "GET /wp-content/plugins/woocommerce/assets/js/frontend/woocommerce.min.js?ver=6.7.0 HTTP/1.1" 200 2139 millionairesys.com "-" "Mozilla/5.0 (X11; Linux x86_64) AppleWebKit/537.36 (KHTML, like Gecko) Chrome/110.0.0.0 Safari/537.36" "-"
190.97.234.0 - - [17/Apr/2023:21:31:01 +0200] "GET /wp-content/plugins/restrict-content/core/includes/js/jquery.blockUI.js?ver=3.5.20 HTTP/1.1" 200 19972 millionairesys.com "-" "Mozilla/5.0 (X11; Linux x86_64) AppleWebKit/537.36 (KHTML, like Gecko) Chrome/110.0.0.0 Safari/537.36" "-"
190.97.234.0 - - [17/Apr/2023:21:31:01 +0200] "GET /wp-content/plugins/woocommerce/assets/js/frontend/cart-fragments.min.js?ver=6.7.0 HTTP/1.1" 200 2938 millionairesys.com "-" "Mozilla/5.0 (X11; Linux x86_64) AppleWebKit/537.36 (KHTML, like Gecko) Chrome/110.0.0.0 Safari/537.36" "-"
190.97.234.0 - - [17/Apr/2023:21:31:01 +0200] "GET /wp-content/plugins/user-registration/assets/css/user-registration-smallscreen.css?ver=2.2.1 HTTP/1.1" 200 2093 millionairesys.com "https://millionairesys.com/404/" "Mozilla/5.0 (X11; Linux x86_64) AppleWebKit/537.36 (KHTML, like Gecko) Chrome/110.0.0.0 Safari/537.36" "-"
190.97.234.0 - - [17/Apr/2023:21:31:01 +0200] "GET /wp-includes/js/wp-emoji-release.min.js?ver=6.0.1 HTTP/1.1" 200 18617 millionairesys.com "https://millionairesys.com/404/" "Mozilla/5.0 (X11; Linux x86_64) AppleWebKit/537.36 (KHTML, like Gecko) Chrome/110.0.0.0 Safari/537.36" "-"
190.97.234.0 - - [17/Apr/2023:21:31:01 +0200] "GET /wp-content/plugins/woocommerce/assets/css/woocommerce-smallscreen.css?ver=6.7.0 HTTP/1.1" 200 7043 millionairesys.com "https://millionairesys.com/404/" "Mozilla/5.0 (X11; Linux x86_64) AppleWebKit/537.36 (KHTML, like Gecko) Chrome/110.0.0.0 Safari/537.36" "-"
190.97.234.0 - - [17/Apr/2023:21:31:01 +0200] "GET /wp-content/uploads/2022/06/logo-arranque.png HTTP/1.1" 200 15159 millionairesys.com "https://millionairesys.com/404/" "Mozilla/5.0 (X11; Linux x86_64) AppleWebKit/537.36 (KHTML, like Gecko) Chrome/110.0.0.0 Safari/537.36" "-"
190.97.234.0 - - [17/Apr/2023:21:31:01 +0200] "GET /wp-content/themes/generatepress/assets/js/menu.min.js?ver=3.1.3 HTTP/1.1" 200 6940 millionairesys.com "-" "Mozilla/5.0 (X11; Linux x86_64) AppleWebKit/537.36 (KHTML, like Gecko) Chrome/110.0.0.0 Safari/537.36" "-"
190.97.234.0 - - [17/Apr/2023:21:31:01 +0200] "GET /wp-content/plugins/elementor/assets/js/webpack.runtime.min.js?ver=3.6.8 HTTP/1.1" 200 4957 millionairesys.com "-" "Mozilla/5.0 (X11; Linux x86_64) AppleWebKit/537.36 (KHTML, like Gecko) Chrome/110.0.0.0 Safari/537.36" "-"
190.97.234.0 - - [17/Apr/2023:21:31:01 +0200] "GET /wp-content/plugins/elementor-pro/assets/lib/smartmenus/jquery.smartmenus.min.js?ver=1.0.1 HTTP/1.1" 200 25202 millionairesys.com "-" "Mozilla/5.0 (X11; Linux x86_64) AppleWebKit/537.36 (KHTML, like Gecko) Chrome/110.0.0.0 Safari/537.36" "-"
190.97.234.0 - - [17/Apr/2023:21:31:01 +0200] "GET /wp-content/plugins/elementor-pro/assets/js/webpack-pro.runtime.min.js?ver=3.7.3 HTTP/1.1" 200 5184 millionairesys.com "-" "Mozilla/5.0 (X11; Linux x86_64) AppleWebKit/537.36 (KHTML, like Gecko) Chrome/110.0.0.0 Safari/537.36" "-"
190.97.234.0 - - [17/Apr/2023:21:31:01 +0200] "GET /wp-content/plugins/elementor/assets/js/frontend-modules.min.js?ver=3.6.8 HTTP/1.1" 200 32609 millionairesys.com "-" "Mozilla/5.0 (X11; Linux x86_64) AppleWebKit/537.36 (KHTML, like Gecko) Chrome/110.0.0.0 Safari/537.36" "-"
190.97.234.0 - - [17/Apr/2023:21:31:01 +0200] "GET /wp-includes/js/dist/vendor/wp-polyfill.min.js?ver=3.15.0 HTTP/1.1" 200 19142 millionairesys.com "-" "Mozilla/5.0 (X11; Linux x86_64) AppleWebKit/537.36 (KHTML, like Gecko) Chrome/110.0.0.0 Safari/537.36" "-"
190.97.234.0 - - [17/Apr/2023:21:31:01 +0200] "GET /wp-includes/js/dist/hooks.min.js?ver=c6d64f2cb8f5c6bb49caca37f8828ce3 HTTP/1.1" 200 4910 millionairesys.com "-" "Mozilla/5.0 (X11; Linux x86_64) AppleWebKit/537.36 (KHTML, like Gecko) Chrome/110.0.0.0 Safari/537.36" "-"
190.97.234.0 - - [17/Apr/2023:21:31:01 +0200] "GET /wp-content/plugins/elementor-pro/assets/js/frontend.min.js?ver=3.7.3 HTTP/1.1" 200 21417 millionairesys.com "-" "Mozilla/5.0 (X11; Linux x86_64) AppleWebKit/537.36 (KHTML, like Gecko) Chrome/110.0.0.0 Safari/537.36" "-"
190.97.234.0 - - [17/Apr/2023:21:31:01 +0200] "GET /wp-content/plugins/elementor/assets/lib/waypoints/waypoints.min.js?ver=4.0.2 HTTP/1.1" 200 12198 millionairesys.com "-" "Mozilla/5.0 (X11; Linux x86_64) AppleWebKit/537.36 (KHTML, like Gecko) Chrome/110.0.0.0 Safari/537.36" "-"
190.97.234.0 - - [17/Apr/2023:21:31:01 +0200] "GET /wp-content/plugins/elementor-pro/assets/js/nav-menu.3de49ba5ef86f9a22ff5.bundle.min.js HTTP/1.1" 200 3305 millionairesys.com "https://millionairesys.com/404/" "Mozilla/5.0 (X11; Linux x86_64) AppleWebKit/537.36 (KHTML, like Gecko) Chrome/110.0.0.0 Safari/537.36" "-"
190.97.234.0 - - [17/Apr/2023:21:31:01 +0200] "GET /wp-content/plugins/elementor/assets/js/frontend.min.js?ver=3.6.8 HTTP/1.1" 200 40477 millionairesys.com "-" "Mozilla/5.0 (X11; Linux x86_64) AppleWebKit/537.36 (KHTML, like Gecko) Chrome/110.0.0.0 Safari/537.36" "-"
190.97.234.0 - - [17/Apr/2023:21:31:01 +0200] "GET /wp-includes/js/jquery/jquery-migrate.min.js?ver=3.3.2 HTTP/1.1" 200 11224 millionairesys.com "-" "Mozilla/5.0 (X11; Linux x86_64) AppleWebKit/537.36 (KHTML, like Gecko) Chrome/110.0.0.0 Safari/537.36" "-"
190.97.234.0 - - [17/Apr/2023:21:31:01 +0200] "GET /wp-content/plugins/woocommerce/assets/js/frontend/add-to-cart.min.js?ver=6.7.0 HTTP/1.1" 200 3037 millionairesys.com "-" "Mozilla/5.0 (X11; Linux x86_64) AppleWebKit/537.36 (KHTML, like Gecko) Chrome/110.0.0.0 Safari/537.36" "-"
190.97.234.0 - - [17/Apr/2023:21:31:01 +0200] "GET /wp-includes/js/jquery/ui/core.min.js?ver=1.13.1 HTTP/1.1" 200 20715 millionairesys.com "-" "Mozilla/5.0 (X11; Linux x86_64) AppleWebKit/537.36 (KHTML, like Gecko) Chrome/110.0.0.0 Safari/537.36" "-"
190.97.234.0 - - [17/Apr/2023:21:31:01 +0200] "GET /wp-includes/js/dist/vendor/regenerator-runtime.min.js?ver=0.13.9 HTTP/1.1" 200 6475 millionairesys.com "-" "Mozilla/5.0 (X11; Linux x86_64) AppleWebKit/537.36 (KHTML, like Gecko) Chrome/110.0.0.0 Safari/537.36" "-"
190.97.234.0 - - [17/Apr/2023:21:31:01 +0200] "POST /?wc-ajax=get_refreshed_fragments&elementor_page_id=0 HTTP/1.1" 200 435 millionairesys.com "https://millionairesys.com/404/" "Mozilla/5.0 (X11; Linux x86_64) AppleWebKit/537.36 (KHTML, like Gecko) Chrome/110.0.0.0 Safari/537.36" "-"
190.97.234.0 - - [17/Apr/2023:21:31:01 +0200] "GET /robots.txt HTTP/1.1" 200 67 millionairesys.com "-" "Mozilla/5.0 (X11; Linux x86_64) AppleWebKit/537.36 (KHTML, like Gecko) Chrome/110.0.0.0 Safari/537.36" "-"
190.97.234.0 - - [17/Apr/2023:21:31:02 +0200] "GET /wp-content/plugins/elementor/assets/lib/font-awesome/webfonts/fa-solid-900.woff2 HTTP/1.1" 200 78196 millionairesys.com "https://millionairesys.com/wp-content/plugins/elementor/assets/lib/font-awesome/css/solid.min.css?ver=5.15.3" "Mozilla/5.0 (X11; Linux x86_64) AppleWebKit/537.36 (KHTML, like Gecko) Chrome/110.0.0.0 Safari/537.36" "-"
190.97.234.0 - - [17/Apr/2023:21:31:02 +0200] "GET /feed/ HTTP/1.1" 200 1882 millionairesys.com "-" "Mozilla/5.0 (X11; Linux x86_64) AppleWebKit/537.36 (KHTML, like Gecko) Chrome/110.0.0.0 Safari/537.36" "-"
190.97.234.0 - - [17/Apr/2023:21:31:02 +0200] "GET /comments/feed/ HTTP/1.1" 200 744 millionairesys.com "-" "Mozilla/5.0 (X11; Linux x86_64) AppleWebKit/537.36 (KHTML, like Gecko) Chrome/110.0.0.0 Safari/537.36" "-"
190.97.234.0 - - [17/Apr/2023:21:31:04 +0200] "GET /wp-content/uploads/2022/07/cropped-SISTEMA-32x32.png HTTP/1.1" 200 2557 millionairesys.com "https://millionairesys.com/404/" "Mozilla/5.0 (X11; Linux x86_64) AppleWebKit/537.36 (KHTML, like Gecko) Chrome/110.0.0.0 Safari/537.36" "-"
190.97.234.0 - - [17/Apr/2023:21:31:15 +0200] "GET / HTTP/1.1" 200 123884 millionairesys.com "-" "Mozilla/5.0 (X11; Linux x86_64) AppleWebKit/537.36 (KHTML, like Gecko) Chrome/110.0.0.0 Safari/537.36" "-"
190.97.234.0 - - [17/Apr/2023:21:31:17 +0200] "GET /wp-content/plugins/elementor/assets/lib/font-awesome/css/regular.min.css?ver=5.15.3 HTTP/1.1" 200 677 millionairesys.com "https://millionairesys.com/" "Mozilla/5.0 (X11; Linux x86_64) AppleWebKit/537.36 (KHTML, like Gecko) Chrome/110.0.0.0 Safari/537.36" "-"
190.97.234.0 - - [17/Apr/2023:21:31:17 +0200] "GET /wp-content/uploads/elementor/css/post-803.css?ver=1668710420 HTTP/1.1" 200 42626 millionairesys.com "https://millionairesys.com/" "Mozilla/5.0 (X11; Linux x86_64) AppleWebKit/537.36 (KHTML, like Gecko) Chrome/110.0.0.0 Safari/537.36" "-"
190.97.234.0 - - [17/Apr/2023:21:31:17 +0200] "GET /wp-content/plugins/elementor/assets/css/widget-icon-box.min.css HTTP/1.1" 200 12992 millionairesys.com "https://millionairesys.com/" "Mozilla/5.0 (X11; Linux x86_64) AppleWebKit/537.36 (KHTML, like Gecko) Chrome/110.0.0.0 Safari/537.36" "-"
190.97.234.0 - - [17/Apr/2023:21:31:17 +0200] "GET /wp-content/plugins/elementor/assets/lib/animations/animations.min.css?ver=3.6.8 HTTP/1.1" 200 18468 millionairesys.com "https://millionairesys.com/" "Mozilla/5.0 (X11; Linux x86_64) AppleWebKit/537.36 (KHTML, like Gecko) Chrome/110.0.0.0 Safari/537.36" "-"
190.97.234.0 - - [17/Apr/2023:21:31:18 +0200] "GET /wp-content/plugins/elementor-pro/assets/lib/sticky/jquery.sticky.min.js?ver=3.7.3 HTTP/1.1" 200 3704 millionairesys.com "https://millionairesys.com/" "Mozilla/5.0 (X11; Linux x86_64) AppleWebKit/537.36 (KHTML, like Gecko) Chrome/110.0.0.0 Safari/537.36" "-"
190.97.234.0 - - [17/Apr/2023:21:31:18 +0200] "GET /wp-content/uploads/2022/07/SISTEMA.png HTTP/1.1" 200 403518 millionairesys.com "https://millionairesys.com/" "Mozilla/5.0 (X11; Linux x86_64) AppleWebKit/537.36 (KHTML, like Gecko) Chrome/110.0.0.0 Safari/537.36" "-"
190.97.234.0 - - [17/Apr/2023:21:31:18 +0200] "GET /wp-content/plugins/elementor/assets/lib/font-awesome/webfonts/fa-regular-400.woff2 HTTP/1.1" 200 13276 millionairesys.com "https://millionairesys.com/wp-content/plugins/elementor/assets/lib/font-awesome/css/regular.min.css?ver=5.15.3" "Mozilla/5.0 (X11; Linux x86_64) AppleWebKit/537.36 (KHTML, like Gecko) Chrome/110.0.0.0 Safari/537.36" "-"
190.97.234.0 - - [17/Apr/2023:21:31:19 +0200] "GET /wp-content/plugins/elementor/assets/js/text-editor.2c35aafbe5bf0e127950.bundle.min.js HTTP/1.1" 200 1359 millionairesys.com "https://millionairesys.com/" "Mozilla/5.0 (X11; Linux x86_64) AppleWebKit/537.36 (KHTML, like Gecko) Chrome/110.0.0.0 Safari/537.36" "-"
190.97.234.0 - - [17/Apr/2023:21:31:19 +0200] "GET /wp-content/plugins/elementor/assets/js/video.fab0f05f6306583e8ff8.bundle.min.js HTTP/1.1" 200 3508 millionairesys.com "https://millionairesys.com/" "Mozilla/5.0 (X11; Linux x86_64) AppleWebKit/537.36 (KHTML, like Gecko) Chrome/110.0.0.0 Safari/537.36" "-"
190.97.234.0 - - [17/Apr/2023:21:31:19 +0200] "GET /wp-content/plugins/elementor/assets/js/toggle.8a7e00b5533a9ef1cfb5.bundle.min.js HTTP/1.1" 200 3778 millionairesys.com "https://millionairesys.com/" "Mozilla/5.0 (X11; Linux x86_64) AppleWebKit/537.36 (KHTML, like Gecko) Chrome/110.0.0.0 Safari/537.36" "-"
190.97.234.0 - - [17/Apr/2023:21:31:20 +0200] "GET /wp-content/plugins/elementor/assets/lib/eicons/fonts/eicons.woff2?5.15.0 HTTP/1.1" 200 92444 millionairesys.com "https://millionairesys.com/wp-content/plugins/elementor/assets/lib/eicons/css/elementor-icons.min.css?ver=5.15.0" "Mozilla/5.0 (X11; Linux x86_64) AppleWebKit/537.36 (KHTML, like Gecko) Chrome/110.0.0.0 Safari/537.36" "-"
37.11.108.0 - - [17/Apr/2023:21:31:21 +0200] "GET /millonariomanager/ HTTP/1.1" 302 - millionairesys.com "-" "Mozilla/5.0 (Windows NT 10.0; Win64; x64) AppleWebKit/537.36 (KHTML, like Gecko) Chrome/112.0.0.0 Safari/537.36" "-"
37.11.108.0 - - [17/Apr/2023:21:31:22 +0200] "GET /wp-admin/ HTTP/1.1" 200 266464 millionairesys.com "-" "Mozilla/5.0 (Windows NT 10.0; Win64; x64) AppleWebKit/537.36 (KHTML, like Gecko) Chrome/112.0.0.0 Safari/537.36" "-"
37.11.108.0 - - [17/Apr/2023:21:31:23 +0200] "POST /wp-admin/admin-ajax.php HTTP/1.1" 200 59 millionairesys.com "https://millionairesys.com/wp-admin/" "Mozilla/5.0 (Windows NT 10.0; Win64; x64) AppleWebKit/537.36 (KHTML, like Gecko) Chrome/112.0.0.0 Safari/537.36" "-"
82.165.80.0 - - [17/Apr/2023:21:31:24 +0200] "POST /wp-cron.php?doing_wp_cron=1681759884.5642940998077392578125 HTTP/1.1" 200 - millionairesys.com "https://millionairesys.com/wp-cron.php?doing_wp_cron=1681759884.5642940998077392578125" "WordPress/6.0.1; https://millionairesys.com" "-"
37.11.108.0 - - [17/Apr/2023:21:31:25 +0200] "POST /wp-admin/admin-ajax.php HTTP/1.1" 200 102 millionairesys.com "https://millionairesys.com/wp-admin/" "Mozilla/5.0 (Windows NT 10.0; Win64; x64) AppleWebKit/537.36 (KHTML, like Gecko) Chrome/112.0.0.0 Safari/537.36" "-"
37.11.108.0 - - [17/Apr/2023:21:31:27 +0200] "GET /millonariomanager/?action=switch_off&nr=1&_wpnonce=a3297fe378 HTTP/1.1" 302 - millionairesys.com "https://millionairesys.com/wp-admin/" "Mozilla/5.0 (Windows NT 10.0; Win64; x64) AppleWebKit/537.36 (KHTML, like Gecko) Chrome/112.0.0.0 Safari/537.36" "-"
37.11.108.0 - - [17/Apr/2023:21:31:28 +0200] "POST /wp-admin/admin-ajax.php HTTP/1.1" 200 48 millionairesys.com "https://millionairesys.com/wp-admin/" "Mozilla/5.0 (Windows NT 10.0; Win64; x64) AppleWebKit/537.36 (KHTML, like Gecko) Chrome/112.0.0.0 Safari/537.36" "-"
37.11.108.0 - - [17/Apr/2023:21:31:28 +0200] "GET /?switched_off=true HTTP/1.1" 200 124242 millionairesys.com "https://millionairesys.com/wp-admin/" "Mozilla/5.0 (Windows NT 10.0; Win64; x64) AppleWebKit/537.36 (KHTML, like Gecko) Chrome/112.0.0.0 Safari/537.36" "-"
37.11.108.0 - - [17/Apr/2023:21:31:29 +0200] "GET /millonariomanager/?interim-login=1&wp_lang=es_ES HTTP/1.1" 200 522 millionairesys.com "https://millionairesys.com/wp-admin/" "Mozilla/5.0 (Windows NT 10.0; Win64; x64) AppleWebKit/537.36 (KHTML, like Gecko) Chrome/112.0.0.0 Safari/537.36" "-"
190.97.234.0 - - [17/Apr/2023:21:31:33 +0200] "GET /pagina-inicio-sesion/ HTTP/1.1" 200 75001 millionairesys.com "https://millionairesys.com/" "Mozilla/5.0 (X11; Linux x86_64) AppleWebKit/537.36 (KHTML, like Gecko) Chrome/110.0.0.0 Safari/537.36" "-"
82.165.80.0 - - [17/Apr/2023:21:31:34 +0200] "POST /wp-cron.php?doing_wp_cron=1681759894.4996089935302734375000 HTTP/1.1" 200 - millionairesys.com "https://millionairesys.com/wp-cron.php?doing_wp_cron=1681759894.4996089935302734375000" "WordPress/6.0.1; https://millionairesys.com" "-"
190.97.234.0 - - [17/Apr/2023:21:31:37 +0200] "GET /wp-content/uploads/elementor/css/post-15.css?ver=1659888284 HTTP/1.1" 200 4370 millionairesys.com "https://millionairesys.com/pagina-inicio-sesion/" "Mozilla/5.0 (X11; Linux x86_64) AppleWebKit/537.36 (KHTML, like Gecko) Chrome/110.0.0.0 Safari/537.36" "-"
37.11.108.0 - - [17/Apr/2023:21:31:37 +0200] "GET /millonariomanager/ HTTP/1.1" 200 9203 millionairesys.com "-" "Mozilla/5.0 (Windows NT 10.0; Win64; x64) AppleWebKit/537.36 (KHTML, like Gecko) Chrome/112.0.0.0 Safari/537.36" "-"
37.11.108.0 - - [17/Apr/2023:21:31:38 +0200] "GET /wp-admin/css/forms.min.css?ver=6.0.1 HTTP/1.1" 200 25438 millionairesys.com "https://millionairesys.com/millonariomanager/" "Mozilla/5.0 (Windows NT 10.0; Win64; x64) AppleWebKit/537.36 (KHTML, like Gecko) Chrome/112.0.0.0 Safari/537.36" "-"
37.11.108.0 - - [17/Apr/2023:21:31:38 +0200] "GET /wp-admin/css/l10n.min.css?ver=6.0.1 HTTP/1.1" 200 2477 millionairesys.com "https://millionairesys.com/millonariomanager/" "Mozilla/5.0 (Windows NT 10.0; Win64; x64) AppleWebKit/537.36 (KHTML, like Gecko) Chrome/112.0.0.0 Safari/537.36" "-"
37.11.108.0 - - [17/Apr/2023:21:31:38 +0200] "GET /wp-admin/css/login.min.css?ver=6.0.1 HTTP/1.1" 200 6315 millionairesys.com "https://millionairesys.com/millonariomanager/" "Mozilla/5.0 (Windows NT 10.0; Win64; x64) AppleWebKit/537.36 (KHTML, like Gecko) Chrome/112.0.0.0 Safari/537.36" "-"
37.11.108.0 - - [17/Apr/2023:21:31:38 +0200] "GET /wp-content/plugins/limit-login-attempts-reloaded/assets/css/login-page-styles.css?ver=2.25.3 HTTP/1.1" 200 293 millionairesys.com "https://millionairesys.com/millonariomanager/" "Mozilla/5.0 (Windows NT 10.0; Win64; x64) AppleWebKit/537.36 (KHTML, like Gecko) Chrome/112.0.0.0 Safari/537.36" "-"
37.11.108.0 - - [17/Apr/2023:21:31:38 +0200] "GET /wp-admin/js/user-profile.min.js?ver=6.0.1 HTTP/1.1" 200 6187 millionairesys.com "https://millionairesys.com/millonariomanager/" "Mozilla/5.0 (Windows NT 10.0; Win64; x64) AppleWebKit/537.36 (KHTML, like Gecko) Chrome/112.0.0.0 Safari/537.36" "-"
37.11.108.0 - - [17/Apr/2023:21:31:38 +0200] "GET /wp-admin/images/wordpress-logo.svg?ver=20131107 HTTP/1.1" 200 1521 millionairesys.com "https://millionairesys.com/wp-admin/css/login.min.css?ver=6.0.1" "Mozilla/5.0 (Windows NT 10.0; Win64; x64) AppleWebKit/537.36 (KHTML, like Gecko) Chrome/112.0.0.0 Safari/537.36" "-"
37.11.108.0 - - [17/Apr/2023:21:31:43 +0200] "GET /wp-admin/js/password-strength-meter.min.js?ver=6.0.1 HTTP/1.1" 200 1123 millionairesys.com "-" "Mozilla/5.0 (Windows NT 10.0; Win64; x64) AppleWebKit/537.36 (KHTML, like Gecko) Chrome/112.0.0.0 Safari/537.36" "-"
37.11.108.0 - - [17/Apr/2023:21:31:43 +0200] "GET /wp-includes/js/zxcvbn-async.min.js?ver=1.0 HTTP/1.1" 200 351 millionairesys.com "-" "Mozilla/5.0 (Windows NT 10.0; Win64; x64) AppleWebKit/537.36 (KHTML, like Gecko) Chrome/112.0.0.0 Safari/537.36" "-"
37.11.108.0 - - [17/Apr/2023:21:31:43 +0200] "GET /wp-admin/js/user-profile.min.js?ver=6.0.1 HTTP/1.1" 200 6187 millionairesys.com "-" "Mozilla/5.0 (Windows NT 10.0; Win64; x64) AppleWebKit/537.36 (KHTML, like Gecko) Chrome/112.0.0.0 Safari/537.36" "-"
37.11.108.0 - - [17/Apr/2023:21:31:43 +0200] "GET /wp-includes/js/zxcvbn.min.js HTTP/1.1" 200 822237 millionairesys.com "-" "Mozilla/5.0 (Windows NT 10.0; Win64; x64) AppleWebKit/537.36 (KHTML, like Gecko) Chrome/112.0.0.0 Safari/537.36" "-"
190.97.234.0 - - [17/Apr/2023:21:31:43 +0200] "POST /millonariomanager/ HTTP/1.1" 302 - millionairesys.com "https://millionairesys.com/pagina-inicio-sesion/" "Mozilla/5.0 (X11; Linux x86_64) AppleWebKit/537.36 (KHTML, like Gecko) Chrome/110.0.0.0 Safari/537.36" "-"
83.36.233.0 - - [17/Apr/2023:21:31:44 +0200] "GET /millonariomanager/ HTTP/1.1" 200 8749 millionairesys.com "-" "WhatsApp/2.23.7.78 A" "-"
190.97.234.0 - - [17/Apr/2023:21:31:44 +0200] "GET /pagina-de-bienvenida HTTP/1.1" 301 - millionairesys.com "https://millionairesys.com/pagina-inicio-sesion/" "Mozilla/5.0 (X11; Linux x86_64) AppleWebKit/537.36 (KHTML, like Gecko) Chrome/110.0.0.0 Safari/537.36" "-"
83.36.233.0 - - [17/Apr/2023:21:31:45 +0200] "GET /wp-content/uploads/2022/07/cropped-SISTEMA-180x180.png HTTP/1.1" 200 46327 millionairesys.com "-" "WhatsApp/2.23.7.78 A" "-"
190.97.234.0 - - [17/Apr/2023:21:31:45 +0200] "GET /pagina-de-bienvenida/ HTTP/1.1" 301 - millionairesys.com "https://millionairesys.com/pagina-inicio-sesion/" "Mozilla/5.0 (X11; Linux x86_64) AppleWebKit/537.36 (KHTML, like Gecko) Chrome/110.0.0.0 Safari/537.36" "-"
190.97.234.0 - - [17/Apr/2023:21:31:46 +0200] "GET /pagar-membresias/ HTTP/1.1" 200 96204 millionairesys.com "https://millionairesys.com/pagina-inicio-sesion/" "Mozilla/5.0 (X11; Linux x86_64) AppleWebKit/537.36 (KHTML, like Gecko) Chrome/110.0.0.0 Safari/537.36" "-"
190.97.234.0 - - [17/Apr/2023:21:31:49 +0200] "GET /wp-content/plugins/formidable/css/frm_fonts.css?ver=5.4.3 HTTP/1.1" 200 2470 millionairesys.com "https://millionairesys.com/pagar-membresias/" "Mozilla/5.0 (X11; Linux x86_64) AppleWebKit/537.36 (KHTML, like Gecko) Chrome/110.0.0.0 Safari/537.36" "-"
190.97.234.0 - - [17/Apr/2023:21:31:49 +0200] "GET /wp-includes/css/admin-bar.min.css?ver=6.0.1 HTTP/1.1" 200 20282 millionairesys.com "https://millionairesys.com/pagar-membresias/" "Mozilla/5.0 (X11; Linux x86_64) AppleWebKit/537.36 (KHTML, like Gecko) Chrome/110.0.0.0 Safari/537.36" "-"
190.97.234.0 - - [17/Apr/2023:21:31:49 +0200] "GET /wp-content/plugins/elementor-pro/assets/css/modules/notes/frontend.min.css?ver=3.7.3 HTTP/1.1" 200 1209 millionairesys.com "https://millionairesys.com/pagar-membresias/" "Mozilla/5.0 (X11; Linux x86_64) AppleWebKit/537.36 (KHTML, like Gecko) Chrome/110.0.0.0 Safari/537.36" "-"
190.97.234.0 - - [17/Apr/2023:21:31:49 +0200] "GET /wp-content/plugins/elementor/assets/css/common.min.css?ver=3.6.8 HTTP/1.1" 200 12272 millionairesys.com "https://millionairesys.com/pagar-membresias/" "Mozilla/5.0 (X11; Linux x86_64) AppleWebKit/537.36 (KHTML, like Gecko) Chrome/110.0.0.0 Safari/537.36" "-"
190.97.234.0 - - [17/Apr/2023:21:31:49 +0200] "GET /wp-content/plugins/restrict-content/core/includes/css/forms.min.css?ver=3.5.20 HTTP/1.1" 200 5508 millionairesys.com "https://millionairesys.com/pagar-membresias/" "Mozilla/5.0 (X11; Linux x86_64) AppleWebKit/537.36 (KHTML, like Gecko) Chrome/110.0.0.0 Safari/537.36" "-"
190.97.234.0 - - [17/Apr/2023:21:31:49 +0200] "GET /wp-content/plugins/restrict-content/core/includes/js/es6-promise.auto.min.js?ver=3.5.0 HTTP/1.1" 200 6923 millionairesys.com "https://millionairesys.com/pagar-membresias/" "Mozilla/5.0 (X11; Linux x86_64) AppleWebKit/537.36 (KHTML, like Gecko) Chrome/110.0.0.0 Safari/537.36" "-"
190.97.234.0 - - [17/Apr/2023:21:31:49 +0200] "GET /wp-content/uploads/elementor/css/post-1375.css?ver=1659941462 HTTP/1.1" 200 358 millionairesys.com "https://millionairesys.com/pagar-membresias/" "Mozilla/5.0 (X11; Linux x86_64) AppleWebKit/537.36 (KHTML, like Gecko) Chrome/110.0.0.0 Safari/537.36" "-"
190.97.234.0 - - [17/Apr/2023:21:31:49 +0200] "GET /wp-content/plugins/restrict-content/core/includes/js/register.min.js?ver=3.5.20 HTTP/1.1" 200 10944 millionairesys.com "https://millionairesys.com/pagar-membresias/" "Mozilla/5.0 (X11; Linux x86_64) AppleWebKit/537.36 (KHTML, like Gecko) Chrome/110.0.0.0 Safari/537.36" "-"
190.97.234.0 - - [17/Apr/2023:21:31:49 +0200] "GET /wp-content/plugins/elementor/assets/js/web-cli.min.js?ver=3.6.8 HTTP/1.1" 200 165512 millionairesys.com "https://millionairesys.com/pagar-membresias/" "Mozilla/5.0 (X11; Linux x86_64) AppleWebKit/537.36 (KHTML, like Gecko) Chrome/110.0.0.0 Safari/537.36" "-"
190.97.234.0 - - [17/Apr/2023:21:31:49 +0200] "GET /wp-includes/js/dist/vendor/react.min.js?ver=17.0.1 HTTP/1.1" 200 11324 millionairesys.com "https://millionairesys.com/pagar-membresias/" "Mozilla/5.0 (X11; Linux x86_64) AppleWebKit/537.36 (KHTML, like Gecko) Chrome/110.0.0.0 Safari/537.36" "-"
190.97.234.0 - - [17/Apr/2023:21:31:49 +0200] "GET /wp-includes/js/dist/vendor/react-dom.min.js?ver=17.0.1 HTTP/1.1" 200 118430 millionairesys.com "https://millionairesys.com/pagar-membresias/" "Mozilla/5.0 (X11; Linux x86_64) AppleWebKit/537.36 (KHTML, like Gecko) Chrome/110.0.0.0 Safari/537.36" "-"
190.97.234.0 - - [17/Apr/2023:21:31:49 +0200] "GET /wp-content/plugins/elementor-pro/assets/js/notes/notes.min.js?ver=3.7.3 HTTP/1.1" 200 26621 millionairesys.com "https://millionairesys.com/pagar-membresias/" "Mozilla/5.0 (X11; Linux x86_64) AppleWebKit/537.36 (KHTML, like Gecko) Chrome/110.0.0.0 Safari/537.36" "-"
190.97.234.0 - - [17/Apr/2023:21:31:50 +0200] "GET /wp-content/plugins/elementor-pro/assets/js/notes/notes-app-initiator.min.js?ver=3.7.3 HTTP/1.1" 200 12214 millionairesys.com "https://millionairesys.com/pagar-membresias/" "Mozilla/5.0 (X11; Linux x86_64) AppleWebKit/537.36 (KHTML, like Gecko) Chrome/110.0.0.0 Safari/537.36" "-"
190.97.234.0 - - [17/Apr/2023:21:31:50 +0200] "GET /wp-includes/js/jquery/ui/mouse.min.js?ver=1.13.1 HTTP/1.1" 200 3411 millionairesys.com "https://millionairesys.com/pagar-membresias/" "Mozilla/5.0 (X11; Linux x86_64) AppleWebKit/537.36 (KHTML, like Gecko) Chrome/110.0.0.0 Safari/537.36" "-"
190.97.234.0 - - [17/Apr/2023:21:31:50 +0200] "GET /wp-includes/js/jquery/ui/draggable.min.js?ver=1.13.1 HTTP/1.1" 200 18327 millionairesys.com "https://millionairesys.com/pagar-membresias/" "Mozilla/5.0 (X11; Linux x86_64) AppleWebKit/537.36 (KHTML, like Gecko) Chrome/110.0.0.0 Safari/537.36" "-"
190.97.234.0 - - [17/Apr/2023:21:31:50 +0200] "GET /wp-includes/js/backbone.min.js?ver=1.4.1 HTTP/1.1" 200 23929 millionairesys.com "https://millionairesys.com/pagar-membresias/" "Mozilla/5.0 (X11; Linux x86_64) AppleWebKit/537.36 (KHTML, like Gecko) Chrome/110.0.0.0 Safari/537.36" "-"
190.97.234.0 - - [17/Apr/2023:21:31:51 +0200] "GET /wp-content/plugins/elementor/assets/lib/backbone/backbone.marionette.min.js?ver=2.4.5.e1 HTTP/1.1" 200 45156 millionairesys.com "https://millionairesys.com/pagar-membresias/" "Mozilla/5.0 (X11; Linux x86_64) AppleWebKit/537.36 (KHTML, like Gecko) Chrome/110.0.0.0 Safari/537.36" "-"
190.97.234.0 - - [17/Apr/2023:21:31:52 +0200] "GET /wp-content/plugins/elementor/assets/lib/backbone/backbone.radio.min.js?ver=1.0.4 HTTP/1.1" 200 3753 millionairesys.com "https://millionairesys.com/pagar-membresias/" "Mozilla/5.0 (X11; Linux x86_64) AppleWebKit/537.36 (KHTML, like Gecko) Chrome/110.0.0.0 Safari/537.36" "-"
190.97.234.0 - - [17/Apr/2023:21:31:52 +0200] "GET /wp-content/plugins/elementor/assets/js/common-modules.min.js?ver=3.6.8 HTTP/1.1" 200 105349 millionairesys.com "https://millionairesys.com/pagar-membresias/" "Mozilla/5.0 (X11; Linux x86_64) AppleWebKit/537.36 (KHTML, like Gecko) Chrome/110.0.0.0 Safari/537.36" "-"
190.97.234.0 - - [17/Apr/2023:21:31:53 +0200] "GET /wp-content/plugins/elementor/assets/lib/dialog/dialog.min.js?ver=4.9.0 HTTP/1.1" 200 10682 millionairesys.com "https://millionairesys.com/pagar-membresias/" "Mozilla/5.0 (X11; Linux x86_64) AppleWebKit/537.36 (KHTML, like Gecko) Chrome/110.0.0.0 Safari/537.36" "-"
190.97.234.0 - - [17/Apr/2023:21:31:53 +0200] "GET /wp-includes/js/api-request.min.js?ver=6.0.1 HTTP/1.1" 200 1023 millionairesys.com "https://millionairesys.com/pagar-membresias/" "Mozilla/5.0 (X11; Linux x86_64) AppleWebKit/537.36 (KHTML, like Gecko) Chrome/110.0.0.0 Safari/537.36" "-"
190.97.234.0 - - [17/Apr/2023:21:31:53 +0200] "GET /wp-content/plugins/elementor/assets/js/common.min.js?ver=3.6.8 HTTP/1.1" 200 147834 millionairesys.com "https://millionairesys.com/pagar-membresias/" "Mozilla/5.0 (X11; Linux x86_64) AppleWebKit/537.36 (KHTML, like Gecko) Chrome/110.0.0.0 Safari/537.36" "-"
190.97.234.0 - - [17/Apr/2023:21:31:53 +0200] "GET /wp-content/plugins/elementor/assets/js/app-loader.min.js?ver=3.6.8 HTTP/1.1" 200 92399 millionairesys.com "https://millionairesys.com/pagar-membresias/" "Mozilla/5.0 (X11; Linux x86_64) AppleWebKit/537.36 (KHTML, like Gecko) Chrome/110.0.0.0 Safari/537.36" "-"
190.97.234.0 - - [17/Apr/2023:21:31:53 +0200] "GET /wp-content/plugins/elementor/assets/js/elementor-admin-bar.min.js?ver=3.6.8 HTTP/1.1" 200 6944 millionairesys.com "https://millionairesys.com/pagar-membresias/" "Mozilla/5.0 (X11; Linux x86_64) AppleWebKit/537.36 (KHTML, like Gecko) Chrome/110.0.0.0 Safari/537.36" "-"
190.97.234.0 - - [17/Apr/2023:21:31:53 +0200] "GET /wp-includes/js/hoverintent-js.min.js?ver=2.2.1 HTTP/1.1" 200 1718 millionairesys.com "https://millionairesys.com/pagar-membresias/" "Mozilla/5.0 (X11; Linux x86_64) AppleWebKit/537.36 (KHTML, like Gecko) Chrome/110.0.0.0 Safari/537.36" "-"
190.97.234.0 - - [17/Apr/2023:21:31:53 +0200] "GET /wp-includes/js/admin-bar.min.js?ver=6.0.1 HTTP/1.1" 200 3548 millionairesys.com "https://millionairesys.com/pagar-membresias/" "Mozilla/5.0 (X11; Linux x86_64) AppleWebKit/537.36 (KHTML, like Gecko) Chrome/110.0.0.0 Safari/537.36" "-"
190.97.234.0 - - [17/Apr/2023:21:31:54 +0200] "GET /wp-includes/js/underscore.min.js?ver=1.13.3 HTTP/1.1" 200 18911 millionairesys.com "https://millionairesys.com/pagar-membresias/" "Mozilla/5.0 (X11; Linux x86_64) AppleWebKit/537.36 (KHTML, like Gecko) Chrome/110.0.0.0 Safari/537.36" "-"
37.11.108.0 - - [17/Apr/2023:21:31:58 +0200] "POST /millonariomanager/ HTTP/1.1" 302 - millionairesys.com "https://millionairesys.com/millonariomanager/" "Mozilla/5.0 (Windows NT 10.0; Win64; x64) AppleWebKit/537.36 (KHTML, like Gecko) Chrome/112.0.0.0 Safari/537.36" "-"
190.97.234.0 - - [17/Apr/2023:21:31:58 +0200] "POST /wp-admin/admin-ajax.php HTTP/1.1" 200 2083 millionairesys.com "https://millionairesys.com/pagar-membresias/" "Mozilla/5.0 (X11; Linux x86_64) AppleWebKit/537.36 (KHTML, like Gecko) Chrome/110.0.0.0 Safari/537.36" "-"
37.11.108.0 - - [17/Apr/2023:21:31:59 +0200] "GET /pagina-de-bienvenida HTTP/1.1" 301 - millionairesys.com "https://millionairesys.com/millonariomanager/" "Mozilla/5.0 (Windows NT 10.0; Win64; x64) AppleWebKit/537.36 (KHTML, like Gecko) Chrome/112.0.0.0 Safari/537.36" "-"
190.97.234.0 - - [17/Apr/2023:21:31:59 +0200] "GET /wp-admin/ HTTP/1.1" 200 271640 millionairesys.com "https://millionairesys.com/pagar-membresias/" "Mozilla/5.0 (X11; Linux x86_64) AppleWebKit/537.36 (KHTML, like Gecko) Chrome/110.0.0.0 Safari/537.36" "-"
82.165.80.0 - - [17/Apr/2023:21:31:59 +0200] "POST /wp-admin/admin-ajax.php?action=as_async_request_queue_runner&nonce=743bb71d1b HTTP/1.1" 200 - millionairesys.com "https://millionairesys.com/wp-admin/admin-ajax.php?action=as_async_request_queue_runner&nonce=743bb71d1b" "WordPress/6.0.1; https://millionairesys.com" "-"
37.11.108.0 - - [17/Apr/2023:21:32:00 +0200] "GET /pagina-de-bienvenida/ HTTP/1.1" 200 109545 millionairesys.com "https://millionairesys.com/millonariomanager/" "Mozilla/5.0 (Windows NT 10.0; Win64; x64) AppleWebKit/537.36 (KHTML, like Gecko) Chrome/112.0.0.0 Safari/537.36" "-"
