37.11.108.0 - - [17/Apr/2023:20:01:36 +0200] "POST /wp-admin/admin-ajax.php HTTP/1.1" 200 77 millionairesys.com "https://millionairesys.com/wp-admin/post.php?post=394&action=elementor" "Mozilla/5.0 (Windows NT 10.0; Win64; x64) AppleWebKit/537.36 (KHTML, like Gecko) Chrome/112.0.0.0 Safari/537.36" "-"
82.165.80.0 - - [17/Apr/2023:20:01:37 +0200] "POST /wp-cron.php?doing_wp_cron=1681754497.0217170715332031250000 HTTP/1.1" 200 - millionairesys.com "https://millionairesys.com/wp-cron.php?doing_wp_cron=1681754497.0217170715332031250000" "WordPress/6.0.1; https://millionairesys.com" "-"
37.11.108.0 - - [17/Apr/2023:20:03:37 +0200] "POST /wp-admin/admin-ajax.php HTTP/1.1" 200 77 millionairesys.com "https://millionairesys.com/wp-admin/post.php?post=394&action=elementor" "Mozilla/5.0 (Windows NT 10.0; Win64; x64) AppleWebKit/537.36 (KHTML, like Gecko) Chrome/112.0.0.0 Safari/537.36" "-"
82.165.80.0 - - [17/Apr/2023:20:03:38 +0200] "POST /wp-cron.php?doing_wp_cron=1681754618.0667159557342529296875 HTTP/1.1" 200 - millionairesys.com "https://millionairesys.com/wp-cron.php?doing_wp_cron=1681754618.0667159557342529296875" "WordPress/6.0.1; https://millionairesys.com" "-"
37.11.108.0 - - [17/Apr/2023:20:05:38 +0200] "POST /wp-admin/admin-ajax.php HTTP/1.1" 200 77 millionairesys.com "https://millionairesys.com/wp-admin/post.php?post=394&action=elementor" "Mozilla/5.0 (Windows NT 10.0; Win64; x64) AppleWebKit/537.36 (KHTML, like Gecko) Chrome/112.0.0.0 Safari/537.36" "-"
82.165.80.0 - - [17/Apr/2023:20:05:39 +0200] "POST /wp-cron.php?doing_wp_cron=1681754739.0596981048583984375000 HTTP/1.1" 200 - millionairesys.com "https://millionairesys.com/wp-cron.php?doing_wp_cron=1681754739.0596981048583984375000" "WordPress/6.0.1; https://millionairesys.com" "-"
37.11.108.0 - - [17/Apr/2023:20:06:22 +0200] "POST /wp-admin/admin-ajax.php HTTP/1.1" 200 77 millionairesys.com "https://millionairesys.com/wp-admin/post.php?post=394&action=elementor" "Mozilla/5.0 (Windows NT 10.0; Win64; x64) AppleWebKit/537.36 (KHTML, like Gecko) Chrome/112.0.0.0 Safari/537.36" "-"
37.11.108.0 - - [17/Apr/2023:20:06:24 +0200] "GET /biblioteca-pdf-de-interes/ HTTP/1.1" 200 123833 millionairesys.com "https://millionairesys.com/la-oportunidad-inicio-rapido/?elementor-preview=394&ver=1681753936" "Mozilla/5.0 (Windows NT 10.0; Win64; x64) AppleWebKit/537.36 (KHTML, like Gecko) Chrome/112.0.0.0 Safari/537.36" "-"
37.11.108.0 - - [17/Apr/2023:20:06:24 +0200] "GET /biblioteca-pdf-compania/ HTTP/1.1" 200 137798 millionairesys.com "https://millionairesys.com/la-oportunidad-inicio-rapido/?elementor-preview=394&ver=1681753936" "Mozilla/5.0 (Windows NT 10.0; Win64; x64) AppleWebKit/537.36 (KHTML, like Gecko) Chrome/112.0.0.0 Safari/537.36" "-"
37.11.108.0 - - [17/Apr/2023:20:06:25 +0200] "GET /videos-de-interes/ HTTP/1.1" 200 133502 millionairesys.com "https://millionairesys.com/la-oportunidad-inicio-rapido/?elementor-preview=394&ver=1681753936" "Mozilla/5.0 (Windows NT 10.0; Win64; x64) AppleWebKit/537.36 (KHTML, like Gecko) Chrome/112.0.0.0 Safari/537.36" "-"
37.11.108.0 - - [17/Apr/2023:20:06:25 +0200] "GET /audio-libros/ HTTP/1.1" 200 132829 millionairesys.com "https://millionairesys.com/la-oportunidad-inicio-rapido/?elementor-preview=394&ver=1681753936" "Mozilla/5.0 (Windows NT 10.0; Win64; x64) AppleWebKit/537.36 (KHTML, like Gecko) Chrome/112.0.0.0 Safari/537.36" "-"
37.11.108.0 - - [17/Apr/2023:20:06:26 +0200] "GET /formacion-tecnica-preguntas-frecuentes/ HTTP/1.1" 200 135221 millionairesys.com "https://millionairesys.com/la-oportunidad-inicio-rapido/?elementor-preview=394&ver=1681753936" "Mozilla/5.0 (Windows NT 10.0; Win64; x64) AppleWebKit/537.36 (KHTML, like Gecko) Chrome/112.0.0.0 Safari/537.36" "-"
37.11.108.0 - - [17/Apr/2023:20:06:31 +0200] "GET /wp-admin HTTP/1.1" 301 244 millionairesys.com "-" "Mozilla/5.0 (Windows NT 10.0; Win64; x64) AppleWebKit/537.36 (KHTML, like Gecko) Chrome/112.0.0.0 Safari/537.36" "-"
37.11.108.0 - - [17/Apr/2023:20:06:31 +0200] "GET /wp-admin/ HTTP/1.1" 200 266464 millionairesys.com "-" "Mozilla/5.0 (Windows NT 10.0; Win64; x64) AppleWebKit/537.36 (KHTML, like Gecko) Chrome/112.0.0.0 Safari/537.36" "-"
82.165.80.0 - - [17/Apr/2023:20:06:32 +0200] "POST /wp-cron.php?doing_wp_cron=1681754792.2326900959014892578125 HTTP/1.1" 200 - millionairesys.com "https://millionairesys.com/wp-cron.php?doing_wp_cron=1681754792.2326900959014892578125" "WordPress/6.0.1; https://millionairesys.com" "-"
82.165.80.0 - - [17/Apr/2023:20:06:33 +0200] "POST /wp-cron.php?doing_wp_cron=1681754793.8939869403839111328125 HTTP/1.1" 200 - millionairesys.com "https://millionairesys.com/wp-cron.php?doing_wp_cron=1681754793.8939869403839111328125" "WordPress/6.0.1; https://millionairesys.com" "-"
82.165.80.0 - - [17/Apr/2023:20:06:33 +0200] "GET / HTTP/1.1" 200 123884 millionairesys.com "https://millionairesys.com/" "WordPress/6.0.1; https://millionairesys.com" "-"
37.11.108.0 - - [17/Apr/2023:20:06:35 +0200] "POST /wp-admin/admin-ajax.php HTTP/1.1" 200 59 millionairesys.com "https://millionairesys.com/wp-admin/" "Mozilla/5.0 (Windows NT 10.0; Win64; x64) AppleWebKit/537.36 (KHTML, like Gecko) Chrome/112.0.0.0 Safari/537.36" "-"
37.11.108.0 - - [17/Apr/2023:20:06:36 +0200] "POST /wp-admin/admin-ajax.php HTTP/1.1" 200 102 millionairesys.com "https://millionairesys.com/wp-admin/" "Mozilla/5.0 (Windows NT 10.0; Win64; x64) AppleWebKit/537.36 (KHTML, like Gecko) Chrome/112.0.0.0 Safari/537.36" "-"
37.11.108.0 - - [17/Apr/2023:20:06:38 +0200] "GET /wp-admin/edit.php?post_type=page HTTP/1.1" 200 294945 millionairesys.com "https://millionairesys.com/wp-admin/" "Mozilla/5.0 (Windows NT 10.0; Win64; x64) AppleWebKit/537.36 (KHTML, like Gecko) Chrome/112.0.0.0 Safari/537.36" "-"
37.11.108.0 - - [17/Apr/2023:20:06:48 +0200] "GET /wp-content/uploads/elementor/css/post-509.css?ver=1659974043 HTTP/1.1" 200 11508 millionairesys.com "https://millionairesys.com/biblioteca-pdf-compania/" "Mozilla/5.0 (Windows NT 10.0; Win64; x64) AppleWebKit/537.36 (KHTML, like Gecko) Chrome/112.0.0.0 Safari/537.36" "-"
37.11.108.0 - - [17/Apr/2023:20:06:48 +0200] "GET /wp-content/uploads/2022/06/PDF.png HTTP/1.1" 200 90200 millionairesys.com "https://millionairesys.com/biblioteca-pdf-compania/" "Mozilla/5.0 (Windows NT 10.0; Win64; x64) AppleWebKit/537.36 (KHTML, like Gecko) Chrome/112.0.0.0 Safari/537.36" "-"
82.165.80.0 - - [17/Apr/2023:20:06:52 +0200] "POST /wp-cron.php?doing_wp_cron=1681754812.8594949245452880859375 HTTP/1.1" 200 - millionairesys.com "https://millionairesys.com/wp-cron.php?doing_wp_cron=1681754812.8594949245452880859375" "WordPress/6.0.1; https://millionairesys.com" "-"
37.11.108.0 - - [17/Apr/2023:20:06:52 +0200] "GET /biblioteca-libros/ HTTP/1.1" 200 139713 millionairesys.com "https://millionairesys.com/biblioteca-pdf-compania/" "Mozilla/5.0 (Windows NT 10.0; Win64; x64) AppleWebKit/537.36 (KHTML, like Gecko) Chrome/112.0.0.0 Safari/537.36" "-"
37.11.108.0 - - [17/Apr/2023:20:06:54 +0200] "GET /wp-content/uploads/elementor/css/post-507.css?ver=1675083852 HTTP/1.1" 200 9632 millionairesys.com "https://millionairesys.com/biblioteca-libros/" "Mozilla/5.0 (Windows NT 10.0; Win64; x64) AppleWebKit/537.36 (KHTML, like Gecko) Chrome/112.0.0.0 Safari/537.36" "-"
37.11.108.0 - - [17/Apr/2023:20:06:54 +0200] "GET /wp-content/uploads/2022/06/demo-2.jpg HTTP/1.1" 200 381546 millionairesys.com "https://millionairesys.com/biblioteca-libros/" "Mozilla/5.0 (Windows NT 10.0; Win64; x64) AppleWebKit/537.36 (KHTML, like Gecko) Chrome/112.0.0.0 Safari/537.36" "-"
37.11.108.0 - - [17/Apr/2023:20:06:54 +0200] "GET /wp-content/uploads/2022/06/demo-libro.jpg HTTP/1.1" 200 305524 millionairesys.com "https://millionairesys.com/biblioteca-libros/" "Mozilla/5.0 (Windows NT 10.0; Win64; x64) AppleWebKit/537.36 (KHTML, like Gecko) Chrome/112.0.0.0 Safari/537.36" "-"
37.11.108.0 - - [17/Apr/2023:20:06:54 +0200] "GET /wp-content/uploads/2022/07/1-gopro-819x1024.jpg HTTP/1.1" 200 67329 millionairesys.com "https://millionairesys.com/biblioteca-libros/" "Mozilla/5.0 (Windows NT 10.0; Win64; x64) AppleWebKit/537.36 (KHTML, like Gecko) Chrome/112.0.0.0 Safari/537.36" "-"
37.11.108.0 - - [17/Apr/2023:20:06:54 +0200] "GET /wp-content/uploads/2022/07/padre-rico-819x1024.jpg HTTP/1.1" 200 53525 millionairesys.com "https://millionairesys.com/biblioteca-libros/" "Mozilla/5.0 (Windows NT 10.0; Win64; x64) AppleWebKit/537.36 (KHTML, like Gecko) Chrome/112.0.0.0 Safari/537.36" "-"
37.11.108.0 - - [17/Apr/2023:20:06:54 +0200] "GET /wp-content/uploads/2022/07/lider-maxel-819x1024.jpg HTTP/1.1" 200 47802 millionairesys.com "https://millionairesys.com/biblioteca-libros/" "Mozilla/5.0 (Windows NT 10.0; Win64; x64) AppleWebKit/537.36 (KHTML, like Gecko) Chrome/112.0.0.0 Safari/537.36" "-"
37.11.108.0 - - [17/Apr/2023:20:06:54 +0200] "GET /wp-content/uploads/2022/06/demo4.jpg HTTP/1.1" 200 371040 millionairesys.com "https://millionairesys.com/biblioteca-libros/" "Mozilla/5.0 (Windows NT 10.0; Win64; x64) AppleWebKit/537.36 (KHTML, like Gecko) Chrome/112.0.0.0 Safari/537.36" "-"
37.11.108.0 - - [17/Apr/2023:20:06:54 +0200] "GET /wp-content/uploads/2022/08/el-arte-libro.jpg HTTP/1.1" 200 64532 millionairesys.com "https://millionairesys.com/biblioteca-libros/" "Mozilla/5.0 (Windows NT 10.0; Win64; x64) AppleWebKit/537.36 (KHTML, like Gecko) Chrome/112.0.0.0 Safari/537.36" "-"
37.11.108.0 - - [17/Apr/2023:20:06:54 +0200] "GET /wp-content/uploads/2022/08/la-ciencia.jpg HTTP/1.1" 200 65409 millionairesys.com "https://millionairesys.com/biblioteca-libros/" "Mozilla/5.0 (Windows NT 10.0; Win64; x64) AppleWebKit/537.36 (KHTML, like Gecko) Chrome/112.0.0.0 Safari/537.36" "-"
37.11.108.0 - - [17/Apr/2023:20:06:54 +0200] "GET /wp-content/plugins/elementor/assets/lib/font-awesome/webfonts/fa-regular-400.woff2 HTTP/1.1" 200 13276 millionairesys.com "https://millionairesys.com/wp-content/plugins/elementor/assets/lib/font-awesome/css/regular.min.css?ver=5.15.3" "Mozilla/5.0 (Windows NT 10.0; Win64; x64) AppleWebKit/537.36 (KHTML, like Gecko) Chrome/112.0.0.0 Safari/537.36" "-"
37.11.108.0 - - [17/Apr/2023:20:06:54 +0200] "GET /wp-content/uploads/2022/08/la-magia-libro.jpg HTTP/1.1" 200 82397 millionairesys.com "https://millionairesys.com/biblioteca-libros/" "Mozilla/5.0 (Windows NT 10.0; Win64; x64) AppleWebKit/537.36 (KHTML, like Gecko) Chrome/112.0.0.0 Safari/537.36" "-"
37.11.108.0 - - [17/Apr/2023:20:06:54 +0200] "GET /wp-content/uploads/2022/08/leyes-liderasgo.jpg HTTP/1.1" 200 62976 millionairesys.com "https://millionairesys.com/biblioteca-libros/" "Mozilla/5.0 (Windows NT 10.0; Win64; x64) AppleWebKit/537.36 (KHTML, like Gecko) Chrome/112.0.0.0 Safari/537.36" "-"
37.11.108.0 - - [17/Apr/2023:20:07:37 +0200] "GET /la-oportunidad-inicio-rapido/ HTTP/1.1" 200 126512 millionairesys.com "https://millionairesys.com/biblioteca-libros/" "Mozilla/5.0 (Windows NT 10.0; Win64; x64) AppleWebKit/537.36 (KHTML, like Gecko) Chrome/112.0.0.0 Safari/537.36" "-"
82.165.80.0 - - [17/Apr/2023:20:07:38 +0200] "POST /wp-cron.php?doing_wp_cron=1681754858.6040399074554443359375 HTTP/1.1" 200 - millionairesys.com "https://millionairesys.com/wp-cron.php?doing_wp_cron=1681754858.6040399074554443359375" "WordPress/6.0.1; https://millionairesys.com" "-"
82.165.80.0 - - [17/Apr/2023:20:13:35 +0200] "POST /wp-cron.php?doing_wp_cron=1681755215.8170599937438964843750 HTTP/1.1" 200 - millionairesys.com "https://millionairesys.com/wp-cron.php?doing_wp_cron=1681755215.8170599937438964843750" "WordPress/6.0.1; https://millionairesys.com" "-"
37.11.108.0 - - [17/Apr/2023:20:13:35 +0200] "GET /pagar-membresias/modifica-tu-perfil/ HTTP/1.1" 200 126893 millionairesys.com "https://millionairesys.com/la-oportunidad-inicio-rapido/" "Mozilla/5.0 (Windows NT 10.0; Win64; x64) AppleWebKit/537.36 (KHTML, like Gecko) Chrome/112.0.0.0 Safari/537.36" "-"
37.11.108.0 - - [17/Apr/2023:20:13:37 +0200] "GET /wp-content/uploads/elementor/css/post-1378.css?ver=1659890882 HTTP/1.1" 200 10422 millionairesys.com "https://millionairesys.com/pagar-membresias/modifica-tu-perfil/" "Mozilla/5.0 (Windows NT 10.0; Win64; x64) AppleWebKit/537.36 (KHTML, like Gecko) Chrome/112.0.0.0 Safari/537.36" "-"
37.11.108.0 - - [17/Apr/2023:20:13:37 +0200] "GET /wp-content/plugins/restrict-content/core/includes/css/forms.min.css?ver=3.5.20 HTTP/1.1" 200 5508 millionairesys.com "https://millionairesys.com/pagar-membresias/modifica-tu-perfil/" "Mozilla/5.0 (Windows NT 10.0; Win64; x64) AppleWebKit/537.36 (KHTML, like Gecko) Chrome/112.0.0.0 Safari/537.36" "-"
37.11.108.0 - - [17/Apr/2023:20:13:49 +0200] "GET /marketing-landing-page/ HTTP/1.1" 200 143568 millionairesys.com "https://millionairesys.com/la-oportunidad-inicio-rapido/" "Mozilla/5.0 (Windows NT 10.0; Win64; x64) AppleWebKit/537.36 (KHTML, like Gecko) Chrome/112.0.0.0 Safari/537.36" "-"
37.11.108.0 - - [17/Apr/2023:20:13:51 +0200] "GET /wp-content/uploads/elementor/css/post-471.css?ver=1668112242 HTTP/1.1" 200 14293 millionairesys.com "https://millionairesys.com/marketing-landing-page/" "Mozilla/5.0 (Windows NT 10.0; Win64; x64) AppleWebKit/537.36 (KHTML, like Gecko) Chrome/112.0.0.0 Safari/537.36" "-"
37.11.108.0 - - [17/Apr/2023:20:13:51 +0200] "GET /wp-content/plugins/formidable-pro/js/frm.min.js?ver=5.3.2 HTTP/1.1" 200 295233 millionairesys.com "https://millionairesys.com/marketing-landing-page/" "Mozilla/5.0 (Windows NT 10.0; Win64; x64) AppleWebKit/537.36 (KHTML, like Gecko) Chrome/112.0.0.0 Safari/537.36" "-"
143.244.177.0 - - [17/Apr/2023:20:13:55 +0200] "GET / HTTP/1.1" 301 - millionairesys.com "-" "Mozilla/5.0 (X11; Linux x86_64) AppleWebKit/537.36 (KHTML, like Gecko) Chrome/108.0.0.0 Safari/537.36" "-"
37.11.108.0 - - [17/Apr/2023:20:13:56 +0200] "GET /wp-content/plugins/formidable-pro/js/frm.min.js?ver=5.3.2 HTTP/1.1" 200 295233 millionairesys.com "-" "Mozilla/5.0 (Windows NT 10.0; Win64; x64) AppleWebKit/537.36 (KHTML, like Gecko) Chrome/112.0.0.0 Safari/537.36" "-"
143.244.177.0 - - [17/Apr/2023:20:13:57 +0200] "GET / HTTP/1.1" 200 123884 millionairesys.com "-" "Mozilla/5.0 (X11; Linux x86_64) AppleWebKit/537.36 (KHTML, like Gecko) Chrome/108.0.0.0 Safari/537.36" "-"
37.11.108.0 - - [17/Apr/2023:20:40:48 +0200] "GET /wp-admin/ HTTP/1.1" 200 266532 millionairesys.com "https://millionairesys.com/marketing-landing-page/" "Mozilla/5.0 (Windows NT 10.0; Win64; x64) AppleWebKit/537.36 (KHTML, like Gecko) Chrome/112.0.0.0 Safari/537.36" "-"
82.165.80.0 - - [17/Apr/2023:20:40:49 +0200] "POST /wp-cron.php?doing_wp_cron=1681756849.5350561141967773437500 HTTP/1.1" 200 - millionairesys.com "https://millionairesys.com/wp-cron.php?doing_wp_cron=1681756849.5350561141967773437500" "WordPress/6.0.1; https://millionairesys.com" "-"
82.165.80.0 - - [17/Apr/2023:20:40:50 +0200] "GET / HTTP/1.1" 200 123884 millionairesys.com "https://millionairesys.com/" "WordPress/6.0.1; https://millionairesys.com" "-"
82.165.80.0 - - [17/Apr/2023:20:40:51 +0200] "POST /wp-cron.php?doing_wp_cron=1681756851.3666479587554931640625 HTTP/1.1" 200 - millionairesys.com "https://millionairesys.com/wp-cron.php?doing_wp_cron=1681756851.3666479587554931640625" "WordPress/6.0.1; https://millionairesys.com" "-"
82.165.80.0 - - [17/Apr/2023:20:40:52 +0200] "POST /wp-admin/admin-ajax.php?action=as_async_request_queue_runner&nonce=7f98e7e0e2 HTTP/1.1" 200 - millionairesys.com "https://millionairesys.com/wp-admin/admin-ajax.php?action=as_async_request_queue_runner&nonce=7f98e7e0e2" "WordPress/6.0.1; https://millionairesys.com" "-"
37.11.108.0 - - [17/Apr/2023:20:40:54 +0200] "POST /wp-admin/admin-ajax.php HTTP/1.1" 200 59 millionairesys.com "https://millionairesys.com/wp-admin/" "Mozilla/5.0 (Windows NT 10.0; Win64; x64) AppleWebKit/537.36 (KHTML, like Gecko) Chrome/112.0.0.0 Safari/537.36" "-"
37.11.108.0 - - [17/Apr/2023:20:40:55 +0200] "POST /wp-admin/admin-ajax.php HTTP/1.1" 200 102 millionairesys.com "https://millionairesys.com/wp-admin/" "Mozilla/5.0 (Windows NT 10.0; Win64; x64) AppleWebKit/537.36 (KHTML, like Gecko) Chrome/112.0.0.0 Safari/537.36" "-"
37.11.108.0 - - [17/Apr/2023:20:40:55 +0200] "GET /wp-admin/edit.php?post_type=page HTTP/1.1" 200 294945 millionairesys.com "https://millionairesys.com/wp-admin/" "Mozilla/5.0 (Windows NT 10.0; Win64; x64) AppleWebKit/537.36 (KHTML, like Gecko) Chrome/112.0.0.0 Safari/537.36" "-"
37.11.108.0 - - [17/Apr/2023:20:41:02 +0200] "GET /wp-admin/edit.php?post_type=page&paged=2 HTTP/1.1" 200 292940 millionairesys.com "https://millionairesys.com/wp-admin/edit.php?post_type=page" "Mozilla/5.0 (Windows NT 10.0; Win64; x64) AppleWebKit/537.36 (KHTML, like Gecko) Chrome/112.0.0.0 Safari/537.36" "-"
82.165.80.0 - - [17/Apr/2023:20:41:03 +0200] "POST /wp-cron.php?doing_wp_cron=1681756863.3301229476928710937500 HTTP/1.1" 200 - millionairesys.com "https://millionairesys.com/wp-cron.php?doing_wp_cron=1681756863.3301229476928710937500" "WordPress/6.0.1; https://millionairesys.com" "-"
37.11.108.0 - - [17/Apr/2023:20:41:15 +0200] "GET /pagina-inicio-sesion/ HTTP/1.1" 200 101554 millionairesys.com "https://millionairesys.com/wp-admin/edit.php?post_type=page&paged=2" "Mozilla/5.0 (Windows NT 10.0; Win64; x64) AppleWebKit/537.36 (KHTML, like Gecko) Chrome/112.0.0.0 Safari/537.36" "-"
37.11.108.0 - - [17/Apr/2023:20:41:16 +0200] "GET /wp-content/uploads/elementor/css/post-15.css?ver=1659888284 HTTP/1.1" 200 4370 millionairesys.com "https://millionairesys.com/pagina-inicio-sesion/" "Mozilla/5.0 (Windows NT 10.0; Win64; x64) AppleWebKit/537.36 (KHTML, like Gecko) Chrome/112.0.0.0 Safari/537.36" "-"
37.11.108.0 - - [17/Apr/2023:20:41:28 +0200] "GET /wp-admin/post.php?post=15&action=elementor HTTP/1.1" 200 1408837 millionairesys.com "https://millionairesys.com/pagina-inicio-sesion/" "Mozilla/5.0 (Windows NT 10.0; Win64; x64) AppleWebKit/537.36 (KHTML, like Gecko) Chrome/112.0.0.0 Safari/537.36" "-"
37.11.108.0 - - [17/Apr/2023:20:41:29 +0200] "GET /wp-json/elementor/v1/global-widget/templates HTTP/1.1" 200 2 millionairesys.com "https://millionairesys.com/wp-admin/post.php?post=15&action=elementor" "Mozilla/5.0 (Windows NT 10.0; Win64; x64) AppleWebKit/537.36 (KHTML, like Gecko) Chrome/112.0.0.0 Safari/537.36" "-"
37.11.108.0 - - [17/Apr/2023:20:41:29 +0200] "GET /pagina-inicio-sesion/?elementor-preview=15&ver=1681756889 HTTP/1.1" 200 135226 millionairesys.com "https://millionairesys.com/wp-admin/post.php?post=15&action=elementor" "Mozilla/5.0 (Windows NT 10.0; Win64; x64) AppleWebKit/537.36 (KHTML, like Gecko) Chrome/112.0.0.0 Safari/537.36" "-"
37.11.108.0 - - [17/Apr/2023:20:41:30 +0200] "POST /wp-admin/admin-ajax.php HTTP/1.1" 200 77 millionairesys.com "https://millionairesys.com/wp-admin/post.php?post=15&action=elementor" "Mozilla/5.0 (Windows NT 10.0; Win64; x64) AppleWebKit/537.36 (KHTML, like Gecko) Chrome/112.0.0.0 Safari/537.36" "-"
82.165.80.0 - - [17/Apr/2023:20:41:31 +0200] "POST /wp-cron.php?doing_wp_cron=1681756891.2457089424133300781250 HTTP/1.1" 200 - millionairesys.com "https://millionairesys.com/wp-cron.php?doing_wp_cron=1681756891.2457089424133300781250" "WordPress/6.0.1; https://millionairesys.com" "-"
37.11.108.0 - - [17/Apr/2023:20:41:31 +0200] "GET /wp-json/elementor/v1/globals HTTP/1.1" 200 1149 millionairesys.com "https://millionairesys.com/wp-admin/post.php?post=15&action=elementor" "Mozilla/5.0 (Windows NT 10.0; Win64; x64) AppleWebKit/537.36 (KHTML, like Gecko) Chrome/112.0.0.0 Safari/537.36" "-"
37.46.133.0 - - [17/Apr/2023:20:41:33 +0200] "GET /wp-login.php HTTP/1.1" 404 59911 millionairesys.com "-" "Mozilla/5.0 (Windows NT 6.1; rv:60.0) Gecko/20100101 Firefox/60.0" "-"
37.11.108.0 - - [17/Apr/2023:20:41:45 +0200] "POST /wp-admin/admin-ajax.php HTTP/1.1" 200 77 millionairesys.com "https://millionairesys.com/wp-admin/post.php?post=15&action=elementor" "Mozilla/5.0 (Windows NT 10.0; Win64; x64) AppleWebKit/537.36 (KHTML, like Gecko) Chrome/112.0.0.0 Safari/537.36" "-"
2a03:4000:: - - [17/Apr/2023:20:41:55 +0200] "POST /xmlrpc.php HTTP/1.1" 200 416 millionairesys.com "-" "Mozilla/5.0 (Windows NT 6.1; WOW64; rv:43.0) Gecko/20100101 Firefox/43.0" "-"
37.11.108.0 - - [17/Apr/2023:20:41:57 +0200] "POST /wp-admin/admin-ajax.php HTTP/1.1" 200 387 millionairesys.com "https://millionairesys.com/wp-admin/post.php?post=15&action=elementor" "Mozilla/5.0 (Windows NT 10.0; Win64; x64) AppleWebKit/537.36 (KHTML, like Gecko) Chrome/112.0.0.0 Safari/537.36" "-"
54.36.174.0 - - [17/Apr/2023:20:41:58 +0200] "POST /xmlrpc.php HTTP/1.1" 200 416 millionairesys.com "-" "Mozilla/5.0 (Windows NT 10.0; Win64; x64) AppleWebKit/537.36 (KHTML, like Gecko) Chrome/79.0.3945.88 Safari/537.36" "-"
37.11.108.0 - - [17/Apr/2023:20:41:58 +0200] "GET /wp-json/elementor/v1/template-library/templates?source=local HTTP/1.1" 200 25897 millionairesys.com "https://millionairesys.com/wp-admin/post.php?post=15&action=elementor" "Mozilla/5.0 (Windows NT 10.0; Win64; x64) AppleWebKit/537.36 (KHTML, like Gecko) Chrome/112.0.0.0 Safari/537.36" "-"
37.11.108.0 - - [17/Apr/2023:20:42:00 +0200] "POST /wp-admin/admin-ajax.php HTTP/1.1" 200 77 millionairesys.com "https://millionairesys.com/wp-admin/post.php?post=15&action=elementor" "Mozilla/5.0 (Windows NT 10.0; Win64; x64) AppleWebKit/537.36 (KHTML, like Gecko) Chrome/112.0.0.0 Safari/537.36" "-"
37.11.108.0 - - [17/Apr/2023:20:42:03 +0200] "GET /wp-admin/admin-ajax.php?action=elementor_library_direct_actions&library_action=export_template&source=local&_nonce=0cc7bf2afc&template_id=3518 HTTP/1.1" 200 4901 millionairesys.com "https://millionairesys.com/wp-admin/post.php?post=15&action=elementor" "Mozilla/5.0 (Windows NT 10.0; Win64; x64) AppleWebKit/537.36 (KHTML, like Gecko) Chrome/112.0.0.0 Safari/537.36" "-"
160.153.153.0 - - [17/Apr/2023:20:42:05 +0200] "POST /xmlrpc.php HTTP/1.1" 200 416 millionairesys.com "-" "Mozilla/5.0 (Windows NT 10.0; Win64; x64; rv:84.0) Gecko/20100101 Firefox/84.0" "-"
184.154.83.0 - - [17/Apr/2023:20:42:10 +0200] "POST /xmlrpc.php HTTP/1.1" 200 416 millionairesys.com "-" "Mozilla/5.0 (iPod; CPU iPhone OS 14_6 like Mac OS X) AppleWebKit/605.1.15 (KHTML, like Gecko) CriOS/91.0.4472.80 Mobile/15E148 Safari/604.1" "-"
108.170.55.0 - - [17/Apr/2023:20:42:14 +0200] "POST /xmlrpc.php HTTP/1.1" 200 416 millionairesys.com "-" "Mozilla/5.0 (Windows NT 10.0; WOW64) AppleWebKit/537.36 (KHTML, like Gecko) Chrome/91.0.4472.114 Safari/537.36" "-"
37.11.108.0 - - [17/Apr/2023:20:42:15 +0200] "POST /wp-admin/admin-ajax.php HTTP/1.1" 200 77 millionairesys.com "https://millionairesys.com/wp-admin/post.php?post=15&action=elementor" "Mozilla/5.0 (Windows NT 10.0; Win64; x64) AppleWebKit/537.36 (KHTML, like Gecko) Chrome/112.0.0.0 Safari/537.36" "-"
190.104.235.0 - - [17/Apr/2023:20:42:19 +0200] "POST /xmlrpc.php HTTP/1.1" 200 416 millionairesys.com "-" "Mozilla/5.0 (Windows NT 10.0; Win64; x64) AppleWebKit/537.36 (KHTML, like Gecko) Chrome/70.0.3538.102 Safari/537.36" "-"
37.11.108.0 - - [17/Apr/2023:20:44:16 +0200] "POST /wp-admin/admin-ajax.php HTTP/1.1" 200 77 millionairesys.com "https://millionairesys.com/wp-admin/post.php?post=15&action=elementor" "Mozilla/5.0 (Windows NT 10.0; Win64; x64) AppleWebKit/537.36 (KHTML, like Gecko) Chrome/112.0.0.0 Safari/537.36" "-"
82.165.80.0 - - [17/Apr/2023:20:44:17 +0200] "POST /wp-cron.php?doing_wp_cron=1681757057.0299201011657714843750 HTTP/1.1" 200 - millionairesys.com "https://millionairesys.com/wp-cron.php?doing_wp_cron=1681757057.0299201011657714843750" "WordPress/6.0.1; https://millionairesys.com" "-"
37.11.108.0 - - [17/Apr/2023:20:46:17 +0200] "POST /wp-admin/admin-ajax.php HTTP/1.1" 200 77 millionairesys.com "https://millionairesys.com/wp-admin/post.php?post=15&action=elementor" "Mozilla/5.0 (Windows NT 10.0; Win64; x64) AppleWebKit/537.36 (KHTML, like Gecko) Chrome/112.0.0.0 Safari/537.36" "-"
82.165.80.0 - - [17/Apr/2023:20:46:18 +0200] "POST /wp-cron.php?doing_wp_cron=1681757178.0718450546264648437500 HTTP/1.1" 200 - millionairesys.com "https://millionairesys.com/wp-cron.php?doing_wp_cron=1681757178.0718450546264648437500" "WordPress/6.0.1; https://millionairesys.com" "-"
37.11.108.0 - - [17/Apr/2023:20:48:18 +0200] "POST /wp-admin/admin-ajax.php HTTP/1.1" 200 77 millionairesys.com "https://millionairesys.com/wp-admin/post.php?post=15&action=elementor" "Mozilla/5.0 (Windows NT 10.0; Win64; x64) AppleWebKit/537.36 (KHTML, like Gecko) Chrome/112.0.0.0 Safari/537.36" "-"
82.165.80.0 - - [17/Apr/2023:20:48:19 +0200] "POST /wp-cron.php?doing_wp_cron=1681757299.0233869552612304687500 HTTP/1.1" 200 - millionairesys.com "https://millionairesys.com/wp-cron.php?doing_wp_cron=1681757299.0233869552612304687500" "WordPress/6.0.1; https://millionairesys.com" "-"
37.11.108.0 - - [17/Apr/2023:20:48:34 +0200] "POST /wp-admin/admin-ajax.php HTTP/1.1" 200 77 millionairesys.com "https://millionairesys.com/wp-admin/post.php?post=15&action=elementor" "Mozilla/5.0 (Windows NT 10.0; Win64; x64) AppleWebKit/537.36 (KHTML, like Gecko) Chrome/112.0.0.0 Safari/537.36" "-"
82.165.80.0 - - [17/Apr/2023:20:48:35 +0200] "POST /wp-cron.php?doing_wp_cron=1681757315.0433390140533447265625 HTTP/1.1" 200 - millionairesys.com "https://millionairesys.com/wp-cron.php?doing_wp_cron=1681757315.0433390140533447265625" "WordPress/6.0.1; https://millionairesys.com" "-"
37.11.108.0 - - [17/Apr/2023:20:50:35 +0200] "POST /wp-admin/admin-ajax.php HTTP/1.1" 200 77 millionairesys.com "https://millionairesys.com/wp-admin/post.php?post=15&action=elementor" "Mozilla/5.0 (Windows NT 10.0; Win64; x64) AppleWebKit/537.36 (KHTML, like Gecko) Chrome/112.0.0.0 Safari/537.36" "-"
82.165.80.0 - - [17/Apr/2023:20:50:36 +0200] "POST /wp-cron.php?doing_wp_cron=1681757436.0289559364318847656250 HTTP/1.1" 200 - millionairesys.com "https://millionairesys.com/wp-cron.php?doing_wp_cron=1681757436.0289559364318847656250" "WordPress/6.0.1; https://millionairesys.com" "-"
37.11.108.0 - - [17/Apr/2023:20:52:19 +0200] "POST /wp-admin/admin-ajax.php HTTP/1.1" 200 77 millionairesys.com "https://millionairesys.com/wp-admin/post.php?post=15&action=elementor" "Mozilla/5.0 (Windows NT 10.0; Win64; x64) AppleWebKit/537.36 (KHTML, like Gecko) Chrome/112.0.0.0 Safari/537.36" "-"
82.165.80.0 - - [17/Apr/2023:20:52:20 +0200] "POST /wp-cron.php?doing_wp_cron=1681757540.5500369071960449218750 HTTP/1.1" 200 - millionairesys.com "https://millionairesys.com/wp-cron.php?doing_wp_cron=1681757540.5500369071960449218750" "WordPress/6.0.1; https://millionairesys.com" "-"
37.11.108.0 - - [17/Apr/2023:20:52:27 +0200] "GET /pagina-de-recuperar-contrasena/ HTTP/1.1" 200 94509 millionairesys.com "https://millionairesys.com/pagina-inicio-sesion/?elementor-preview=15&ver=1681756889" "Mozilla/5.0 (Windows NT 10.0; Win64; x64) AppleWebKit/537.36 (KHTML, like Gecko) Chrome/112.0.0.0 Safari/537.36" "-"
37.11.108.0 - - [17/Apr/2023:20:52:34 +0200] "POST /wp-admin/admin-ajax.php HTTP/1.1" 200 77 millionairesys.com "https://millionairesys.com/wp-admin/post.php?post=15&action=elementor" "Mozilla/5.0 (Windows NT 10.0; Win64; x64) AppleWebKit/537.36 (KHTML, like Gecko) Chrome/112.0.0.0 Safari/537.36" "-"
82.165.80.0 - - [17/Apr/2023:20:52:35 +0200] "POST /wp-cron.php?doing_wp_cron=1681757555.5144839286804199218750 HTTP/1.1" 200 - millionairesys.com "https://millionairesys.com/wp-cron.php?doing_wp_cron=1681757555.5144839286804199218750" "WordPress/6.0.1; https://millionairesys.com" "-"
37.11.108.0 - - [17/Apr/2023:20:52:49 +0200] "POST /wp-admin/admin-ajax.php HTTP/1.1" 200 77 millionairesys.com "https://millionairesys.com/wp-admin/post.php?post=15&action=elementor" "Mozilla/5.0 (Windows NT 10.0; Win64; x64) AppleWebKit/537.36 (KHTML, like Gecko) Chrome/112.0.0.0 Safari/537.36" "-"
37.11.108.0 - - [17/Apr/2023:20:52:53 +0200] "GET / HTTP/1.1" 200 151934 millionairesys.com "-" "Mozilla/5.0 (Windows NT 10.0; Win64; x64) AppleWebKit/537.36 (KHTML, like Gecko) Chrome/112.0.0.0 Safari/537.36" "-"
37.11.108.0 - - [17/Apr/2023:20:52:54 +0200] "GET /wp-content/plugins/elementor/assets/css/widget-icon-box.min.css HTTP/1.1" 200 12992 millionairesys.com "https://millionairesys.com/" "Mozilla/5.0 (Windows NT 10.0; Win64; x64) AppleWebKit/537.36 (KHTML, like Gecko) Chrome/112.0.0.0 Safari/537.36" "-"
37.11.108.0 - - [17/Apr/2023:20:52:54 +0200] "GET /wp-content/uploads/elementor/css/post-803.css?ver=1668710420 HTTP/1.1" 200 42626 millionairesys.com "https://millionairesys.com/" "Mozilla/5.0 (Windows NT 10.0; Win64; x64) AppleWebKit/537.36 (KHTML, like Gecko) Chrome/112.0.0.0 Safari/537.36" "-"
37.11.108.0 - - [17/Apr/2023:20:52:54 +0200] "GET /wp-content/uploads/2022/07/SISTEMA.png HTTP/1.1" 200 403518 millionairesys.com "https://millionairesys.com/" "Mozilla/5.0 (Windows NT 10.0; Win64; x64) AppleWebKit/537.36 (KHTML, like Gecko) Chrome/112.0.0.0 Safari/537.36" "-"
37.11.108.0 - - [17/Apr/2023:20:52:59 +0200] "GET /wp-content/uploads/2022/07/vista-interna-1024x553.png HTTP/1.1" 200 457620 millionairesys.com "https://millionairesys.com/" "Mozilla/5.0 (Windows NT 10.0; Win64; x64) AppleWebKit/537.36 (KHTML, like Gecko) Chrome/112.0.0.0 Safari/537.36" "-"
37.11.108.0 - - [17/Apr/2023:20:53:00 +0200] "GET /wp-content/uploads/2022/07/vista-intenta-2-1024x553.png HTTP/1.1" 200 342593 millionairesys.com "https://millionairesys.com/" "Mozilla/5.0 (Windows NT 10.0; Win64; x64) AppleWebKit/537.36 (KHTML, like Gecko) Chrome/112.0.0.0 Safari/537.36" "-"
37.11.108.0 - - [17/Apr/2023:20:53:01 +0200] "GET /wp-content/uploads/2022/07/landings_laptop_pagebuilder-1a.png HTTP/1.1" 200 150940 millionairesys.com "https://millionairesys.com/" "Mozilla/5.0 (Windows NT 10.0; Win64; x64) AppleWebKit/537.36 (KHTML, like Gecko) Chrome/112.0.0.0 Safari/537.36" "-"
37.11.108.0 - - [17/Apr/2023:20:53:02 +0200] "GET /wp-content/uploads/2022/10/IMG_8624-1-1024x570.jpg HTTP/1.1" 200 86570 millionairesys.com "https://millionairesys.com/" "Mozilla/5.0 (Windows NT 10.0; Win64; x64) AppleWebKit/537.36 (KHTML, like Gecko) Chrome/112.0.0.0 Safari/537.36" "-"
37.11.108.0 - - [17/Apr/2023:20:53:03 +0200] "GET /wp-content/uploads/2022/10/IMG_C02F6D3ED1A7-1-1-1024x683.jpeg HTTP/1.1" 200 127811 millionairesys.com "https://millionairesys.com/" "Mozilla/5.0 (Windows NT 10.0; Win64; x64) AppleWebKit/537.36 (KHTML, like Gecko) Chrome/112.0.0.0 Safari/537.36" "-"
82.165.80.0 - - [17/Apr/2023:20:56:17 +0200] "POST /wp-cron.php?doing_wp_cron=1681757777.8645350933074951171875 HTTP/1.1" 200 - millionairesys.com "https://millionairesys.com/wp-cron.php?doing_wp_cron=1681757777.8645350933074951171875" "WordPress/6.0.1; https://millionairesys.com" "-"
199.241.137.0 - - [17/Apr/2023:20:56:17 +0200] "POST /xmlrpc.php HTTP/1.1" 200 416 millionairesys.com "-" "Mozilla/5.0 (Windows NT 6.1; Win64; x64) AppleWebKit/537.36 (KHTML, like Gecko) Chrome/79.0.3945.88 Safari/537.36" "-"
81.88.52.0 - - [17/Apr/2023:20:56:32 +0200] "POST /xmlrpc.php HTTP/1.1" 200 416 millionairesys.com "-" "Mozilla/5.0 (Windows NT 10.0; Win64; x64) AppleWebKit/537.36 (KHTML, like Gecko) Chrome/60.0.3112.113 Safari/537.36" "-"
82.165.80.0 - - [17/Apr/2023:20:56:32 +0200] "POST /wp-cron.php?doing_wp_cron=1681757792.8236079216003417968750 HTTP/1.1" 200 - millionairesys.com "https://millionairesys.com/wp-cron.php?doing_wp_cron=1681757792.8236079216003417968750" "WordPress/6.0.1; https://millionairesys.com" "-"
82.165.80.0 - - [17/Apr/2023:20:56:32 +0200] "POST /xmlrpc.php HTTP/1.1" 200 416 millionairesys.com "-" "Mozilla/5.0 (Windows NT 6.1; WOW64; rv:50.0) Gecko/20100101 Firefox/50.0" "-"
37.11.108.0 - - [17/Apr/2023:21:00:12 +0200] "GET /wp-admin/ HTTP/1.1" 200 266484 millionairesys.com "https://millionairesys.com/" "Mozilla/5.0 (Windows NT 10.0; Win64; x64) AppleWebKit/537.36 (KHTML, like Gecko) Chrome/112.0.0.0 Safari/537.36" "-"
82.165.80.0 - - [17/Apr/2023:21:00:13 +0200] "POST /wp-cron.php?doing_wp_cron=1681758013.1734759807586669921875 HTTP/1.1" 200 - millionairesys.com "https://millionairesys.com/wp-cron.php?doing_wp_cron=1681758013.1734759807586669921875" "WordPress/6.0.1; https://millionairesys.com" "-"
82.165.80.0 - - [17/Apr/2023:21:00:14 +0200] "POST /wp-cron.php?doing_wp_cron=1681758014.8695321083068847656250 HTTP/1.1" 200 - millionairesys.com "https://millionairesys.com/wp-cron.php?doing_wp_cron=1681758014.8695321083068847656250" "WordPress/6.0.1; https://millionairesys.com" "-"
82.165.80.0 - - [17/Apr/2023:21:00:14 +0200] "GET / HTTP/1.1" 200 123884 millionairesys.com "https://millionairesys.com/" "WordPress/6.0.1; https://millionairesys.com" "-"
37.11.108.0 - - [17/Apr/2023:21:00:16 +0200] "POST /wp-admin/admin-ajax.php HTTP/1.1" 200 59 millionairesys.com "https://millionairesys.com/wp-admin/" "Mozilla/5.0 (Windows NT 10.0; Win64; x64) AppleWebKit/537.36 (KHTML, like Gecko) Chrome/112.0.0.0 Safari/537.36" "-"
37.11.108.0 - - [17/Apr/2023:21:00:17 +0200] "POST /wp-admin/admin-ajax.php HTTP/1.1" 200 102 millionairesys.com "https://millionairesys.com/wp-admin/" "Mozilla/5.0 (Windows NT 10.0; Win64; x64) AppleWebKit/537.36 (KHTML, like Gecko) Chrome/112.0.0.0 Safari/537.36" "-"
37.11.108.0 - - [17/Apr/2023:21:00:18 +0200] "GET /wp-admin/edit.php?post_type=page HTTP/1.1" 200 294945 millionairesys.com "https://millionairesys.com/wp-admin/" "Mozilla/5.0 (Windows NT 10.0; Win64; x64) AppleWebKit/537.36 (KHTML, like Gecko) Chrome/112.0.0.0 Safari/537.36" "-"
82.165.80.0 - - [17/Apr/2023:21:00:24 +0200] "POST /wp-cron.php?doing_wp_cron=1681758024.8190729618072509765625 HTTP/1.1" 200 - millionairesys.com "https://millionairesys.com/wp-cron.php?doing_wp_cron=1681758024.8190729618072509765625" "WordPress/6.0.1; https://millionairesys.com" "-"
37.11.108.0 - - [17/Apr/2023:21:00:24 +0200] "GET /biblioteca-libros/ HTTP/1.1" 200 139721 millionairesys.com "https://millionairesys.com/wp-admin/edit.php?post_type=page" "Mozilla/5.0 (Windows NT 10.0; Win64; x64) AppleWebKit/537.36 (KHTML, like Gecko) Chrome/112.0.0.0 Safari/537.36" "-"
37.11.108.0 - - [17/Apr/2023:21:00:33 +0200] "GET /pagar-membresias/modifica-tu-perfil/ HTTP/1.1" 200 126882 millionairesys.com "https://millionairesys.com/biblioteca-libros/" "Mozilla/5.0 (Windows NT 10.0; Win64; x64) AppleWebKit/537.36 (KHTML, like Gecko) Chrome/112.0.0.0 Safari/537.36" "-"
82.165.80.0 - - [17/Apr/2023:21:00:34 +0200] "POST /wp-cron.php?doing_wp_cron=1681758034.2778520584106445312500 HTTP/1.1" 200 - millionairesys.com "https://millionairesys.com/wp-cron.php?doing_wp_cron=1681758034.2778520584106445312500" "WordPress/6.0.1; https://millionairesys.com" "-"
37.11.108.0 - - [17/Apr/2023:21:01:29 +0200] "GET /millonariomanager/?action=logout&redirect_to=https%3A%2F%2Fmillionairesys.com&_wpnonce=6dc6041f32 HTTP/1.1" 302 - millionairesys.com "https://millionairesys.com/pagar-membresias/modifica-tu-perfil/" "Mozilla/5.0 (Windows NT 10.0; Win64; x64) AppleWebKit/537.36 (KHTML, like Gecko) Chrome/112.0.0.0 Safari/537.36" "-"
37.11.108.0 - - [17/Apr/2023:21:01:30 +0200] "GET / HTTP/1.1" 200 123884 millionairesys.com "https://millionairesys.com/pagar-membresias/modifica-tu-perfil/" "Mozilla/5.0 (Windows NT 10.0; Win64; x64) AppleWebKit/537.36 (KHTML, like Gecko) Chrome/112.0.0.0 Safari/537.36" "-"
82.165.80.0 - - [17/Apr/2023:21:01:31 +0200] "POST /wp-cron.php?doing_wp_cron=1681758091.3875660896301269531250 HTTP/1.1" 200 - millionairesys.com "https://millionairesys.com/wp-cron.php?doing_wp_cron=1681758091.3875660896301269531250" "WordPress/6.0.1; https://millionairesys.com" "-"
37.11.108.0 - - [17/Apr/2023:21:01:35 +0200] "GET /pagina-inicio-sesion/ HTTP/1.1" 200 75001 millionairesys.com "https://millionairesys.com/" "Mozilla/5.0 (Windows NT 10.0; Win64; x64) AppleWebKit/537.36 (KHTML, like Gecko) Chrome/112.0.0.0 Safari/537.36" "-"
37.11.108.0 - - [17/Apr/2023:21:01:38 +0200] "POST /millonariomanager/ HTTP/1.1" 302 - millionairesys.com "https://millionairesys.com/pagina-inicio-sesion/" "Mozilla/5.0 (Windows NT 10.0; Win64; x64) AppleWebKit/537.36 (KHTML, like Gecko) Chrome/112.0.0.0 Safari/537.36" "-"
37.11.108.0 - - [17/Apr/2023:21:01:39 +0200] "GET /pagina-de-bienvenida HTTP/1.1" 301 - millionairesys.com "https://millionairesys.com/pagina-inicio-sesion/" "Mozilla/5.0 (Windows NT 10.0; Win64; x64) AppleWebKit/537.36 (KHTML, like Gecko) Chrome/112.0.0.0 Safari/537.36" "-"
37.11.108.0 - - [17/Apr/2023:21:01:40 +0200] "GET /pagina-de-bienvenida/ HTTP/1.1" 200 109548 millionairesys.com "https://millionairesys.com/pagina-inicio-sesion/" "Mozilla/5.0 (Windows NT 10.0; Win64; x64) AppleWebKit/537.36 (KHTML, like Gecko) Chrome/112.0.0.0 Safari/537.36" "-"
37.11.108.0 - - [17/Apr/2023:21:01:41 +0200] "GET /wp-content/uploads/elementor/css/post-205.css?ver=1660652077 HTTP/1.1" 200 2148 millionairesys.com "https://millionairesys.com/pagina-de-bienvenida/" "Mozilla/5.0 (Windows NT 10.0; Win64; x64) AppleWebKit/537.36 (KHTML, like Gecko) Chrome/112.0.0.0 Safari/537.36" "-"
82.165.80.0 - - [17/Apr/2023:21:06:11 +0200] "POST /wp-cron.php?doing_wp_cron=1681758371.7314360141754150390625 HTTP/1.1" 200 - millionairesys.com "https://millionairesys.com/wp-cron.php?doing_wp_cron=1681758371.7314360141754150390625" "WordPress/6.0.1; https://millionairesys.com" "-"
37.11.108.0 - - [17/Apr/2023:21:06:11 +0200] "GET /desarrollo-del-negocio/ HTTP/1.1" 200 120935 millionairesys.com "https://millionairesys.com/pagina-de-bienvenida/" "Mozilla/5.0 (Windows NT 10.0; Win64; x64) AppleWebKit/537.36 (KHTML, like Gecko) Chrome/112.0.0.0 Safari/537.36" "-"
37.11.108.0 - - [17/Apr/2023:21:06:13 +0200] "GET /wp-content/uploads/elementor/css/post-190.css?ver=1659953132 HTTP/1.1" 200 9273 millionairesys.com "https://millionairesys.com/desarrollo-del-negocio/" "Mozilla/5.0 (Windows NT 10.0; Win64; x64) AppleWebKit/537.36 (KHTML, like Gecko) Chrome/112.0.0.0 Safari/537.36" "-"
37.11.108.0 - - [17/Apr/2023:21:06:20 +0200] "GET /audio-libros/ HTTP/1.1" 200 132786 millionairesys.com "https://millionairesys.com/desarrollo-del-negocio/" "Mozilla/5.0 (Windows NT 10.0; Win64; x64) AppleWebKit/537.36 (KHTML, like Gecko) Chrome/112.0.0.0 Safari/537.36" "-"
37.11.108.0 - - [17/Apr/2023:21:06:21 +0200] "GET /wp-content/uploads/elementor/css/post-2186.css?ver=1660145755 HTTP/1.1" 200 9240 millionairesys.com "https://millionairesys.com/audio-libros/" "Mozilla/5.0 (Windows NT 10.0; Win64; x64) AppleWebKit/537.36 (KHTML, like Gecko) Chrome/112.0.0.0 Safari/537.36" "-"
37.11.108.0 - - [17/Apr/2023:21:06:27 +0200] "GET /wp-content/uploads/2022/07/cropped-SISTEMA-192x192.png HTTP/1.1" 200 51055 millionairesys.com "https://millionairesys.com/audio-libros/" "Mozilla/5.0 (Windows NT 10.0; Win64; x64) AppleWebKit/537.36 (KHTML, like Gecko) Chrome/112.0.0.0 Safari/537.36" "-"
82.165.80.0 - - [17/Apr/2023:21:06:55 +0200] "POST /wp-cron.php?doing_wp_cron=1681758415.9678549766540527343750 HTTP/1.1" 200 - millionairesys.com "https://millionairesys.com/wp-cron.php?doing_wp_cron=1681758415.9678549766540527343750" "WordPress/6.0.1; https://millionairesys.com" "-"
37.11.108.0 - - [17/Apr/2023:21:06:55 +0200] "GET /videos-de-interes/ HTTP/1.1" 200 133449 millionairesys.com "https://millionairesys.com/audio-libros/" "Mozilla/5.0 (Windows NT 10.0; Win64; x64) AppleWebKit/537.36 (KHTML, like Gecko) Chrome/112.0.0.0 Safari/537.36" "-"
37.11.108.0 - - [17/Apr/2023:21:06:57 +0200] "GET /wp-content/uploads/elementor/css/post-2345.css?ver=1673440619 HTTP/1.1" 200 9032 millionairesys.com "https://millionairesys.com/videos-de-interes/" "Mozilla/5.0 (Windows NT 10.0; Win64; x64) AppleWebKit/537.36 (KHTML, like Gecko) Chrome/112.0.0.0 Safari/537.36" "-"
219.94.129.0 - - [17/Apr/2023:21:08:16 +0200] "POST /xmlrpc.php HTTP/1.1" 200 416 millionairesys.com "-" "Mozilla/5.0 (Windows NT 6.1; Win64; x64; rv:25.0) Gecko/20100101 Firefox/29.0" "-"
82.165.80.0 - - [17/Apr/2023:21:08:17 +0200] "POST /wp-cron.php?doing_wp_cron=1681758497.1713631153106689453125 HTTP/1.1" 200 - millionairesys.com "https://millionairesys.com/wp-cron.php?doing_wp_cron=1681758497.1713631153106689453125" "WordPress/6.0.1; https://millionairesys.com" "-"
91.231.140.0 - - [17/Apr/2023:21:08:24 +0200] "POST /xmlrpc.php HTTP/1.1" 200 416 millionairesys.com "-" "Mozilla/5.0 (Windows NT 10.0; WOW64; rv:50.0) Gecko/20100101 Firefox/50.0" "-"
82.223.115.0 - - [17/Apr/2023:21:08:25 +0200] "POST /xmlrpc.php HTTP/1.1" 200 416 millionairesys.com "-" "Mozilla/5.0 (Windows NT 10.0; Win64; x64) AppleWebKit/537.36 (KHTML, like Gecko) Chrome/84.0.4147.105 Safari/537.36" "-"
103.101.161.0 - - [17/Apr/2023:21:08:25 +0200] "POST /xmlrpc.php HTTP/1.1" 200 452 millionairesys.com "-" "Mozilla/5.0 (Windows NT 6.1; WOW64; rv:44.0) Gecko/20100101 Firefox/44.0" "-"
154.53.38.0 - - [17/Apr/2023:21:08:28 +0200] "POST /xmlrpc.php HTTP/1.1" 200 416 millionairesys.com "-" "Mozilla/5.0 (iPod; CPU iPhone OS 14_6 like Mac OS X) AppleWebKit/605.1.15 (KHTML, like Gecko) CriOS/91.0.4472.80 Mobile/15E148 Safari/604.1" "-"
103.101.161.0 - - [17/Apr/2023:21:08:30 +0200] "POST /xmlrpc.php HTTP/1.1" 200 452 millionairesys.com "-" "Mozilla/5.0 (Windows NT 10.0; Win64; x64) AppleWebKit/537.36 (KHTML, like Gecko) Chrome/69.0.3497.100 Safari/537.36" "-"
2a09:8b00:200:: - - [17/Apr/2023:21:08:30 +0200] "POST /xmlrpc.php HTTP/1.1" 200 416 millionairesys.com "-" "Mozilla/5.0 (Linux; Android 10; LM-Q710(FGN)) AppleWebKit/537.36 (KHTML, like Gecko) Chrome/91.0.4472.114 Mobile Safari/537.36" "-"
82.165.80.0 - - [17/Apr/2023:21:08:31 +0200] "POST /wp-cron.php?doing_wp_cron=1681758511.0516009330749511718750 HTTP/1.1" 200 - millionairesys.com "https://millionairesys.com/wp-cron.php?doing_wp_cron=1681758511.0516009330749511718750" "WordPress/6.0.1; https://millionairesys.com" "-"
68.178.235.0 - - [17/Apr/2023:21:08:46 +0200] "POST /xmlrpc.php HTTP/1.1" 200 416 millionairesys.com "-" "Mozilla/5.0 (Windows NT 6.1; Win64; x64) AppleWebKit/537.36 (KHTML, like Gecko) Chrome/79.0.3945.88 Safari/537.36" "-"
101.0.73.0 - - [17/Apr/2023:21:08:51 +0200] "POST /xmlrpc.php HTTP/1.1" 200 454 millionairesys.com "-" "Mozilla/5.0 (iPad; CPU OS 14_6 like Mac OS X) AppleWebKit/605.1.15 (KHTML, like Gecko) CriOS/91.0.4472.80 Mobile/15E148 Safari/604.1" "-"
37.11.108.0 - - [17/Apr/2023:21:27:53 +0200] "GET /wp-admin/ HTTP/1.1" 200 266522 millionairesys.com "https://millionairesys.com/videos-de-interes/" "Mozilla/5.0 (Windows NT 10.0; Win64; x64) AppleWebKit/537.36 (KHTML, like Gecko) Chrome/112.0.0.0 Safari/537.36" "-"
82.165.80.0 - - [17/Apr/2023:21:27:55 +0200] "POST /wp-cron.php?doing_wp_cron=1681759675.0013649463653564453125 HTTP/1.1" 200 - millionairesys.com "https://millionairesys.com/wp-cron.php?doing_wp_cron=1681759675.0013649463653564453125" "WordPress/6.0.1; https://millionairesys.com" "-"
82.165.80.0 - - [17/Apr/2023:21:27:56 +0200] "GET / HTTP/1.1" 200 123884 millionairesys.com "https://millionairesys.com/" "WordPress/6.0.1; https://millionairesys.com" "-"
82.165.80.0 - - [17/Apr/2023:21:27:57 +0200] "POST /wp-cron.php?doing_wp_cron=1681759677.2268629074096679687500 HTTP/1.1" 200 - millionairesys.com "https://millionairesys.com/wp-cron.php?doing_wp_cron=1681759677.2268629074096679687500" "WordPress/6.0.1; https://millionairesys.com" "-"
82.165.80.0 - - [17/Apr/2023:21:27:58 +0200] "POST /wp-admin/admin-ajax.php?action=as_async_request_queue_runner&nonce=5bac3f919d HTTP/1.1" 200 - millionairesys.com "https://millionairesys.com/wp-admin/admin-ajax.php?action=as_async_request_queue_runner&nonce=5bac3f919d" "WordPress/6.0.1; https://millionairesys.com" "-"
37.11.108.0 - - [17/Apr/2023:21:28:00 +0200] "POST /wp-admin/admin-ajax.php HTTP/1.1" 200 59 millionairesys.com "https://millionairesys.com/wp-admin/" "Mozilla/5.0 (Windows NT 10.0; Win64; x64) AppleWebKit/537.36 (KHTML, like Gecko) Chrome/112.0.0.0 Safari/537.36" "-"
37.11.108.0 - - [17/Apr/2023:21:28:01 +0200] "POST /wp-admin/admin-ajax.php HTTP/1.1" 200 102 millionairesys.com "https://millionairesys.com/wp-admin/" "Mozilla/5.0 (Windows NT 10.0; Win64; x64) AppleWebKit/537.36 (KHTML, like Gecko) Chrome/112.0.0.0 Safari/537.36" "-"
37.11.108.0 - - [17/Apr/2023:21:28:04 +0200] "GET /wp-content/plugins/limit-login-attempts-reloaded/assets/js/chartjs-gauge.js?ver=6.0.1 HTTP/1.1" 200 11318 millionairesys.com "-" "Mozilla/5.0 (Windows NT 10.0; Win64; x64) AppleWebKit/537.36 (KHTML, like Gecko) Chrome/112.0.0.0 Safari/537.36" "-"
37.11.108.0 - - [17/Apr/2023:21:28:04 +0200] "GET /wp-content/plugins/woocommerce/assets/js/admin/reports.min.js?ver=6.7.0 HTTP/1.1" 200 3248 millionairesys.com "-" "Mozilla/5.0 (Windows NT 10.0; Win64; x64) AppleWebKit/537.36 (KHTML, like Gecko) Chrome/112.0.0.0 Safari/537.36" "-"
37.11.108.0 - - [17/Apr/2023:21:28:04 +0200] "GET /wp-content/plugins/limit-login-attempts-reloaded/assets/js/Chart.bundle.min.js?ver=6.0.1 HTTP/1.1" 200 226496 millionairesys.com "-" "Mozilla/5.0 (Windows NT 10.0; Win64; x64) AppleWebKit/537.36 (KHTML, like Gecko) Chrome/112.0.0.0 Safari/537.36" "-"
37.11.108.0 - - [17/Apr/2023:21:28:04 +0200] "GET /wp-includes/js/wp-ajax-response.min.js?ver=6.0.1 HTTP/1.1" 200 2306 millionairesys.com "-" "Mozilla/5.0 (Windows NT 10.0; Win64; x64) AppleWebKit/537.36 (KHTML, like Gecko) Chrome/112.0.0.0 Safari/537.36" "-"
37.11.108.0 - - [17/Apr/2023:21:28:04 +0200] "GET /wp-admin/js/site-health.min.js?ver=6.0.1 HTTP/1.1" 200 6142 millionairesys.com "-" "Mozilla/5.0 (Windows NT 10.0; Win64; x64) AppleWebKit/537.36 (KHTML, like Gecko) Chrome/112.0.0.0 Safari/537.36" "-"
37.11.108.0 - - [17/Apr/2023:21:28:04 +0200] "GET /wp-admin/js/edit-comments.min.js?ver=6.0.1 HTTP/1.1" 200 15317 millionairesys.com "-" "Mozilla/5.0 (Windows NT 10.0; Win64; x64) AppleWebKit/537.36 (KHTML, like Gecko) Chrome/112.0.0.0 Safari/537.36" "-"
37.11.108.0 - - [17/Apr/2023:21:28:04 +0200] "GET /wp-includes/js/wp-lists.min.js?ver=6.0.1 HTTP/1.1" 200 7446 millionairesys.com "-" "Mozilla/5.0 (Windows NT 10.0; Win64; x64) AppleWebKit/537.36 (KHTML, like Gecko) Chrome/112.0.0.0 Safari/537.36" "-"
37.11.108.0 - - [17/Apr/2023:21:28:04 +0200] "GET /wp-admin/js/postbox.min.js?ver=6.0.1 HTTP/1.1" 200 6713 millionairesys.com "-" "Mozilla/5.0 (Windows NT 10.0; Win64; x64) AppleWebKit/537.36 (KHTML, like Gecko) Chrome/112.0.0.0 Safari/537.36" "-"
37.11.108.0 - - [17/Apr/2023:21:28:04 +0200] "GET /wp-admin/js/dashboard.min.js?ver=6.0.1 HTTP/1.1" 200 8797 millionairesys.com "-" "Mozilla/5.0 (Windows NT 10.0; Win64; x64) AppleWebKit/537.36 (KHTML, like Gecko) Chrome/112.0.0.0 Safari/537.36" "-"
37.11.108.0 - - [17/Apr/2023:21:28:04 +0200] "GET /wp-admin/js/plugin-install.min.js?ver=6.0.1 HTTP/1.1" 200 2403 millionairesys.com "-" "Mozilla/5.0 (Windows NT 10.0; Win64; x64) AppleWebKit/537.36 (KHTML, like Gecko) Chrome/112.0.0.0 Safari/537.36" "-"
37.11.108.0 - - [17/Apr/2023:21:28:04 +0200] "GET /wp-includes/js/wp-sanitize.min.js?ver=6.0.1 HTTP/1.1" 200 458 millionairesys.com "-" "Mozilla/5.0 (Windows NT 10.0; Win64; x64) AppleWebKit/537.36 (KHTML, like Gecko) Chrome/112.0.0.0 Safari/537.36" "-"
37.11.108.0 - - [17/Apr/2023:21:28:04 +0200] "GET /wp-admin/js/updates.min.js?ver=6.0.1 HTTP/1.1" 200 41355 millionairesys.com "-" "Mozilla/5.0 (Windows NT 10.0; Win64; x64) AppleWebKit/537.36 (KHTML, like Gecko) Chrome/112.0.0.0 Safari/537.36" "-"
37.11.108.0 - - [17/Apr/2023:21:28:04 +0200] "GET /wp-content/plugins/wp-smushit/core/external/free-dashboard/assets/admin.js?ver=1.3.0 HTTP/1.1" 200 3847 millionairesys.com "-" "Mozilla/5.0 (Windows NT 10.0; Win64; x64) AppleWebKit/537.36 (KHTML, like Gecko) Chrome/112.0.0.0 Safari/537.36" "-"
37.11.108.0 - - [17/Apr/2023:21:28:04 +0200] "GET /wp-content/plugins/user-registration/assets/js/admin/dashboard-widget.min.js?ver=2.2.1 HTTP/1.1" 200 1282 millionairesys.com "-" "Mozilla/5.0 (Windows NT 10.0; Win64; x64) AppleWebKit/537.36 (KHTML, like Gecko) Chrome/112.0.0.0 Safari/537.36" "-"
37.11.108.0 - - [17/Apr/2023:21:28:05 +0200] "POST /wp-admin/admin-ajax.php HTTP/1.1" 200 152 millionairesys.com "https://millionairesys.com/wp-admin/" "Mozilla/5.0 (Windows NT 10.0; Win64; x64) AppleWebKit/537.36 (KHTML, like Gecko) Chrome/112.0.0.0 Safari/537.36" "-"
37.11.108.0 - - [17/Apr/2023:21:28:29 +0200] "GET /wp-admin/users.php HTTP/1.1" 200 259010 millionairesys.com "https://millionairesys.com/wp-admin/" "Mozilla/5.0 (Windows NT 10.0; Win64; x64) AppleWebKit/537.36 (KHTML, like Gecko) Chrome/112.0.0.0 Safari/537.36" "-"
37.11.108.0 - - [17/Apr/2023:21:28:31 +0200] "GET /wp-admin/load-scripts.php?c=1&load%5Bchunk_0%5D=jquery-core,jquery-migrate,regenerator-runtime,wp-polyfill,wp-hooks,utils,heartbeat&ver=6.0.1 HTTP/1.1" 200 139079 millionairesys.com "https://millionairesys.com/wp-admin/users.php" "Mozilla/5.0 (Windows NT 10.0; Win64; x64) AppleWebKit/537.36 (KHTML, like Gecko) Chrome/112.0.0.0 Safari/537.36" "-"
37.11.108.0 - - [17/Apr/2023:21:28:36 +0200] "POST /wp-admin/admin-ajax.php HTTP/1.1" 200 152 millionairesys.com "https://millionairesys.com/wp-admin/users.php" "Mozilla/5.0 (Windows NT 10.0; Win64; x64) AppleWebKit/537.36 (KHTML, like Gecko) Chrome/112.0.0.0 Safari/537.36" "-"
82.165.80.0 - - [17/Apr/2023:21:28:37 +0200] "POST /wp-cron.php?doing_wp_cron=1681759717.5360589027404785156250 HTTP/1.1" 200 - millionairesys.com "https://millionairesys.com/wp-cron.php?doing_wp_cron=1681759717.5360589027404785156250" "WordPress/6.0.1; https://millionairesys.com" "-"
37.11.108.0 - - [17/Apr/2023:21:29:37 +0200] "POST /wp-admin/admin-ajax.php HTTP/1.1" 200 152 millionairesys.com "https://millionairesys.com/wp-admin/users.php" "Mozilla/5.0 (Windows NT 10.0; Win64; x64) AppleWebKit/537.36 (KHTML, like Gecko) Chrome/112.0.0.0 Safari/537.36" "-"
82.165.80.0 - - [17/Apr/2023:21:29:38 +0200] "POST /wp-cron.php?doing_wp_cron=1681759778.0243740081787109375000 HTTP/1.1" 200 - millionairesys.com "https://millionairesys.com/wp-cron.php?doing_wp_cron=1681759778.0243740081787109375000" "WordPress/6.0.1; https://millionairesys.com" "-"
37.11.108.0 - - [17/Apr/2023:21:30:25 +0200] "GET /wp-admin/edit.php?post_type=page HTTP/1.1" 200 294963 millionairesys.com "https://millionairesys.com/wp-admin/users.php" "Mozilla/5.0 (Windows NT 10.0; Win64; x64) AppleWebKit/537.36 (KHTML, like Gecko) Chrome/112.0.0.0 Safari/537.36" "-"
